Component: Arm Compiler for Embedded 6.22 Tool: armlink [5ee90200]

==============================================================================

Section Cross References

    startup_stm32f405xx.o(STACK) refers (Special) to heapauxi.o(.text) for __use_two_region_memory
    startup_stm32f405xx.o(HEAP) refers (Special) to heapauxi.o(.text) for __use_two_region_memory
    startup_stm32f405xx.o(RESET) refers (Special) to heapauxi.o(.text) for __use_two_region_memory
    startup_stm32f405xx.o(RESET) refers to startup_stm32f405xx.o(STACK) for __initial_sp
    startup_stm32f405xx.o(RESET) refers to startup_stm32f405xx.o(.text) for Reset_Handler
    startup_stm32f405xx.o(RESET) refers to stm32f4xx_it.o(.text.NMI_Handler) for NMI_Handler
    startup_stm32f405xx.o(RESET) refers to stm32f4xx_it.o(.text.HardFault_Handler) for HardFault_Handler
    startup_stm32f405xx.o(RESET) refers to stm32f4xx_it.o(.text.MemManage_Handler) for MemManage_Handler
    startup_stm32f405xx.o(RESET) refers to stm32f4xx_it.o(.text.BusFault_Handler) for BusFault_Handler
    startup_stm32f405xx.o(RESET) refers to stm32f4xx_it.o(.text.UsageFault_Handler) for UsageFault_Handler
    startup_stm32f405xx.o(RESET) refers to port.o(.text.SVC_Handler) for SVC_Handler
    startup_stm32f405xx.o(RESET) refers to stm32f4xx_it.o(.text.DebugMon_Handler) for DebugMon_Handler
    startup_stm32f405xx.o(RESET) refers to port.o(.text.PendSV_Handler) for PendSV_Handler
    startup_stm32f405xx.o(RESET) refers to cmsis_os2.o(.text.SysTick_Handler) for SysTick_Handler
    startup_stm32f405xx.o(RESET) refers to stm32f4xx_it.o(.text.EXTI0_IRQHandler) for EXTI0_IRQHandler
    startup_stm32f405xx.o(RESET) refers to stm32f4xx_it.o(.text.DMA1_Stream1_IRQHandler) for DMA1_Stream1_IRQHandler
    startup_stm32f405xx.o(RESET) refers to stm32f4xx_it.o(.text.DMA1_Stream2_IRQHandler) for DMA1_Stream2_IRQHandler
    startup_stm32f405xx.o(RESET) refers to stm32f4xx_it.o(.text.DMA1_Stream3_IRQHandler) for DMA1_Stream3_IRQHandler
    startup_stm32f405xx.o(RESET) refers to stm32f4xx_it.o(.text.DMA1_Stream5_IRQHandler) for DMA1_Stream5_IRQHandler
    startup_stm32f405xx.o(RESET) refers to stm32f4xx_it.o(.text.DMA1_Stream6_IRQHandler) for DMA1_Stream6_IRQHandler
    startup_stm32f405xx.o(RESET) refers to stm32f4xx_it.o(.text.USART2_IRQHandler) for USART2_IRQHandler
    startup_stm32f405xx.o(RESET) refers to stm32f4xx_it.o(.text.USART3_IRQHandler) for USART3_IRQHandler
    startup_stm32f405xx.o(RESET) refers to stm32f4xx_it.o(.text.TIM8_UP_TIM13_IRQHandler) for TIM8_UP_TIM13_IRQHandler
    startup_stm32f405xx.o(RESET) refers to stm32f4xx_it.o(.text.DMA2_Stream0_IRQHandler) for DMA2_Stream0_IRQHandler
    startup_stm32f405xx.o(.text) refers (Special) to heapauxi.o(.text) for __use_two_region_memory
    startup_stm32f405xx.o(.text) refers to system_stm32f4xx.o(.text.SystemInit) for SystemInit
    startup_stm32f405xx.o(.text) refers to __main.o(!!!main) for __main
    startup_stm32f405xx.o(.text) refers to startup_stm32f405xx.o(HEAP) for Heap_Mem
    startup_stm32f405xx.o(.text) refers to startup_stm32f405xx.o(STACK) for Stack_Mem
    main.o(.text.main) refers to stm32f4xx_hal.o(.text.HAL_Init) for HAL_Init
    main.o(.text.main) refers to main.o(.text.SystemClock_Config) for SystemClock_Config
    main.o(.text.main) refers to gpio.o(.text.MX_GPIO_Init) for MX_GPIO_Init
    main.o(.text.main) refers to dma.o(.text.MX_DMA_Init) for MX_DMA_Init
    main.o(.text.main) refers to adc.o(.text.MX_ADC1_Init) for MX_ADC1_Init
    main.o(.text.main) refers to usart.o(.text.MX_USART2_UART_Init) for MX_USART2_UART_Init
    main.o(.text.main) refers to usart.o(.text.MX_USART3_UART_Init) for MX_USART3_UART_Init
    main.o(.text.main) refers to spi.o(.text.MX_SPI1_Init) for MX_SPI1_Init
    main.o(.text.main) refers to tim.o(.text.MX_TIM3_Init) for MX_TIM3_Init
    main.o(.text.main) refers to spi.o(.text.MX_SPI2_Init) for MX_SPI2_Init
    main.o(.text.main) refers to app_init.o(.text.Handle_Start) for Handle_Start
    main.o(.text.main) refers to cmsis_os2.o(.text.osKernelInitialize) for osKernelInitialize
    main.o(.text.main) refers to freertos.o(.text.MX_FREERTOS_Init) for MX_FREERTOS_Init
    main.o(.text.main) refers to cmsis_os2.o(.text.osKernelStart) for osKernelStart
    main.o(.ARM.exidx.text.main) refers to main.o(.text.main) for [Anonymous Symbol]
    main.o(.text.SystemClock_Config) refers to rt_memclr_w.o(.text) for __aeabi_memclr4
    main.o(.text.SystemClock_Config) refers to stm32f4xx_hal_rcc.o(.text.HAL_RCC_OscConfig) for HAL_RCC_OscConfig
    main.o(.text.SystemClock_Config) refers to stm32f4xx_hal_rcc.o(.text.HAL_RCC_ClockConfig) for HAL_RCC_ClockConfig
    main.o(.ARM.exidx.text.SystemClock_Config) refers to main.o(.text.SystemClock_Config) for [Anonymous Symbol]
    main.o(.ARM.exidx.text.Error_Handler) refers to main.o(.text.Error_Handler) for [Anonymous Symbol]
    main.o(.text.HAL_TIM_PeriodElapsedCallback) refers to stm32f4xx_hal.o(.text.HAL_IncTick) for HAL_IncTick
[...]
    LoRaOn                                   0x20000014   Data           1  myradio.o(.data.LoRaOn)
    MaxPayloadLength                         0x20000015   Data           1  radio.o(.data.MaxPayloadLength)
    Rval                                     0x20000016   Data          12  input.o(.data.Rval)
    SystemCoreClock                          0x20000024   Data           4  system_stm32f4xx.o(.data.SystemCoreClock)
    msgbackIndex                             0x2000002e   Data           1  touchscreen.o(.data.msgbackIndex)
    regulatorMode                            0x2000002f   Data           1  radio.o(.data.regulatorMode)
    syncWord                                 0x20000030   Data           8  radio.o(.data.syncWord)
    tjcMsg                                   0x20000038   Data          22  touchscreen.o(.data.tjcMsg)
    uwTickFreq                               0x2000004e   Data           1  stm32f4xx_hal.o(.data.uwTickFreq)
    uwTickPrio                               0x20000050   Data           4  stm32f4xx_hal.o(.data.uwTickPrio)
    __libspace_start                         0x20000058   Data          96  libspace.o(.bss)
    ADC_buffer                               0x200000b8   Data          10  input.o(.bss.ADC_buffer)
    __temporary_stack_top$libspace           0x200000b8   Data           0  libspace.o(.bss)
    FrequencyError                           0x200000c4   Data           4  sx126x.o(.bss.FrequencyError)
    IrqFired                                 0x200000c9   Data           1  radio.o(.bss.IrqFired)
    JScontrolmsg                             0x200000ca   Data           6  input.o(.bss.JScontrolmsg)
    JSdataInitnum                            0x200000d0   Data           1  input.o(.bss.JSdataInitnum)
    Joystick_TaskHandle                      0x20000108   Data           4  freertos.o(.bss.Joystick_TaskHandle)
    Key                                      0x20000110   Data         152  input.o(.bss.Key)
    Key_TaskHandle                           0x200001ac   Data           4  freertos.o(.bss.Key_TaskHandle)
    L1                                       0x200001b0   Data           4  input.o(.bss.L1)
    LCDLED_TaskHandle                        0x200001b4   Data           4  freertos.o(.bss.LCDLED_TaskHandle)
    LORAmsg_TaskHandle                       0x200002c8   Data           4  freertos.o(.bss.LORAmsg_TaskHandle)
    LoRaTxQueueHandle                        0x200002cc   Data           4  freertos.o(.bss.LoRaTxQueueHandle)
    MapState                                 0x200002d0   Data          12  touchscreen.o(.bss.MapState)
    Mapindex                                 0x200002dc   Data           1  touchscreen.o(.bss.Mapindex)
    R                                        0x200002e0   Data           4  input.o(.bss.R)
    RadioPktStatus                           0x20000304   Data          20  radio.o(.bss.RadioPktStatus)
    RadioRxPayload                           0x2000031a   Data         255  radio.o(.bss.RadioRxPayload)
    RxContinuous                             0x20000419   Data           1  radio.o(.bss.RxContinuous)
    RxTimeout                                0x2000041c   Data           4  radio.o(.bss.RxTimeout)
    SX126x                                   0x20000420   Data          60  radio.o(.bss.SX126x)
    State                                    0x2000045c   Data           1  myradio.o(.bss.State)
    TJCMsgRxQueue                            0x20000460   Data           4  fifo_queue.o(.bss.TJCMsgRxQueue)
    TJCmsg_TaskHandle                        0x20000464   Data           4  freertos.o(.bss.TJCmsg_TaskHandle)
    TJCrxmsg                                 0x20000468   Data           1  freertos.o(.bss.TJCrxmsg)
    TJCshow_TaskHandle                       0x2000046c   Data           4  freertos.o(.bss.TJCshow_TaskHandle)
    TxTimeout                                0x20000474   Data           4  radio.o(.bss.TxTimeout)
    TxtmsgSendTemp                           0x20000478   Data          50  touchscreen.o(.bss.TxtmsgSendTemp)
    U2DataFrame                              0x200004ac   Data         140  uart_protocol.o(.bss.U2DataFrame)
    U2msgRxQueue                             0x20000538   Data           4  fifo_queue.o(.bss.U2msgRxQueue)
    U2msgTxQueue                             0x2000053c   Data           4  fifo_queue.o(.bss.U2msgTxQueue)
    bwTemp                                   0x20000540   Data           1  uart_protocol.o(.bss.bwTemp)
    dualswitchvalIndex                       0x20000542   Data           1  touchscreen.o(.bss.dualswitchvalIndex)
    flag                                     0x20000543   Data           6  app_state.o(.bss.flag)
    g_rfRxFlag                               0x20000549   Data           1  freertos.o(.bss.g_rfRxFlag)
    g_rfTxBusy                               0x20000664   Data           1  freertos.o(.bss.g_rfTxBusy)
    gpioCallback                             0x20000668   Data           4  myradio_gpio.o(.bss.gpioCallback)
    hadc1                                    0x2000066c   Data          72  adc.o(.bss.hadc1)
    hdma_adc1                                0x200006b4   Data          96  adc.o(.bss.hdma_adc1)
    hdma_tim3_ch4_up                         0x20000714   Data          96  tim.o(.bss.hdma_tim3_ch4_up)
    hdma_usart2_rx                           0x20000774   Data          96  usart.o(.bss.hdma_usart2_rx)
    hdma_usart2_tx                           0x200007d4   Data          96  usart.o(.bss.hdma_usart2_tx)
    hdma_usart3_rx                           0x20000834   Data          96  usart.o(.bss.hdma_usart3_rx)
    hdma_usart3_tx                           0x20000894   Data          96  usart.o(.bss.hdma_usart3_tx)
    hspi1                                    0x200008f4   Data          88  spi.o(.bss.hspi1)
    hspi2                                    0x2000094c   Data          88  spi.o(.bss.hspi2)
    htim3                                    0x200009a4   Data          72  tim.o(.bss.htim3)
    htim8                                    0x200009ec   Data          72  stm32f4xx_hal_timebase_tim.o(.bss.htim8)
    huart2                                   0x20000a34   Data          72  usart.o(.bss.huart2)
    huart3                                   0x20000a7c   Data          72  usart.o(.bss.huart3)
    left1_LPF                                0x20000ac8   Data          16  filter.o(.bss.left1_LPF)
    left2_LPF                                0x20000ad8   Data          16  filter.o(.bss.left2_LPF)
    msgSendTemp                              0x20000ae8   Data          50  touchscreen.o(.bss.msgSendTemp)
    pxCurrentTCB                             0x20000c10   Data           4  tasks.o(.bss.pxCurrentTCB)
    r1backmsg                                0x20001088   Data          33  robot_msg.o(.bss.r1backmsg)
    r1controlmsg                             0x200010a9   Data          45  robot_msg.o(.bss.r1controlmsg)
    right1_LPF                               0x200010e8   Data          16  filter.o(.bss.right1_LPF)
    right2_LPF                               0x200010f8   Data          16  filter.o(.bss.right2_LPF)
    temp                                     0x2000110c   Data          20  app_state.o(.bss.temp)
    tjcTemp                                  0x20001120   Data           1  uart_protocol.o(.bss.tjcTemp)
    total                                    0x20001124   Data           4  touchscreen.o(.bss.total)
    uwTick                                   0x200043f8   Data           4  stm32f4xx_hal.o(.bss.uwTick)
    xQueueRegistry                           0x20004b50   Data          64  queue.o(.bss.xQueueRegistry)



==============================================================================

Memory Map of the image

  Image Entry point : 0x08000189

  Load Region LR_IROM1 (Base: 0x08000000, Size: 0x0000fb88, Max: 0x00100000, ABSOLUTE)

    Execution Region ER_IROM1 (Exec base: 0x08000000, Load base: 0x08000000, Size: 0x0000fb2c, Max: 0x00100000, ABSOLUTE)

    Exec Addr    Load Addr    Size         Type   Attr      Idx    E Section Name        Object

    0x08000000   0x08000000   0x00000188   Data   RO            3    RESET               startup_stm32f405xx.o
    0x08000188   0x08000188   0x00000008   Code   RO         2676  * !!!main             c_w.l(__main.o)
    0x08000190   0x08000190   0x0000005c   Code   RO         3048    !!!scatter          c_w.l(__scatter.o)
    0x080001ec   0x080001ec   0x0000001a   Code   RO         3052    !!handler_copy      c_w.l(__scatter_copy.o)
    0x08000206   0x08000206   0x00000002   PAD
    0x08000208   0x08000208   0x00000002   Code   RO         3049    !!handler_null      c_w.l(__scatter.o)
    0x0800020a   0x0800020a   0x00000002   PAD
    0x0800020c   0x0800020c   0x0000001c   Code   RO         3054    !!handler_zi        c_w.l(__scatter_zi.o)
    0x08000228   0x08000228   0x00000000   Code   RO         2653    .ARM.Collect$$_printf_percent$$00000000  c_w.l(_printf_percent.o)
    0x08000228   0x08000228   0x00000006   Code   RO         2652    .ARM.Collect$$_printf_percent$$00000009  c_w.l(_printf_d.o)
    0x0800022e   0x0800022e   0x00000004   Code   RO         2756    .ARM.Collect$$_printf_percent$$00000017  c_w.l(_printf_percent_end.o)
    0x08000232   0x08000232   0x00000002   Code   RO         2960    .ARM.Collect$$libinit$$00000000  c_w.l(libinit.o)
    0x08000234   0x08000234   0x00000004   Code   RO         2769    .ARM.Collect$$libinit$$00000001  c_w.l(libinit2.o)
    0x08000238   0x08000238   0x00000000   Code   RO         2772    .ARM.Collect$$libinit$$00000004  c_w.l(libinit2.o)
    0x08000238   0x08000238   0x00000000   Code   RO         2774    .ARM.Collect$$libinit$$00000006  c_w.l(libinit2.o)
    0x08000238   0x08000238   0x00000008   Code   RO         2775    .ARM.Collect$$libinit$$00000007  c_w.l(libinit2.o)
    0x08000240   0x08000240   0x00000000   Code   RO         2777    .ARM.Collect$$libinit$$0000000C  c_w.l(libinit2.o)
    0x08000240   0x08000240   0x00000000   Code   RO         2779    .ARM.Collect$$libinit$$0000000E  c_w.l(libinit2.o)
    0x08000240   0x08000240   0x00000000   Code   RO         2781    .ARM.Collect$$libinit$$00000010  c_w.l(libinit2.o)
    0x08000240   0x08000240   0x00000000   Code   RO         2784    .ARM.Collect$$libinit$$00000013  c_w.l(libinit2.o)
    0x08000240   0x08000240   0x00000000   Code   RO         2786    .ARM.Collect$$libinit$$00000015  c_w.l(libinit2.o)
    0x08000240   0x08000240   0x00000000   Code   RO         2788    .ARM.Collect$$libinit$$00000017  c_w.l(libinit2.o)
    0x08000240   0x08000240   0x00000000   Code   RO         2790    .ARM.Collect$$libinit$$00000019  c_w.l(libinit2.o)
    0x08000240   0x08000240   0x00000000   Code   RO         2792    .ARM.Collect$$libinit$$0000001B  c_w.l(libinit2.o)
    0x08000240   0x08000240   0x00000000   Code   RO         2794    .ARM.Collect$$libinit$$0000001D  c_w.l(libinit2.o)
    0x08000240   0x08000240   0x00000000   Code   RO         2796    .ARM.Collect$$libinit$$0000001F  c_w.l(libinit2.o)
    0x08000240   0x08000240   0x00000000   Code   RO         2798    .ARM.Collect$$libinit$$00000021  c_w.l(libinit2.o)
    0x08000240   0x08000240   0x00000000   Code   RO         2800    .ARM.Collect$$libinit$$00000023  c_w.l(libinit2.o)
    0x08000240   0x08000240   0x00000000   Code   RO         2802    .ARM.Collect$$libinit$$00000025  c_w.l(libinit2.o)
    0x08000240   0x08000240   0x00000000   Code   RO         2804    .ARM.Collect$$libinit$$00000027  c_w.l(libinit2.o)
    0x08000240   0x08000240   0x00000000   Code   RO         2808    .ARM.Collect$$libinit$$0000002E  c_w.l(libinit2.o)
    0x08000240   0x08000240   0x00000000   Code   RO         2810    .ARM.Collect$$libinit$$00000030  c_w.l(libinit2.o)
    0x08000240   0x08000240   0x00000000   Code   RO         2812    .ARM.Collect$$libinit$$00000032  c_w.l(libinit2.o)
    0x08000240   0x08000240   0x00000000   Code   RO         2814    .ARM.Collect$$libinit$$00000034  c_w.l(libinit2.o)
    0x08000240   0x08000240   0x00000002   Code   RO         2815    .ARM.Collect$$libinit$$00000035  c_w.l(libinit2.o)
    0x08000242   0x08000242   0x00000002   Code   RO         3045    .ARM.Collect$$libshutdown$$00000000  c_w.l(libshutdown.o)
    0x08000244   0x08000244   0x00000000   Code   RO         2962    .ARM.Collect$$libshutdown$$00000002  c_w.l(libshutdown2.o)
    0x08000244   0x08000244   0x00000000   Code   RO         2964    .ARM.Collect$$libshutdown$$00000004  c_w.l(libshutdown2.o)
    0x08000244   0x08000244   0x00000000   Code   RO         2967    .ARM.Collect$$libshutdown$$00000007  c_w.l(libshutdown2.o)
    0x08000244   0x08000244   0x00000000   Code   RO         2970    .ARM.Collect$$libshutdown$$0000000A  c_w.l(libshutdown2.o)
    0x08000244   0x08000244   0x00000000   Code   RO         2972    .ARM.Collect$$libshutdown$$0000000C  c_w.l(libshutdown2.o)
    0x08000244   0x08000244   0x00000000   Code   RO         2975    .ARM.Collect$$libshutdown$$0000000F  c_w.l(libshutdown2.o)
    0x08000244   0x08000244   0x00000002   Code   RO         2976    .ARM.Collect$$libshutdown$$00000010  c_w.l(libshutdown2.o)
    0x08000246   0x08000246   0x00000000   Code   RO         2724    .ARM.Collect$$rtentry$$00000000  c_w.l(__rtentry.o)
    0x08000246   0x08000246   0x00000000   Code   RO         2851    .ARM.Collect$$rtentry$$00000002  c_w.l(__rtentry2.o)
    0x08000246   0x08000246   0x00000006   Code   RO         2863    .ARM.Collect$$rtentry$$00000004  c_w.l(__rtentry4.o)
    0x0800024c   0x0800024c   0x00000000   Code   RO         2853    .ARM.Collect$$rtentry$$00000009  c_w.l(__rtentry2.o)
    0x0800024c   0x0800024c   0x00000004   Code   RO         2854    .ARM.Collect$$rtentry$$0000000A  c_w.l(__rtentry2.o)
    0x08000250   0x08000250   0x00000000   Code   RO         2856    .ARM.Collect$$rtentry$$0000000C  c_w.l(__rtentry2.o)
    0x08000250   0x08000250   0x00000008   Code   RO         2857    .ARM.Collect$$rtentry$$0000000D  c_w.l(__rtentry2.o)
    0x08000258   0x08000258   0x00000002   Code   RO         2983    .ARM.Collect$$rtexit$$00000000  c_w.l(rtexit.o)
    0x0800025a   0x0800025a   0x00000000   Code   RO         3010    .ARM.Collect$$rtexit$$00000002  c_w.l(rtexit2.o)
    0x0800025a   0x0800025a   0x00000004   Code   RO         3011    .ARM.Collect$$rtexit$$00000003  c_w.l(rtexit2.o)
    0x0800025e   0x0800025e   0x00000006   Code   RO         3012    .ARM.Collect$$rtexit$$00000004  c_w.l(rtexit2.o)
    0x08000264   0x08000264   0x00000040   Code   RO            4    .text               startup_stm32f405xx.o
    0x080002a4   0x080002a4   0x0000005e   Code   RO         2564    .text               c_w.l(h1_alloc.o)
    0x08000302   0x08000302   0x0000004e   Code   RO         2566    .text               c_w.l(h1_free.o)
    0x08000350   0x08000350   0x000000f0   Code   RO         2622    .text               c_w.l(lludivv7m.o)
    0x08000440   0x08000440   0x00000078   Code   RO         2630    .text               c_w.l(_printf_dec.o)
    0x080004b8   0x080004b8   0x00000058   Code   RO         2656    .text               c_w.l(memcmp.o)
    0x08000510   0x08000510   0x0000003e   Code   RO         2658    .text               c_w.l(strlen.o)
    0x0800054e   0x0800054e   0x00000018   Code   RO         2660    .text               c_w.l(strcat.o)
    0x08000566   0x08000566   0x0000008a   Code   RO         2662    .text               c_w.l(rt_memcpy_v6.o)
    0x080005f0   0x080005f0   0x00000064   Code   RO         2664    .text               c_w.l(rt_memcpy_w.o)
    0x08000654   0x08000654   0x00000010   Code   RO         2668    .text               c_w.l(aeabi_memset4.o)
    0x08000664   0x08000664   0x00000044   Code   RO         2670    .text               c_w.l(rt_memclr.o)
    0x080006a8   0x080006a8   0x0000004e   Code   RO         2672    .text               c_w.l(rt_memclr_w.o)
    0x080006f6   0x080006f6   0x00000006   Code   RO         2674    .text               c_w.l(heapauxi.o)
    0x080006fc   0x080006fc   0x00000008   Code   RO         2732    .text               c_w.l(rt_heap_descriptor_intlibspace.o)
    0x08000704   0x08000704   0x00000004   Code   RO         2734    .text               c_w.l(hguard.o)
    0x08000708   0x08000708   0x0000008a   Code   RO         2736    .text               c_w.l(init_alloc.o)
    0x08000792   0x08000792   0x0000000c   Code   RO         2740    .text               c_w.l(h1_init.o)
    0x0800079e   0x0800079e   0x000000b2   Code   RO         2752    .text               c_w.l(_printf_intcommon.o)
    0x08000850   0x08000850   0x0000000e   Code   RO         2835    .text               c_w.l(sys_wrch.o)
    0x0800085e   0x0800085e   0x00000002   PAD
    0x08000860   0x08000860   0x0000000c   Code   RO         2839    .text               c_w.l(sys_exit.o)
    0x0800086c   0x0800086c   0x00000008   Code   RO         2847    .text               c_w.l(libspace.o)
    0x08000874   0x08000874   0x00000000   Code   RO         2869    .text               c_w.l(maybetermalloc1.o)
    0x08000874   0x08000874   0x00000034   Code   RO         2871    .text               c_w.l(h1_extend.o)
    0x080008a8   0x080008a8   0x0000000e   Code   RO         2895    .text               c_w.l(defsig_rtmem_outer.o)
    0x080008b6   0x080008b6   0x00000002   Code   RO         2911    .text               c_w.l(use_no_semi.o)
    0x080008b8   0x080008b8   0x00000000   Code   RO         2913    .text               c_w.l(indicate_semi.o)
    0x080008b8   0x080008b8   0x0000004a   Code   RO         2914    .text               c_w.l(sys_stackheap_outer.o)
    0x08000902   0x08000902   0x00000012   Code   RO         2935    .text               c_w.l(exit.o)
    0x08000914   0x08000914   0x0000000a   Code   RO         2937    .text               c_w.l(defsig_exit.o)
    0x0800091e   0x0800091e   0x00000002   PAD
    0x08000920   0x08000920   0x00000050   Code   RO         2949    .text               c_w.l(defsig_rtmem_inner.o)
    0x08000970   0x08000970   0x00000032   Code   RO         3001    .text               c_w.l(defsig_general.o)
    0x080009a2   0x080009a2   0x00000002   PAD
    0x080009a4   0x080009a4   0x0000006c   Code   RO          582    .text.ADC_DMAConvCplt  stm32f4xx_hal_adc.o
    0x08000a10   0x08000a10   0x00000012   Code   RO          586    .text.ADC_DMAError  stm32f4xx_hal_adc.o
    0x08000a22   0x08000a22   0x00000002   PAD
    0x08000a24   0x08000a24   0x00000006   Code   RO          584    .text.ADC_DMAHalfConvCplt  stm32f4xx_hal_adc.o
    0x08000a2a   0x08000a2a   0x00000002   PAD
    0x08000a2c   0x08000a2c   0x00000012   Code   RO         2266    .text.BOARD_SPI_NSS_H  myradio_gpio.o
    0x08000a3e   0x08000a3e   0x00000002   PAD
    0x08000a40   0x08000a40   0x00000012   Code   RO         2268    .text.BOARD_SPI_NSS_L  myradio_gpio.o
    0x08000a52   0x08000a52   0x00000002   PAD
    0x08000a54   0x08000a54   0x0000004a   Code   RO         2053    .text.Beep          screen_ui.o
    0x08000a9e   0x08000a9e   0x00000002   PAD
    0x08000aa0   0x08000aa0   0x0000003c   Code   RO         2025    .text.BoolChange    robot_msg.o
    0x08000adc   0x08000adc   0x0000001a   Code   RO         2027    .text.Boolback      robot_msg.o
    0x08000af6   0x08000af6   0x00000002   PAD
    0x08000af8   0x08000af8   0x00000002   Code   RO          176    .text.BusFault_Handler  stm32f4xx_it.o
    0x08000afa   0x08000afa   0x00000002   PAD
    0x08000afc   0x08000afc   0x0000000c   Code   RO          184    .text.DMA1_Stream1_IRQHandler  stm32f4xx_it.o
    0x08000b08   0x08000b08   0x0000000c   Code   RO          186    .text.DMA1_Stream2_IRQHandler  stm32f4xx_it.o
    0x08000b14   0x08000b14   0x0000000c   Code   RO          188    .text.DMA1_Stream3_IRQHandler  stm32f4xx_it.o
    0x08000b20   0x08000b20   0x0000000c   Code   RO          190    .text.DMA1_Stream5_IRQHandler  stm32f4xx_it.o
    0x08000b2c   0x08000b2c   0x0000000c   Code   RO          192    .text.DMA1_Stream6_IRQHandler  stm32f4xx_it.o
    0x08000b38   0x08000b38   0x0000000c   Code   RO          200    .text.DMA2_Stream0_IRQHandler  stm32f4xx_it.o
    0x08000b44   0x08000b44   0x00000002   Code   RO          180    .text.DebugMon_Handler  stm32f4xx_it.o
    0x08000b46   0x08000b46   0x00000002   PAD
    0x08000b48   0x08000b48   0x00000380   Code   RO         2081    .text.Draw_Circle   tft_driver.o
    0x08000ec8   0x08000ec8   0x00000006   Code   RO          182    .text.EXTI0_IRQHandler  stm32f4xx_it.o
    0x08000ece   0x08000ece   0x00000002   PAD
    0x08000ed0   0x08000ed0   0x00000006   Code   RO           15    .text.Error_Handler  main.o
    0x08000ed6   0x08000ed6   0x00000002   PAD
    0x08000ed8   0x08000ed8   0x00000018   Code   RO         1899    .text.FlagInit      app_state.o
    0x08000ef0   0x08000ef0   0x00000108   Code   RO         2117    .text.GetMsg        touchscreen.o
    0x08000ff8   0x08000ff8   0x00000132   Code   RO          594    .text.HAL_ADC_ConfigChannel  stm32f4xx_hal_adc.o
    0x0800112a   0x0800112a   0x00000002   PAD
    0x0800112c   0x0800112c   0x00000002   Code   RO          574    .text.HAL_ADC_ConvCpltCallback  stm32f4xx_hal_adc.o
    0x0800112e   0x0800112e   0x00000002   PAD
    0x08001130   0x08001130   0x00000002   Code   RO          592    .text.HAL_ADC_ConvHalfCpltCallback  stm32f4xx_hal_adc.o
    0x08001132   0x08001132   0x00000002   PAD
    0x08001134   0x08001134   0x00000002   Code   RO          578    .text.HAL_ADC_ErrorCallback  stm32f4xx_hal_adc.o
    0x08001136   0x08001136   0x00000002   PAD
    0x08001138   0x08001138   0x00000152   Code   RO          552    .text.HAL_ADC_Init  stm32f4xx_hal_adc.o
    0x0800128a   0x0800128a   0x00000002   PAD
    0x0800128c   0x0800128c   0x000000de   Code   RO           89    .text.HAL_ADC_MspInit  adc.o
    0x0800136a   0x0800136a   0x00000002   PAD
    0x0800136c   0x0800136c   0x00000178   Code   RO          580    .text.HAL_ADC_Start_DMA  stm32f4xx_hal_adc.o
    0x080014e4   0x080014e4   0x00000080   Code   RO          804    .text.HAL_DMA_Abort  stm32f4xx_hal_dma.o
    0x08001564   0x08001564   0x00000024   Code   RO          806    .text.HAL_DMA_Abort_IT  stm32f4xx_hal_dma.o
    0x08001588   0x08001588   0x00000188   Code   RO          810    .text.HAL_DMA_IRQHandler  stm32f4xx_hal_dma.o
    0x08001710   0x08001710   0x0000013e   Code   RO          796    .text.HAL_DMA_Init  stm32f4xx_hal_dma.o
    0x0800184e   0x0800184e   0x00000002   PAD
    0x08001850   0x08001850   0x000000a0   Code   RO          802    .text.HAL_DMA_Start_IT  stm32f4xx_hal_dma.o
    0x080018f0   0x080018f0   0x00000028   Code   RO          963    .text.HAL_Delay     stm32f4xx_hal.o
    0x08001918   0x08001918   0x00000004   Code   RO         2408    .text.HAL_Delay_nMS  sx126x-board.o
    0x0800191c   0x0800191c   0x00000018   Code   RO         2296    .text.HAL_GPIO_EXTI_Callback  myradio_gpio.o
    0x08001934   0x08001934   0x00000016   Code   RO          770    .text.HAL_GPIO_EXTI_IRQHandler  stm32f4xx_hal_gpio.o
    0x0800194a   0x0800194a   0x00000002   PAD
    0x0800194c   0x0800194c   0x00000194   Code   RO          758    .text.HAL_GPIO_Init  stm32f4xx_hal_gpio.o
    0x08001ae0   0x08001ae0   0x0000000a   Code   RO          762    .text.HAL_GPIO_ReadPin  stm32f4xx_hal_gpio.o
    0x08001aea   0x08001aea   0x00000002   PAD
    0x08001aec   0x08001aec   0x0000000a   Code   RO          764    .text.HAL_GPIO_WritePin  stm32f4xx_hal_gpio.o
    0x08001af6   0x08001af6   0x00000002   PAD
    0x08001af8   0x08001af8   0x0000000c   Code   RO          955    .text.HAL_GetTick   stm32f4xx_hal.o
    0x08001b04   0x08001b04   0x0000001a   Code   RO          953    .text.HAL_IncTick   stm32f4xx_hal.o
    0x08001b1e   0x08001b1e   0x00000002   PAD
    0x08001b20   0x08001b20   0x00000036   Code   RO          943    .text.HAL_Init      stm32f4xx_hal.o
    0x08001b56   0x08001b56   0x00000002   PAD
    0x08001b58   0x08001b58   0x000000ac   Code   RO          218    .text.HAL_InitTick  stm32f4xx_hal_timebase_tim.o
    0x08001c04   0x08001c04   0x00000042   Code   RO          209    .text.HAL_MspInit   stm32f4xx_hal_msp.o
    0x08001c46   0x08001c46   0x00000002   PAD
    0x08001c48   0x08001c48   0x00000022   Code   RO          895    .text.HAL_NVIC_EnableIRQ  stm32f4xx_hal_cortex.o
    0x08001c6a   0x08001c6a   0x00000002   PAD
    0x08001c6c   0x08001c6c   0x00000056   Code   RO          893    .text.HAL_NVIC_SetPriority  stm32f4xx_hal_cortex.o
    0x08001cc2   0x08001cc2   0x00000002   PAD
    0x08001cc4   0x08001cc4   0x00000020   Code   RO          891    .text.HAL_NVIC_SetPriorityGrouping  stm32f4xx_hal_cortex.o
    0x08001ce4   0x08001ce4   0x00000160   Code   RO          652    .text.HAL_RCC_ClockConfig  stm32f4xx_hal_rcc.o
    0x08001e44   0x08001e44   0x0000003e   Code   RO          670    .text.HAL_RCC_GetClockConfig  stm32f4xx_hal_rcc.o
    0x08001e82   0x08001e82   0x00000002   PAD
    0x08001e84   0x08001e84   0x00000026   Code   RO          664    .text.HAL_RCC_GetPCLK1Freq  stm32f4xx_hal_rcc.o
    0x08001eaa   0x08001eaa   0x00000002   PAD
    0x08001eac   0x08001eac   0x00000026   Code   RO          666    .text.HAL_RCC_GetPCLK2Freq  stm32f4xx_hal_rcc.o
    0x08001ed2   0x08001ed2   0x00000002   PAD
    0x08001ed4   0x08001ed4   0x00000068   Code   RO          654    .text.HAL_RCC_GetSysClockFreq  stm32f4xx_hal_rcc.o
    0x08001f3c   0x08001f3c   0x0000035c   Code   RO          650    .text.HAL_RCC_OscConfig  stm32f4xx_hal_rcc.o
    0x08002298   0x08002298   0x000000b0   Code   RO         1034    .text.HAL_SPI_Init  stm32f4xx_hal_spi.o
    0x08002348   0x08002348   0x000000c2   Code   RO          116    .text.HAL_SPI_MspInit  spi.o
    0x0800240a   0x0800240a   0x00000002   PAD
    0x0800240c   0x0800240c   0x0000015e   Code   RO         1044    .text.HAL_SPI_Receive  stm32f4xx_hal_spi.o
    0x0800256a   0x0800256a   0x00000002   PAD
    0x0800256c   0x0800256c   0x000001ea   Code   RO         1042    .text.HAL_SPI_Transmit  stm32f4xx_hal_spi.o
    0x08002756   0x08002756   0x00000002   PAD
    0x08002758   0x08002758   0x00000256   Code   RO         1046    .text.HAL_SPI_TransmitReceive  stm32f4xx_hal_spi.o
    0x080029ae   0x080029ae   0x00000002   PAD
    0x080029b0   0x080029b0   0x00000002   Code   RO          538    .text.HAL_TIMEx_BreakCallback  stm32f4xx_hal_tim_ex.o
    0x080029b2   0x080029b2   0x00000002   PAD
    0x080029b4   0x080029b4   0x00000002   Code   RO          534    .text.HAL_TIMEx_CommutCallback  stm32f4xx_hal_tim_ex.o
    0x080029b6   0x080029b6   0x00000002   PAD
    0x080029b8   0x080029b8   0x000000bc   Code   RO          528    .text.HAL_TIMEx_MasterConfigSynchronization  stm32f4xx_hal_tim_ex.o
    0x08002a74   0x08002a74   0x0000005a   Code   RO          233    .text.HAL_TIM_Base_Init  stm32f4xx_hal_tim.o
    0x08002ace   0x08002ace   0x00000002   PAD
    0x08002ad0   0x08002ad0   0x00000082   Code   RO          134    .text.HAL_TIM_Base_MspInit  tim.o
    0x08002b52   0x08002b52   0x00000002   PAD
    0x08002b54   0x08002b54   0x000000a8   Code   RO          247    .text.HAL_TIM_Base_Start_IT  stm32f4xx_hal_tim.o
    0x08002bfc   0x08002bfc   0x000001a0   Code   RO          413    .text.HAL_TIM_ConfigClockSource  stm32f4xx_hal_tim.o
    0x08002d9c   0x08002d9c   0x00000002   Code   RO          369    .text.HAL_TIM_IC_CaptureCallback  stm32f4xx_hal_tim.o
    0x08002d9e   0x08002d9e   0x00000002   PAD
    0x08002da0   0x08002da0   0x0000014a   Code   RO          367    .text.HAL_TIM_IRQHandler  stm32f4xx_hal_tim.o
    0x08002eea   0x08002eea   0x00000002   PAD
    0x08002eec   0x08002eec   0x00000002   Code   RO          371    .text.HAL_TIM_OC_DelayElapsedCallback  stm32f4xx_hal_tim.o
    0x08002eee   0x08002eee   0x00000002   PAD
    0x08002ef0   0x08002ef0   0x00000216   Code   RO          387    .text.HAL_TIM_PWM_ConfigChannel  stm32f4xx_hal_tim.o
    0x08003106   0x08003106   0x00000002   PAD
    0x08003108   0x08003108   0x0000005a   Code   RO          287    .text.HAL_TIM_PWM_Init  stm32f4xx_hal_tim.o
    0x08003162   0x08003162   0x00000002   PAD
    0x08003164   0x08003164   0x00000002   Code   RO          289    .text.HAL_TIM_PWM_MspInit  stm32f4xx_hal_tim.o
    0x08003166   0x08003166   0x00000002   PAD
    0x08003168   0x08003168   0x00000002   Code   RO          373    .text.HAL_TIM_PWM_PulseFinishedCallback  stm32f4xx_hal_tim.o
    0x0800316a   0x0800316a   0x00000002   PAD
    0x0800316c   0x0800316c   0x00000014   Code   RO           17    .text.HAL_TIM_PeriodElapsedCallback  main.o
    0x08003180   0x08003180   0x00000002   Code   RO          377    .text.HAL_TIM_TriggerCallback  stm32f4xx_hal_tim.o
    0x08003182   0x08003182   0x00000002   PAD
    0x08003184   0x08003184   0x00000002   Code   RO         1236    .text.HAL_UARTEx_RxEventCallback  stm32f4xx_hal_uart.o
    0x08003186   0x08003186   0x00000002   PAD
    0x08003188   0x08003188   0x00000002   Code   RO         1234    .text.HAL_UART_ErrorCallback  stm32f4xx_hal_uart.o
    0x0800318a   0x0800318a   0x00000002   PAD
    0x0800318c   0x0800318c   0x00000316   Code   RO         1228    .text.HAL_UART_IRQHandler  stm32f4xx_hal_uart.o
    0x080034a2   0x080034a2   0x00000002   PAD
    0x080034a4   0x080034a4   0x00000060   Code   RO         1150    .text.HAL_UART_Init  stm32f4xx_hal_uart.o
    0x08003504   0x08003504   0x000001e2   Code   RO          152    .text.HAL_UART_MspInit  usart.o
    0x080036e6   0x080036e6   0x00000002   PAD
    0x080036e8   0x080036e8   0x00000024   Code   RO         1184    .text.HAL_UART_Receive_DMA  stm32f4xx_hal_uart.o
    0x0800370c   0x0800370c   0x00000072   Code   RO         2163    .text.HAL_UART_RxCpltCallback  uart_protocol.o
    0x0800377e   0x0800377e   0x00000002   PAD
    0x08003780   0x08003780   0x00000002   Code   RO         1244    .text.HAL_UART_RxHalfCpltCallback  stm32f4xx_hal_uart.o
    0x08003782   0x08003782   0x00000002   PAD
    0x08003784   0x08003784   0x00000092   Code   RO         1176    .text.HAL_UART_Transmit_DMA  stm32f4xx_hal_uart.o
    0x08003816   0x08003816   0x00000002   PAD
    0x08003818   0x08003818   0x00000002   Code   RO         1238    .text.HAL_UART_TxCpltCallback  stm32f4xx_hal_uart.o
    0x0800381a   0x0800381a   0x00000002   PAD
    0x0800381c   0x0800381c   0x00000002   Code   RO         1240    .text.HAL_UART_TxHalfCpltCallback  stm32f4xx_hal_uart.o
    0x0800381e   0x0800381e   0x00000002   PAD
    0x08003820   0x08003820   0x000001b8   Code   RO         1891    .text.Handle_Start  app_init.o
    0x080039d8   0x080039d8   0x00000002   Code   RO          172    .text.HardFault_Handler  stm32f4xx_it.o
    0x080039da   0x080039da   0x00000006   PAD
    0x080039e0   0x080039e0   0x00000078   Code   RO         1945    .text.InitLowPassFilter  filter.o
    0x08003a58   0x08003a58   0x0000005c   Code   RO         2043    .text.JS_mode_show  screen_ui.o
    0x08003ab4   0x08003ab4   0x00000150   Code   RO         1984    .text.JoystickInit  input.o
    0x08003c04   0x08003c04   0x000000c2   Code   RO           47    .text.JoystickTask  freertos.o
    0x08003cc6   0x08003cc6   0x00000002   PAD
    0x08003cc8   0x08003cc8   0x0000021e   Code   RO         1972    .text.KeyInit       input.o
    0x08003ee6   0x08003ee6   0x00000002   PAD
    0x08003ee8   0x08003ee8   0x00000016   Code   RO         1974    .text.KeyRead       input.o
    0x08003efe   0x08003efe   0x00000002   PAD
    0x08003f00   0x08003f00   0x00000126   Code   RO         1980    .text.KeyScan       input.o
    0x08004026   0x08004026   0x00000002   PAD
    0x08004028   0x08004028   0x00000058   Code   RO           45    .text.KeyTask       freertos.o
    0x08004080   0x08004080   0x00000044   Code   RO           53    .text.LCDLEDTask    freertos.o
    0x080040c4   0x080040c4   0x0000022c   Code   RO         2073    .text.LCD_Address_Set  tft_driver.o
    0x080042f0   0x080042f0   0x0000010a   Code   RO         2085    .text.LCD_DrawLine  tft_driver.o
    0x080043fa   0x080043fa   0x00000002   PAD
    0x080043fc   0x080043fc   0x00000052   Code   RO         2087    .text.LCD_DrawRectangle  tft_driver.o
    0x0800444e   0x0800444e   0x00000002   PAD
    0x08004450   0x08004450   0x000000bc   Code   RO         2077    .text.LCD_Fill      tft_driver.o
    0x0800450c   0x0800450c   0x00000d9a   Code   RO         2075    .text.LCD_Init      tft_driver.o
    0x080052a6   0x080052a6   0x00000002   PAD
    0x080052a8   0x080052a8   0x00000258   Code   RO         2089    .text.LCD_ShowChar  tft_driver.o
    0x08005500   0x08005500   0x00000140   Code   RO         2097    .text.LCD_ShowFloatNum1  tft_driver.o
    0x08005640   0x08005640   0x0000001c   Code   RO         2041    .text.LCD_ShowHome  screen_ui.o
    0x0800565c   0x0800565c   0x000000dc   Code   RO         2095    .text.LCD_ShowIntNum  tft_driver.o
    0x08005738   0x08005738   0x00000046   Code   RO         2091    .text.LCD_ShowString  tft_driver.o
    0x0800577e   0x0800577e   0x00000002   PAD
    0x08005780   0x08005780   0x00000146   Code   RO         2049    .text.LCD_flash     screen_ui.o
    0x080058c6   0x080058c6   0x00000002   PAD
    0x080058c8   0x080058c8   0x000000da   Code   RO           51    .text.LORAmsgTask   freertos.o
    0x080059a2   0x080059a2   0x00000002   PAD
    0x080059a4   0x080059a4   0x00000022   Code   RO         1953    .text.LowPassFilter  filter.o
    0x080059c6   0x080059c6   0x00000002   PAD
    0x080059c8   0x080059c8   0x000000ec   Code   RO           87    .text.MX_ADC1_Init  adc.o
    0x08005ab4   0x08005ab4   0x0000009c   Code   RO          103    .text.MX_DMA_Init   dma.o
    0x08005b50   0x08005b50   0x000000d8   Code   RO           41    .text.MX_FREERTOS_Init  freertos.o
    0x08005c28   0x08005c28   0x0000017e   Code   RO           28    .text.MX_GPIO_Init  gpio.o
    0x08005da6   0x08005da6   0x00000002   PAD
    0x08005da8   0x08005da8   0x00000046   Code   RO          112    .text.MX_SPI1_Init  spi.o
    0x08005dee   0x08005dee   0x00000002   PAD
    0x08005df0   0x08005df0   0x0000004c   Code   RO          114    .text.MX_SPI2_Init  spi.o
    0x08005e3c   0x08005e3c   0x0000010a   Code   RO          130    .text.MX_TIM3_Init  tim.o
    0x08005f46   0x08005f46   0x00000002   PAD
    0x08005f48   0x08005f48   0x0000003c   Code   RO          148    .text.MX_USART2_UART_Init  usart.o
    0x08005f84   0x08005f84   0x0000003c   Code   RO          150    .text.MX_USART3_UART_Init  usart.o
    0x08005fc0   0x08005fc0   0x00000002   Code   RO          174    .text.MemManage_Handler  stm32f4xx_it.o
    0x08005fc2   0x08005fc2   0x00000002   PAD
    0x08005fc4   0x08005fc4   0x00000166   Code   RO         2119    .text.MsgDeal       touchscreen.o
    0x0800612a   0x0800612a   0x00000002   PAD
    0x0800612c   0x0800612c   0x00000054   Code   RO         2131    .text.MsgSend       touchscreen.o
    0x08006180   0x08006180   0x00000002   Code   RO          170    .text.NMI_Handler   stm32f4xx_it.o
    0x08006182   0x08006182   0x00000002   PAD
    0x08006184   0x08006184   0x00000088   Code   RO         2205    .text.OnRxDone      myradio.o
    0x0800620c   0x0800620c   0x0000004a   Code   RO         2211    .text.OnRxError     myradio.o
    0x08006256   0x08006256   0x00000002   PAD
    0x08006258   0x08006258   0x0000004a   Code   RO         2209    .text.OnRxTimeout   myradio.o
    0x080062a2   0x080062a2   0x00000002   PAD
    0x080062a4   0x080062a4   0x00000050   Code   RO         2203    .text.OnTxDone      myradio.o
    0x080062f4   0x080062f4   0x0000004a   Code   RO         2207    .text.OnTxTimeout   myradio.o
    0x0800633e   0x0800633e   0x00000002   PAD
    0x08006340   0x08006340   0x00000064   Code   RO         1874    .text.PendSV_Handler  port.o
    0x080063a4   0x080063a4   0x00000056   Code   RO         2029    .text.Press         robot_msg.o
    0x080063fa   0x080063fa   0x00000002   PAD
    0x080063fc   0x080063fc   0x0000008e   Code   RO         1930    .text.QueueInit     fifo_queue.o
    0x0800648a   0x0800648a   0x00000002   PAD
    0x0800648c   0x0800648c   0x000000de   Code   RO         2123    .text.R1C1dualswitch_deal  touchscreen.o
    0x0800656a   0x0800656a   0x00000002   PAD
    0x0800656c   0x0800656c   0x00000062   Code   RO         2125    .text.R1C2dualswitch_deal  touchscreen.o
    0x080065ce   0x080065ce   0x00000002   PAD
    0x080065d0   0x080065d0   0x000000e0   Code   RO         2045    .text.R1_Interface  screen_ui.o
    0x080066b0   0x080066b0   0x00000154   Code   RO         2139    .text.R1_TJC_val_show  touchscreen.o
    0x08006804   0x08006804   0x000002cc   Code   RO         1990    .text.R1_key_function  input.o
    0x08006ad0   0x08006ad0   0x0000011c   Code   RO         1992    .text.R1_toggle_function  input.o
    0x08006bec   0x08006bec   0x00000010   Code   RO         2294    .text.READ_RF_SX126x_BUSY  myradio_gpio.o
    0x08006bfc   0x08006bfc   0x00000010   Code   RO         2282    .text.RF_SX126x_EXT_PA_RE_H  myradio_gpio.o
    0x08006c0c   0x08006c0c   0x00000010   Code   RO         2284    .text.RF_SX126x_EXT_PA_RE_L  myradio_gpio.o
    0x08006c1c   0x08006c1c   0x00000010   Code   RO         2286    .text.RF_SX126x_EXT_PA_TE_H  myradio_gpio.o
    0x08006c2c   0x08006c2c   0x00000010   Code   RO         2288    .text.RF_SX126x_EXT_PA_TE_L  myradio_gpio.o
    0x08006c3c   0x08006c3c   0x00000010   Code   RO         2278    .text.RF_SX126x_RST_H  myradio_gpio.o
    0x08006c4c   0x08006c4c   0x00000010   Code   RO         2280    .text.RF_SX126x_RST_L  myradio_gpio.o
    0x08006c5c   0x08006c5c   0x00000004   Code   RO         2331    .text.RadioCheckRfFrequency  radio.o
    0x08006c60   0x08006c60   0x00000018   Code   RO         2317    .text.RadioGetStatus  radio.o
    0x08006c78   0x08006c78   0x00000004   Code   RO         2361    .text.RadioGetWakeupTime  radio.o
    0x08006c7c   0x08006c7c   0x00000054   Code   RO         2315    .text.RadioInit     radio.o
    0x08006cd0   0x08006cd0   0x000000e4   Code   RO         2363    .text.RadioIrqProcess  radio.o
    0x08006db4   0x08006db4   0x0000004a   Code   RO         2323    .text.RadioIsChannelFree  radio.o
    0x08006dfe   0x08006dfe   0x00000002   PAD
    0x08006e00   0x08006e00   0x0000000e   Code   RO         2381    .text.RadioOnDioIrq  radio.o
    0x08006e0e   0x08006e0e   0x00000002   PAD
    0x08006e10   0x08006e10   0x0000003e   Code   RO         2325    .text.RadioRandom   radio.o
    0x08006e4e   0x08006e4e   0x00000002   PAD
    0x08006e50   0x08006e50   0x00000004   Code   RO         2351    .text.RadioRead     radio.o
    0x08006e54   0x08006e54   0x00000004   Code   RO         2355    .text.RadioReadBuffer  radio.o
    0x08006e58   0x08006e58   0x00000008   Code   RO         2347    .text.RadioRssi     radio.o
    0x08006e60   0x08006e60   0x00000030   Code   RO         2341    .text.RadioRx       radio.o
    0x08006e90   0x08006e90   0x00000030   Code   RO         2365    .text.RadioRxBoosted  radio.o
    0x08006ec0   0x08006ec0   0x0000003c   Code   RO         2335    .text.RadioSend     radio.o
    0x08006efc   0x08006efc   0x00000004   Code   RO         2321    .text.RadioSetChannel  radio.o
    0x08006f00   0x08006f00   0x0000003c   Code   RO         2357    .text.RadioSetMaxPayloadLength  radio.o
    0x08006f3c   0x08006f3c   0x00000072   Code   RO         2319    .text.RadioSetModem  radio.o
    0x08006fae   0x08006fae   0x00000002   PAD
    0x08006fb0   0x08006fb0   0x00000042   Code   RO         2359    .text.RadioSetPublicNetwork  radio.o
    0x08006ff2   0x08006ff2   0x00000006   PAD
    0x08006ff8   0x08006ff8   0x00000218   Code   RO         2327    .text.RadioSetRxConfig  radio.o
    0x08007210   0x08007210   0x00000004   Code   RO         2367    .text.RadioSetRxDutyCycle  radio.o
    0x08007214   0x08007214   0x00000190   Code   RO         2329    .text.RadioSetTxConfig  radio.o
    0x080073a4   0x080073a4   0x00000016   Code   RO         2345    .text.RadioSetTxContinuousWave  radio.o
    0x080073ba   0x080073ba   0x00000002   PAD
    0x080073bc   0x080073bc   0x00000012   Code   RO         2337    .text.RadioSleep    radio.o
    0x080073ce   0x080073ce   0x00000002   PAD
    0x080073d0   0x080073d0   0x00000006   Code   RO         2339    .text.RadioStandby  radio.o
    0x080073d6   0x080073d6   0x00000002   PAD
    0x080073d8   0x080073d8   0x00000004   Code   RO         2343    .text.RadioStartCad  radio.o
    0x080073dc   0x080073dc   0x00000004   PAD
    0x080073e0   0x080073e0   0x00000228   Code   RO         2333    .text.RadioTimeOnAir  radio.o
    0x08007608   0x08007608   0x00000004   Code   RO         2349    .text.RadioWrite    radio.o
    0x0800760c   0x0800760c   0x00000004   Code   RO         2353    .text.RadioWriteBuffer  radio.o
    0x08007610   0x08007610   0x0000005e   Code   RO         1048    .text.SPI_EndRxTransaction  stm32f4xx_hal_spi.o
    0x0800766e   0x0800766e   0x00000002   PAD
    0x08007670   0x08007670   0x000000e0   Code   RO         1140    .text.SPI_WaitFlagStateUntilTimeout  stm32f4xx_hal_spi.o
    0x08007750   0x08007750   0x00000024   Code   RO         1858    .text.SVC_Handler   port.o
    0x08007774   0x08007774   0x00000002   Code   RO         2438    .text.SX126xAntSwOff  sx126x-board.o
    0x08007776   0x08007776   0x00000002   PAD
    0x08007778   0x08007778   0x00000002   Code   RO         2436    .text.SX126xAntSwOn  sx126x-board.o
    0x0800777a   0x0800777a   0x00000002   PAD
    0x0800777c   0x0800777c   0x00000022   Code   RO         2464    .text.SX126xCheckDeviceReady  sx126x.o
    0x0800779e   0x0800779e   0x00000002   PAD
    0x080077a0   0x080077a0   0x0000001a   Code   RO         2544    .text.SX126xClearIrqStatus  sx126x.o
    0x080077ba   0x080077ba   0x00000002   PAD
    0x080077bc   0x080077bc   0x0000000c   Code   RO         2450    .text.SX126xEnableTxco  sx126x.o
    0x080077c8   0x080077c8   0x0000001c   Code   RO         2518    .text.SX126xGetIrqStatus  sx126x.o
    0x080077e4   0x080077e4   0x0000000c   Code   RO         2462    .text.SX126xGetOperatingMode  sx126x.o
    0x080077f0   0x080077f0   0x00000004   Code   RO         2434    .text.SX126xGetPaSelect  sx126x-board.o
    0x080077f4   0x080077f4   0x00000094   Code   RO         2538    .text.SX126xGetPacketStatus  sx126x.o
    0x08007888   0x08007888   0x0000000c   Code   RO         2480    .text.SX126xGetPacketType  sx126x.o
    0x08007894   0x08007894   0x00000060   Code   RO         2468    .text.SX126xGetPayload  sx126x.o
    0x080078f4   0x080078f4   0x0000001c   Code   RO         2536    .text.SX126xGetRssiInst  sx126x.o
    0x08007910   0x08007910   0x0000008a   Code   RO         2452    .text.SX126xInit    sx126x.o
    0x0800799a   0x0800799a   0x00000002   PAD
    0x0800799c   0x0800799c   0x0000003a   Code   RO         2430    .text.SX126xReadBuffer  sx126x-board.o
    0x080079d6   0x080079d6   0x00000002   PAD
    0x080079d8   0x080079d8   0x00000032   Code   RO         2418    .text.SX126xReadCommand  sx126x-board.o
    0x08007a0a   0x08007a0a   0x00000002   PAD
    0x08007a0c   0x08007a0c   0x00000016   Code   RO         2426    .text.SX126xReadRegister  sx126x-board.o
    0x08007a22   0x08007a22   0x00000002   PAD
    0x08007a24   0x08007a24   0x0000003e   Code   RO         2424    .text.SX126xReadRegisters  sx126x-board.o
    0x08007a62   0x08007a62   0x00000002   PAD
    0x08007a64   0x08007a64   0x00000020   Code   RO         2410    .text.SX126xReset   sx126x-board.o
    0x08007a84   0x08007a84   0x0000003c   Code   RO         2472    .text.SX126xSendPayload  sx126x.o
    0x08007ac0   0x08007ac0   0x0000001c   Code   RO         2532    .text.SX126xSetBufferBaseAddress  sx126x.o
    0x08007adc   0x08007adc   0x0000001a   Code   RO         2498    .text.SX126xSetCad  sx126x.o
    0x08007af6   0x08007af6   0x00000002   PAD
    0x08007af8   0x08007af8   0x0000003c   Code   RO         2516    .text.SX126xSetDioIrqParams  sx126x.o
    0x08007b34   0x08007b34   0x00000018   Code   RO         2506    .text.SX126xSetLoRaSymbNumTimeout  sx126x.o
    0x08007b4c   0x08007b4c   0x00000004   PAD
    0x08007b50   0x08007b50   0x000000e0   Code   RO         2526    .text.SX126xSetModulationParams  sx126x.o
    0x08007c30   0x08007c30   0x0000010a   Code   RO         2528    .text.SX126xSetPacketParams  sx126x.o
    0x08007d3a   0x08007d3a   0x00000002   PAD
    0x08007d3c   0x08007d3c   0x00000022   Code   RO         2522    .text.SX126xSetPacketType  sx126x.o
    0x08007d5e   0x08007d5e   0x00000002   PAD
    0x08007d60   0x08007d60   0x00000018   Code   RO         2508    .text.SX126xSetRegulatorMode  sx126x.o
    0x08007d78   0x08007d78   0x000000c8   Code   RO         2520    .text.SX126xSetRfFrequency  sx126x.o
    0x08007e40   0x08007e40   0x00000006   Code   RO         2432    .text.SX126xSetRfTxPower  sx126x-board.o
    0x08007e46   0x08007e46   0x00000002   PAD
    0x08007e48   0x08007e48   0x00000030   Code   RO         2488    .text.SX126xSetRx   sx126x.o
    0x08007e78   0x08007e78   0x0000003c   Code   RO         2494    .text.SX126xSetRxBoosted  sx126x.o
    0x08007eb4   0x08007eb4   0x00000040   Code   RO         2496    .text.SX126xSetRxDutyCycle  sx126x.o
    0x08007ef4   0x08007ef4   0x00000028   Code   RO         2490    .text.SX126xSetSleep  sx126x.o
    0x08007f1c   0x08007f1c   0x0000002e   Code   RO         2454    .text.SX126xSetStandby  sx126x.o
    0x08007f4a   0x08007f4a   0x00000002   PAD
    0x08007f4c   0x08007f4c   0x00000018   Code   RO         2504    .text.SX126xSetStopRxTimerOnPreambleDetect  sx126x.o
    0x08007f64   0x08007f64   0x00000012   Code   RO         2476    .text.SX126xSetSyncWord  sx126x.o
    0x08007f76   0x08007f76   0x00000002   PAD
    0x08007f78   0x08007f78   0x0000000a   Code   RO         2500    .text.SX126xSetTxContinuousWave  sx126x.o
    0x08007f82   0x08007f82   0x00000002   PAD
    0x08007f84   0x08007f84   0x0000008e   Code   RO         2524    .text.SX126xSetTxParams  sx126x.o
    0x08008012   0x08008012   0x00000002   PAD
    0x08008014   0x08008014   0x0000003c   Code   RO         2484    .text.SX126xSetWhiteningSeed  sx126x.o
    0x08008050   0x08008050   0x0000000e   Code   RO         2412    .text.SX126xWaitOnBusy  sx126x-board.o
    0x0800805e   0x0800805e   0x00000002   PAD
    0x08008060   0x08008060   0x00000022   Code   RO         2414    .text.SX126xWakeup  sx126x-board.o
    0x08008082   0x08008082   0x00000002   PAD
    0x08008084   0x08008084   0x00000032   Code   RO         2428    .text.SX126xWriteBuffer  sx126x-board.o
    0x080080b6   0x080080b6   0x00000002   PAD
    0x080080b8   0x080080b8   0x00000032   Code   RO         2416    .text.SX126xWriteCommand  sx126x-board.o
    0x080080ea   0x080080ea   0x00000002   PAD
    0x080080ec   0x080080ec   0x00000016   Code   RO         2422    .text.SX126xWriteRegister  sx126x-board.o
    0x08008102   0x08008102   0x00000002   PAD
    0x08008104   0x08008104   0x0000003a   Code   RO         2420    .text.SX126xWriteRegisters  sx126x-board.o
    0x0800813e   0x0800813e   0x00000002   PAD
    0x08008140   0x08008140   0x0000001e   Code   RO         1659    .text.SysTick_Handler  cmsis_os2.o
    0x0800815e   0x0800815e   0x00000002   PAD
    0x08008160   0x08008160   0x000000aa   Code   RO           13    .text.SystemClock_Config  main.o
    0x0800820a   0x0800820a   0x00000002   PAD
    0x0800820c   0x0800820c   0x00000012   Code   RO         1272    .text.SystemInit    system_stm32f4xx.o
    0x0800821e   0x0800821e   0x00000002   PAD
    0x08008220   0x08008220   0x0000000c   Code   RO          198    .text.TIM8_UP_TIM13_IRQHandler  stm32f4xx_it.o
    0x0800822c   0x0800822c   0x0000012c   Code   RO          237    .text.TIM_Base_SetConfig  stm32f4xx_hal_tim.o
    0x08008358   0x08008358   0x00000038   Code   RO           49    .text.TJCmsgTask    freertos.o
    0x08008390   0x08008390   0x00000026   Code   RO           43    .text.TJCshowTask   freertos.o
    0x080083b6   0x080083b6   0x00000002   PAD
    0x080083b8   0x080083b8   0x0000001c   Code   RO         1901    .text.TempInit      app_state.o
    0x080083d4   0x080083d4   0x0000008e   Code   RO         1982    .text.ToggleScan    input.o
    0x08008462   0x08008462   0x00000002   PAD
    0x08008464   0x08008464   0x00000094   Code   RO         2133    .text.TxtmsgSend    touchscreen.o
    0x080084f8   0x080084f8   0x0000000a   Code   RO         1232    .text.UART_DMAAbortOnError  stm32f4xx_hal_uart.o
    0x08008502   0x08008502   0x00000002   PAD
    0x08008504   0x08008504   0x000000a2   Code   RO         1182    .text.UART_DMAError  stm32f4xx_hal_uart.o
    0x080085a6   0x080085a6   0x00000002   PAD
    0x080085a8   0x080085a8   0x00000080   Code   RO         1260    .text.UART_DMAReceiveCplt  stm32f4xx_hal_uart.o
    0x08008628   0x08008628   0x00000018   Code   RO         1262    .text.UART_DMARxHalfCplt  stm32f4xx_hal_uart.o
    0x08008640   0x08008640   0x0000003e   Code   RO         1178    .text.UART_DMATransmitCplt  stm32f4xx_hal_uart.o
    0x0800867e   0x0800867e   0x00000002   PAD
    0x08008680   0x08008680   0x00000006   Code   RO         1180    .text.UART_DMATxHalfCplt  stm32f4xx_hal_uart.o
    0x08008686   0x08008686   0x00000002   PAD
    0x08008688   0x08008688   0x000000c0   Code   RO         1230    .text.UART_Receive_IT  stm32f4xx_hal_uart.o
    0x08008748   0x08008748   0x000000de   Code   RO         1154    .text.UART_SetConfig  stm32f4xx_hal_uart.o
    0x08008826   0x08008826   0x00000002   PAD
    0x08008828   0x08008828   0x000000aa   Code   RO         1186    .text.UART_Start_Receive_DMA  stm32f4xx_hal_uart.o
    0x080088d2   0x080088d2   0x00000002   PAD
    0x080088d4   0x080088d4   0x0000000c   Code   RO          194    .text.USART2_IRQHandler  stm32f4xx_it.o
    0x080088e0   0x080088e0   0x0000000c   Code   RO          196    .text.USART3_IRQHandler  stm32f4xx_it.o
    0x080088ec   0x080088ec   0x00000032   Code   RO         2161    .text.UartDMAStart  uart_protocol.o
    0x0800891e   0x0800891e   0x00000002   PAD
    0x08008920   0x08008920   0x00000002   Code   RO          178    .text.UsageFault_Handler  stm32f4xx_it.o
    0x08008922   0x08008922   0x00000002   PAD
    0x08008924   0x08008924   0x00000022   Code   RO         2165    .text.Usart2DataFrameInit  uart_protocol.o
    0x08008946   0x08008946   0x00000002   PAD
    0x08008948   0x08008948   0x00000038   Code   RO         1922    .text.deQueue       fifo_queue.o
    0x08008980   0x08008980   0x00000034   Code   RO         1918    .text.enQueue       fifo_queue.o
    0x080089b4   0x080089b4   0x00000144   Code   RO         1986    .text.joystickLeft_scan  input.o
    0x08008af8   0x08008af8   0x000000e0   Code   RO         1988    .text.joystickRight_scan  input.o
    0x08008bd8   0x08008bd8   0x0000003a   Code   RO           11    .text.main          main.o
    0x08008c12   0x08008c12   0x00000002   PAD
    0x08008c14   0x08008c14   0x00000018   Code   RO         2304    .text.myRadioSpi_rBuffer  myradio_gpio.o
    0x08008c2c   0x08008c2c   0x00000034   Code   RO         2300    .text.myRadioSpi_rwByte  myradio_gpio.o
    0x08008c60   0x08008c60   0x00000018   Code   RO         2302    .text.myRadioSpi_wBuffer  myradio_gpio.o
    0x08008c78   0x08008c78   0x00000004   Code   RO         2199    .text.myRadio_gpioCallback  myradio.o
    0x08008c7c   0x08008c7c   0x0000005e   Code   RO         2298    .text.myRadio_gpio_init  myradio_gpio.o
    0x08008cda   0x08008cda   0x00000002   PAD
    0x08008cdc   0x08008cdc   0x0000014a   Code   RO         2201    .text.myRadio_init  myradio.o
    0x08008e26   0x08008e26   0x00000002   PAD
    0x08008e28   0x08008e28   0x00000030   Code   RO         2215    .text.myRadio_process  myradio.o
    0x08008e58   0x08008e58   0x00000038   Code   RO         2241    .text.myRadio_receiver  myradio.o
    0x08008e90   0x08008e90   0x000000a2   Code   RO         2229    .text.myRadio_setBaudrate  myradio.o
    0x08008f32   0x08008f32   0x00000002   PAD
    0x08008f34   0x08008f34   0x00000026   Code   RO         2221    .text.myRadio_setFrequency  myradio.o
    0x08008f5a   0x08008f5a   0x00000002   PAD
    0x08008f5c   0x08008f5c   0x0000001e   Code   RO         2225    .text.myRadio_setTxPower  myradio.o
    0x08008f7a   0x08008f7a   0x00000002   PAD
    0x08008f7c   0x08008f7c   0x0000004a   Code   RO         2239    .text.myRadio_transmit  myradio.o
    0x08008fc6   0x08008fc6   0x00000002   PAD
    0x08008fc8   0x08008fc8   0x00000020   Code   RO         1719    .text.osDelay       cmsis_os2.o
    0x08008fe8   0x08008fe8   0x00000010   Code   RO         1675    .text.osKernelGetTickCount  cmsis_os2.o
    0x08008ff8   0x08008ff8   0x00000028   Code   RO         1661    .text.osKernelInitialize  cmsis_os2.o
    0x08009020   0x08009020   0x0000003c   Code   RO         1667    .text.osKernelStart  cmsis_os2.o
    0x0800905c   0x0800905c   0x00000086   Code   RO         1773    .text.osMessageQueueGet  cmsis_os2.o
    0x080090e2   0x080090e2   0x00000002   PAD
    0x080090e4   0x080090e4   0x000000a6   Code   RO         1769    .text.osMessageQueueNew  cmsis_os2.o
    0x0800918a   0x0800918a   0x00000002   PAD
    0x0800918c   0x0800918c   0x0000008c   Code   RO         1771    .text.osMessageQueuePut  cmsis_os2.o
    0x08009218   0x08009218   0x000000be   Code   RO         1683    .text.osThreadNew   cmsis_os2.o
    0x080092d6   0x080092d6   0x00000002   PAD
    0x080092d8   0x080092d8   0x0000011c   Code   RO         1469    .text.prvAddNewTaskToReadyList  tasks.o
    0x080093f4   0x080093f4   0x0000007c   Code   RO         1604    .text.prvCheckForValidListAndQueue  timers.o
    0x08009470   0x08009470   0x0000009a   Code   RO         1501    .text.prvIdleTask   tasks.o
    0x0800950a   0x0800950a   0x00000002   PAD
    0x0800950c   0x0800950c   0x00000028   Code   RO         1866    .text.prvPortStartFirstTask  port.o
    0x08009534   0x08009534   0x000000ea   Code   RO         1640    .text.prvSampleTimeNow  timers.o
    0x0800961e   0x0800961e   0x00000002   PAD
    0x08009620   0x08009620   0x00000032   Code   RO         1856    .text.prvTaskExitError  port.o
    0x08009652   0x08009652   0x00000002   PAD
    0x08009654   0x08009654   0x000002ba   Code   RO         1606    .text.prvTimerTask  timers.o
    0x0800990e   0x0800990e   0x00000002   PAD
    0x08009910   0x08009910   0x00000074   Code   RO         1368    .text.prvUnlockQueue  queue.o
    0x08009984   0x08009984   0x000001a0   Code   RO         1826    .text.pvPortMalloc  heap_4.o
    0x08009b24   0x08009b24   0x00000024   Code   RO         1854    .text.pxPortInitialiseStack  port.o
    0x08009b48   0x08009b48   0x0000004e   Code   RO           55    .text.rfRxCallback  freertos.o
    0x08009b96   0x08009b96   0x00000002   PAD
    0x08009b98   0x08009b98   0x00000024   Code   RO         1332    .text.uxListRemove  list.o
    0x08009bbc   0x08009bbc   0x0000001a   Code   RO         1809    .text.vApplicationGetIdleTaskMemory  cmsis_os2.o
    0x08009bd6   0x08009bd6   0x00000002   PAD
    0x08009bd8   0x08009bd8   0x0000001c   Code   RO         1811    .text.vApplicationGetTimerTaskMemory  cmsis_os2.o
    0x08009bf4   0x08009bf4   0x00000002   Code   RO           37    .text.vApplicationIdleHook  freertos.o
    0x08009bf6   0x08009bf6   0x00000002   PAD
    0x08009bf8   0x08009bf8   0x00000002   Code   RO           39    .text.vApplicationStackOverflowHook  freertos.o
    0x08009bfa   0x08009bfa   0x00000002   PAD
    0x08009bfc   0x08009bfc   0x00000016   Code   RO         1324    .text.vListInitialise  list.o
    0x08009c12   0x08009c12   0x00000002   PAD
    0x08009c14   0x08009c14   0x00000006   Code   RO         1326    .text.vListInitialiseItem  list.o
    0x08009c1a   0x08009c1a   0x00000002   PAD
    0x08009c1c   0x08009c1c   0x0000003a   Code   RO         1330    .text.vListInsert   list.o
    0x08009c56   0x08009c56   0x00000002   PAD
    0x08009c58   0x08009c58   0x0000001c   Code   RO         1328    .text.vListInsertEnd  list.o
    0x08009c74   0x08009c74   0x00000014   Code   RO         1864    .text.vPortEnableVFP  port.o
    0x08009c88   0x08009c88   0x00000046   Code   RO         1870    .text.vPortEnterCritical  port.o
    0x08009cce   0x08009cce   0x00000002   PAD
    0x08009cd0   0x08009cd0   0x0000002e   Code   RO         1872    .text.vPortExitCritical  port.o
    0x08009cfe   0x08009cfe   0x00000002   PAD
    0x08009d00   0x08009d00   0x000000d6   Code   RO         1828    .text.vPortFree     heap_4.o
    0x08009dd6   0x08009dd6   0x00000002   PAD
    0x08009dd8   0x08009dd8   0x00000034   Code   RO         1862    .text.vPortSetupTimerInterrupt  port.o
    0x08009e0c   0x08009e0c   0x00000062   Code   RO         1878    .text.vPortValidateInterruptPriority  port.o
    0x08009e6e   0x08009e6e   0x00000002   PAD
    0x08009e70   0x08009e70   0x00000028   Code   RO         1402    .text.vQueueAddToRegistry  queue.o
    0x08009e98   0x08009e98   0x00000046   Code   RO         1406    .text.vQueueWaitForMessageRestricted  queue.o
    0x08009ede   0x08009ede   0x00000002   PAD
    0x08009ee0   0x08009ee0   0x000000aa   Code   RO         1481    .text.vTaskDelay    tasks.o
    0x08009f8a   0x08009f8a   0x00000002   PAD
    0x08009f8c   0x08009f8c   0x000000ee   Code   RO         1475    .text.vTaskDelayUntil  tasks.o
    0x0800a07a   0x0800a07a   0x00000002   PAD
    0x0800a07c   0x0800a07c   0x0000001a   Code   RO         1531    .text.vTaskInternalSetTimeOutState  tasks.o
    0x0800a096   0x0800a096   0x00000002   PAD
    0x0800a098   0x0800a098   0x0000000e   Code   RO         1535    .text.vTaskMissedYield  tasks.o
    0x0800a0a6   0x0800a0a6   0x00000002   PAD
    0x0800a0a8   0x0800a0a8   0x00000096   Code   RO         1519    .text.vTaskPlaceOnEventList  tasks.o
    0x0800a13e   0x0800a13e   0x00000002   PAD
    0x0800a140   0x0800a140   0x000000a8   Code   RO         1523    .text.vTaskPlaceOnEventListRestricted  tasks.o
    0x0800a1e8   0x0800a1e8   0x000000a4   Code   RO         1499    .text.vTaskStartScheduler  tasks.o
    0x0800a28c   0x0800a28c   0x00000010   Code   RO         1477    .text.vTaskSuspendAll  tasks.o
    0x0800a29c   0x0800a29c   0x000000c2   Code   RO         1493    .text.vTaskSwitchContext  tasks.o
    0x0800a35e   0x0800a35e   0x00000002   PAD
    0x0800a360   0x0800a360   0x0000017c   Code   RO         2137    .text.valSend       touchscreen.o
    0x0800a4dc   0x0800a4dc   0x0000012e   Code   RO         1860    .text.xPortStartScheduler  port.o
    0x0800a60a   0x0800a60a   0x00000002   PAD
    0x0800a60c   0x0800a60c   0x0000002e   Code   RO         1876    .text.xPortSysTickHandler  port.o
    0x0800a63a   0x0800a63a   0x00000002   PAD
    0x0800a63c   0x0800a63c   0x00000082   Code   RO         1346    .text.xQueueGenericCreate  queue.o
    0x0800a6be   0x0800a6be   0x00000002   PAD
    0x0800a6c0   0x0800a6c0   0x000000da   Code   RO         1344    .text.xQueueGenericCreateStatic  queue.o
    0x0800a79a   0x0800a79a   0x00000002   PAD
    0x0800a79c   0x0800a79c   0x00000214   Code   RO         1358    .text.xQueueGenericSend  queue.o
    0x0800a9b0   0x0800a9b0   0x0000013a   Code   RO         1370    .text.xQueueGenericSendFromISR  queue.o
    0x0800aaea   0x0800aaea   0x00000002   PAD
    0x0800aaec   0x0800aaec   0x000001a8   Code   RO         1374    .text.xQueueReceive  queue.o
    0x0800ac94   0x0800ac94   0x000000be   Code   RO         1378    .text.xQueueReceiveFromISR  queue.o
    0x0800ad52   0x0800ad52   0x00000002   PAD
    0x0800ad54   0x0800ad54   0x0000008c   Code   RO         1533    .text.xTaskCheckForTimeOut  tasks.o
    0x0800ade0   0x0800ade0   0x000000dc   Code   RO         1471    .text.xTaskCreate   tasks.o
    0x0800aebc   0x0800aebc   0x000000ea   Code   RO         1467    .text.xTaskCreateStatic  tasks.o
    0x0800afa6   0x0800afa6   0x00000002   PAD
    0x0800afa8   0x0800afa8   0x00000026   Code   RO         1547    .text.xTaskGetSchedulerState  tasks.o
    0x0800afce   0x0800afce   0x00000002   PAD
    0x0800afd0   0x0800afd0   0x0000000c   Code   RO         1507    .text.xTaskGetTickCount  tasks.o
    0x0800afdc   0x0800afdc   0x00000012   Code   RO         1509    .text.xTaskGetTickCountFromISR  tasks.o
    0x0800afee   0x0800afee   0x00000002   PAD
    0x0800aff0   0x0800aff0   0x0000016e   Code   RO         1505    .text.xTaskIncrementTick  tasks.o
    0x0800b15e   0x0800b15e   0x00000002   PAD
    0x0800b160   0x0800b160   0x0000009a   Code   RO         1551    .text.xTaskPriorityDisinherit  tasks.o
    0x0800b1fa   0x0800b1fa   0x00000002   PAD
    0x0800b1fc   0x0800b1fc   0x0000008e   Code   RO         1525    .text.xTaskRemoveFromEventList  tasks.o
    0x0800b28a   0x0800b28a   0x00000002   PAD
    0x0800b28c   0x0800b28c   0x00000134   Code   RO         1479    .text.xTaskResumeAll  tasks.o
    0x0800b3c0   0x0800b3c0   0x00000074   Code   RO         1602    .text.xTimerCreateTimerTask  timers.o
    0x0800b434   0x0800b434   0x00000004   PAD
    0x0800b438   0x0800b438   0x00000118   Code   RO         2706    i.__hardfp_ceil     m_wm.l(ceil.o)
    0x0800b550   0x0800b550   0x00000118   Code   RO         2712    i.__hardfp_floor    m_wm.l(floor.o)
    0x0800b668   0x0800b668   0x00000010   Code   RO         2718    i.__hardfp_rint     m_wm.l(rint.o)
    0x0800b678   0x0800b678   0x00000062   Code   RO         2678    x$fpl$d2f           fz_wm.l(d2f.o)
    0x0800b6da   0x0800b6da   0x00000002   PAD
    0x0800b6dc   0x0800b6dc   0x00000150   Code   RO         2680    x$fpl$dadd          fz_wm.l(daddsub_clz.o)
    0x0800b82c   0x0800b82c   0x00000018   Code   RO         2904    x$fpl$dcmpinf       fz_wm.l(dcmpi.o)
    0x0800b844   0x0800b844   0x000002b8   Code   RO         2689    x$fpl$ddiv          fz_wm.l(ddiv.o)
    0x0800bafc   0x0800bafc   0x00000078   Code   RO         2816    x$fpl$deqf          fz_wm.l(deqf.o)
    0x0800bb74   0x0800bb74   0x0000005a   Code   RO         2692    x$fpl$dfixu         fz_wm.l(dfixu.o)
    0x0800bbce   0x0800bbce   0x0000002e   Code   RO         2697    x$fpl$dflt          fz_wm.l(dflt_clz.o)
    0x0800bbfc   0x0800bbfc   0x00000026   Code   RO         2696    x$fpl$dfltu         fz_wm.l(dflt_clz.o)
    0x0800bc22   0x0800bc22   0x00000002   PAD
    0x0800bc24   0x0800bc24   0x00000078   Code   RO         2818    x$fpl$dgeqf         fz_wm.l(dgeqf.o)
    0x0800bc9c   0x0800bc9c   0x00000078   Code   RO         2820    x$fpl$dleqf         fz_wm.l(dleqf.o)
    0x0800bd14   0x0800bd14   0x00000154   Code   RO         2702    x$fpl$dmul          fz_wm.l(dmul.o)
    0x0800be68   0x0800be68   0x0000009c   Code   RO         2822    x$fpl$dnaninf       fz_wm.l(dnaninf.o)
    0x0800bf04   0x0800bf04   0x0000000c   Code   RO         2824    x$fpl$dretinf       fz_wm.l(dretinf.o)
    0x0800bf10   0x0800bf10   0x0000006c   Code   RO         2826    x$fpl$drleqf        fz_wm.l(drleqf.o)
    0x0800bf7c   0x0800bf7c   0x000000b4   Code   RO         2828    x$fpl$drnd          fz_wm.l(drnd.o)
    0x0800c030   0x0800c030   0x00000016   Code   RO         2681    x$fpl$drsb          fz_wm.l(daddsub_clz.o)
    0x0800c046   0x0800c046   0x00000002   PAD
    0x0800c048   0x0800c048   0x000001dc   Code   RO         2682    x$fpl$dsub          fz_wm.l(daddsub_clz.o)
    0x0800c224   0x0800c224   0x00000056   Code   RO         2704    x$fpl$f2d           fz_wm.l(f2d.o)
    0x0800c27a   0x0800c27a   0x00000054   Code   RO         2686    x$fpl$fcmp          fz_wm.l(dcmp.o)
    0x0800c2ce   0x0800c2ce   0x0000008c   Code   RO         2830    x$fpl$fnaninf       fz_wm.l(fnaninf.o)
    0x0800c35a   0x0800c35a   0x0000001a   Code   RO         2906    x$fpl$fpinit        fz_wm.l(fpinit.o)
    0x0800c374   0x0800c374   0x0000000a   Code   RO         2832    x$fpl$fretinf       fz_wm.l(fretinf.o)
    0x0800c37e   0x0800c37e   0x00000000   Code   RO         2834    x$fpl$usenofp       fz_wm.l(usenofp.o)
    0x0800c37e   0x0800c37e   0x00000010   Data   RO         1277    .rodata.AHBPrescTable  system_stm32f4xx.o
    0x0800c38e   0x0800c38e   0x00000008   Data   RO         1278    .rodata.APBPrescTable  system_stm32f4xx.o
    0x0800c396   0x0800c396   0x00000004   Data   RO         2386    .rodata.Bandwidths  radio.o
    0x0800c39a   0x0800c39a   0x00000002   PAD
    0x0800c39c   0x0800c39c   0x000000b0   Data   RO         2385    .rodata.FskBandwidths  radio.o
    0x0800c44c   0x0800c44c   0x00000024   Data   RO           62    .rodata.Joystick_Task_attributes  freertos.o
    0x0800c470   0x0800c470   0x00000024   Data   RO           61    .rodata.Key_Task_attributes  freertos.o
    0x0800c494   0x0800c494   0x00000024   Data   RO           65    .rodata.LCDLED_Task_attributes  freertos.o
    0x0800c4b8   0x0800c4b8   0x00000024   Data   RO           64    .rodata.LORAmsg_Task_attributes  freertos.o
    0x0800c4dc   0x0800c4dc   0x0000006c   Data   RO         2383    .rodata.Radio       radio.o
    0x0800c548   0x0800c548   0x000000c0   Data   RO         2397    .rodata.RadioLoRaSymbTime  radio.o
    0x0800c608   0x0800c608   0x00000024   Data   RO           63    .rodata.TJCmsg_Task_attributes  freertos.o
    0x0800c62c   0x0800c62c   0x00000024   Data   RO           60    .rodata.TJCshow_Task_attributes  freertos.o
    0x0800c650   0x0800c650   0x00000474   Data   RO         2101    .rodata.ascii_1206  tft_driver.o
    0x0800cac4   0x0800cac4   0x000005f0   Data   RO         2102    .rodata.ascii_1608  tft_driver.o
    0x0800d0b4   0x0800d0b4   0x000011d0   Data   RO         2103    .rodata.ascii_2412  tft_driver.o
    0x0800e284   0x0800e284   0x000017c0   Data   RO         2104    .rodata.ascii_3216  tft_driver.o
    0x0800fa44   0x0800fa44   0x00000008   Data   RO          820    .rodata.cst8        stm32f4xx_hal_dma.o
    0x0800fa4c   0x0800fa4c   0x00000018   Data   RO         2247    .rodata.loraBaudrateFrame  myradio.o
    0x0800fa64   0x0800fa64   0x00000049   Data   RO           59    .rodata.str1.1      freertos.o
    0x0800faad   0x0800faad   0x0000001d   Data   RO         2011    .rodata.str1.1      input.o
    0x0800faca   0x0800faca   0x00000002   PAD
    0x0800facc   0x0800facc   0x00000032   Data   RO         2151    .rodata.str1.4      touchscreen.o
    0x0800fafe   0x0800fafe   0x00000002   PAD
    0x0800fb00   0x0800fb00   0x0000000c   Data   RO         2146    .rodata.valid_value  touchscreen.o
    0x0800fb0c   0x0800fb0c   0x00000020   Data   RO         3047    Region$$Table       anon$$obj.o


    Execution Region RW_IRAM1 (Exec base: 0x20000000, Load base: 0x0800fb30, Size: 0x00006dd8, Max: 0x0001c000, ABSOLUTE)

    Exec Addr    Load Addr    Size         Type   Attr      Idx    E Section Name        Object

    0x20000000   0x0800fb30   0x00000001   Data   RW         2006    .data.Dead_zone     input.o
    0x20000001   0x0800fb31   0x00000001   Data   RW         2007    .data.Dead_zone_w   input.o
    0x20000002   0x0800fb32   0x00000001   Data   RW           73    .data.KeyTask.keyTaskLastToggleNum  freertos.o
    0x20000003   0x0800fb33   0x00000001   PAD
    0x20000004   0x0800fb34   0x00000002   Data   RW         2008    .data.Kv            input.o
    0x20000006   0x0800fb36   0x00000002   Data   RW         2009    .data.Kw            input.o
    0x20000008   0x0800fb38   0x0000000c   Data   RW         2004    .data.L1val         input.o
    0x20000014   0x0800fb44   0x00000001   Data   RW         2248    .data.LoRaOn        myradio.o
    0x20000015   0x0800fb45   0x00000001   Data   RW         2387    .data.MaxPayloadLength  radio.o
    0x20000016   0x0800fb46   0x0000000c   Data   RW         2005    .data.Rval          input.o
    0x20000022   0x0800fb52   0x00000002   PAD
    0x20000024   0x0800fb54   0x00000004   Data   RW         1276    .data.SystemCoreClock  system_stm32f4xx.o
    0x20000028   0x0800fb58   0x00000001   Data   RW         1998    .data.ToggleScan.last_raw  input.o
    0x20000029   0x0800fb59   0x00000001   Data   RW         1997    .data.ToggleScan.last_stable  input.o
    0x2000002a   0x0800fb5a   0x00000004   Data   RW         2145    .data.end           touchscreen.o
    0x2000002e   0x0800fb5e   0x00000001   Data   RW         2148    .data.msgbackIndex  touchscreen.o
    0x2000002f   0x0800fb5f   0x00000001   Data   RW         2384    .data.regulatorMode  radio.o
    0x20000030   0x0800fb60   0x00000008   Data   RW         2392    .data.syncWord      radio.o
    0x20000038   0x0800fb68   0x00000016   Data   RW         2141    .data.tjcMsg        touchscreen.o
    0x2000004e   0x0800fb7e   0x00000001   Data   RW          998    .data.uwTickFreq    stm32f4xx_hal.o
    0x2000004f   0x0800fb7f   0x00000001   PAD
    0x20000050   0x0800fb80   0x00000004   Data   RW          997    .data.uwTickPrio    stm32f4xx_hal.o
    0x20000054   0x0800fb84   0x00000004   Data   RW         1882    .data.uxCriticalNesting  port.o
    0x20000058        -       0x00000060   Zero   RW         2848    .bss                c_w.l(libspace.o)
    0x200000b8        -       0x0000000a   Zero   RW         2001    .bss.ADC_buffer     input.o
    0x200000c2   0x0800fb88   0x00000002   PAD
    0x200000c4        -       0x00000004   Zero   RW         2546    .bss.FrequencyError  sx126x.o
    0x200000c8        -       0x00000001   Zero   RW         2548    .bss.ImageCalibrated  sx126x.o
    0x200000c9        -       0x00000001   Zero   RW         2391    .bss.IrqFired       radio.o
    0x200000ca        -       0x00000006   Zero   RW         2010    .bss.JScontrolmsg   input.o
    0x200000d0        -       0x00000001   Zero   RW         2000    .bss.JSdataInitnum  input.o
    0x200000d1   0x0800fb88   0x00000003   PAD
    0x200000d4        -       0x00000004   Zero   RW           75    .bss.JoystickTask.last_send_tick  freertos.o
    0x200000d8        -       0x0000002d   Zero   RW           74    .bss.JoystickTask.r1_last  freertos.o
    0x20000105   0x0800fb88   0x00000003   PAD
    0x20000108        -       0x00000004   Zero   RW           69    .bss.Joystick_TaskHandle  freertos.o
    0x2000010c        -       0x00000004   Zero   RW         1813    .bss.KernelState    cmsis_os2.o
    0x20000110        -       0x00000098   Zero   RW         1994    .bss.Key            input.o
    0x200001a8        -       0x00000004   Zero   RW         1996    .bss.KeyScan.last_key_state  input.o
    0x200001ac        -       0x00000004   Zero   RW           68    .bss.Key_TaskHandle  freertos.o
    0x200001b0        -       0x00000004   Zero   RW         2002    .bss.L1             input.o
    0x200001b4        -       0x00000004   Zero   RW           72    .bss.LCDLED_TaskHandle  freertos.o
    0x200001b8        -       0x00000110   Zero   RW           77    .bss.LORAmsgTask.txPacket  freertos.o
    0x200002c8        -       0x00000004   Zero   RW           71    .bss.LORAmsg_TaskHandle  freertos.o
    0x200002cc        -       0x00000004   Zero   RW           66    .bss.LoRaTxQueueHandle  freertos.o
    0x200002d0        -       0x0000000c   Zero   RW         2144    .bss.MapState       touchscreen.o
    0x200002dc        -       0x00000001   Zero   RW         2142    .bss.Mapindex       touchscreen.o
    0x200002dd        -       0x00000001   Zero   RW         2549    .bss.OperatingMode  sx126x.o
    0x200002de        -       0x00000001   Zero   RW         2550    .bss.PacketType     sx126x.o
    0x200002df   0x0800fb88   0x00000001   PAD
    0x200002e0        -       0x00000004   Zero   RW         2003    .bss.R              input.o
    0x200002e4        -       0x0000001c   Zero   RW         2250    .bss.RadioEvents    myradio.o
    0x20000300        -       0x00000004   Zero   RW         2393    .bss.RadioEvents    radio.o
    0x20000304        -       0x00000014   Zero   RW         2399    .bss.RadioPktStatus  radio.o
    0x20000318        -       0x00000001   Zero   RW         2394    .bss.RadioPublicNetwork.0  radio.o
    0x20000319        -       0x00000001   Zero   RW         2395    .bss.RadioPublicNetwork.1  radio.o
    0x2000031a        -       0x000000ff   Zero   RW         2398    .bss.RadioRxPayload  radio.o
    0x20000419        -       0x00000001   Zero   RW         2390    .bss.RxContinuous   radio.o
    0x2000041a   0x0800fb88   0x00000002   PAD
    0x2000041c        -       0x00000004   Zero   RW         2389    .bss.RxTimeout      radio.o
    0x20000420        -       0x0000003c   Zero   RW         2396    .bss.SX126x         radio.o
    0x2000045c        -       0x00000001   Zero   RW         2249    .bss.State          myradio.o
    0x2000045d   0x0800fb88   0x00000003   PAD
    0x20000460        -       0x00000004   Zero   RW         1934    .bss.TJCMsgRxQueue  fifo_queue.o
    0x20000464        -       0x00000004   Zero   RW           70    .bss.TJCmsg_TaskHandle  freertos.o
    0x20000468        -       0x00000001   Zero   RW           76    .bss.TJCrxmsg       freertos.o
    0x20000469   0x0800fb88   0x00000003   PAD
    0x2000046c        -       0x00000004   Zero   RW           67    .bss.TJCshow_TaskHandle  freertos.o
    0x20000470        -       0x00000001   Zero   RW         1999    .bss.ToggleScan.stable_cnt  input.o
    0x20000471   0x0800fb88   0x00000003   PAD
    0x20000474        -       0x00000004   Zero   RW         2388    .bss.TxTimeout      radio.o
    0x20000478        -       0x00000032   Zero   RW         2150    .bss.TxtmsgSendTemp  touchscreen.o
    0x200004aa   0x0800fb88   0x00000002   PAD
    0x200004ac        -       0x0000008c   Zero   RW         2174    .bss.U2DataFrame    uart_protocol.o
    0x20000538        -       0x00000004   Zero   RW         1932    .bss.U2msgRxQueue   fifo_queue.o
    0x2000053c        -       0x00000004   Zero   RW         1933    .bss.U2msgTxQueue   fifo_queue.o
    0x20000540        -       0x00000001   Zero   RW         2175    .bss.bwTemp         uart_protocol.o
    0x20000541        -       0x00000001   Zero   RW         2251    .bss.chipType       myradio.o
    0x20000542        -       0x00000001   Zero   RW         2147    .bss.dualswitchvalIndex  touchscreen.o
    0x20000543        -       0x00000006   Zero   RW         1903    .bss.flag           app_state.o
    0x20000549        -       0x00000001   Zero   RW           57    .bss.g_rfRxFlag     freertos.o
    0x2000054a   0x0800fb88   0x00000002   PAD
    0x2000054c        -       0x00000118   Zero   RW           78    .bss.g_rfRxPacket   freertos.o
    0x20000664        -       0x00000001   Zero   RW           58    .bss.g_rfTxBusy     freertos.o
    0x20000665   0x0800fb88   0x00000003   PAD
    0x20000668        -       0x00000004   Zero   RW         2306    .bss.gpioCallback   myradio_gpio.o
    0x2000066c        -       0x00000048   Zero   RW           93    .bss.hadc1          adc.o
    0x200006b4        -       0x00000060   Zero   RW           94    .bss.hdma_adc1      adc.o
    0x20000714        -       0x00000060   Zero   RW          139    .bss.hdma_tim3_ch4_up  tim.o
    0x20000774        -       0x00000060   Zero   RW          158    .bss.hdma_usart2_rx  usart.o
    0x200007d4        -       0x00000060   Zero   RW          159    .bss.hdma_usart2_tx  usart.o
    0x20000834        -       0x00000060   Zero   RW          160    .bss.hdma_usart3_rx  usart.o
    0x20000894        -       0x00000060   Zero   RW          161    .bss.hdma_usart3_tx  usart.o
    0x200008f4        -       0x00000058   Zero   RW          120    .bss.hspi1          spi.o
    0x2000094c        -       0x00000058   Zero   RW          121    .bss.hspi2          spi.o
    0x200009a4        -       0x00000048   Zero   RW          138    .bss.htim3          tim.o
    0x200009ec        -       0x00000048   Zero   RW          224    .bss.htim8          stm32f4xx_hal_timebase_tim.o
    0x20000a34        -       0x00000048   Zero   RW          156    .bss.huart2         usart.o
    0x20000a7c        -       0x00000048   Zero   RW          157    .bss.huart3         usart.o
    0x20000ac4        -       0x00000001   Zero   RW         2547    .bss.isTxcoModule   sx126x.o
    0x20000ac5   0x0800fb88   0x00000003   PAD
    0x20000ac8        -       0x00000010   Zero   RW         1960    .bss.left1_LPF      filter.o
    0x20000ad8        -       0x00000010   Zero   RW         1961    .bss.left2_LPF      filter.o
    0x20000ae8        -       0x00000032   Zero   RW         2149    .bss.msgSendTemp    touchscreen.o
    0x20000b1a        -       0x000000a0   Zero   RW         1650    .bss.prvCheckForValidListAndQueue.ucStaticTimerQueueStorage  timers.o
    0x20000bba   0x0800fb88   0x00000002   PAD
    0x20000bbc        -       0x00000050   Zero   RW         1649    .bss.prvCheckForValidListAndQueue.xStaticTimerQueue  timers.o
    0x20000c0c        -       0x00000004   Zero   RW         1646    .bss.prvSampleTimeNow.xLastTime  timers.o
    0x20000c10        -       0x00000004   Zero   RW         1573    .bss.pxCurrentTCB   tasks.o
    0x20000c14        -       0x00000004   Zero   RW         1644    .bss.pxCurrentTimerList  timers.o
    0x20000c18        -       0x00000004   Zero   RW         1581    .bss.pxDelayedTaskList  tasks.o
    0x20000c1c        -       0x00000004   Zero   RW         1838    .bss.pxEnd          heap_4.o
    0x20000c20        -       0x00000004   Zero   RW         1582    .bss.pxOverflowDelayedTaskList  tasks.o
    0x20000c24        -       0x00000004   Zero   RW         1645    .bss.pxOverflowTimerList  timers.o
    0x20000c28        -       0x00000460   Zero   RW         1584    .bss.pxReadyTasksLists  tasks.o
    0x20001088        -       0x00000021   Zero   RW         2032    .bss.r1backmsg      robot_msg.o
    0x200010a9        -       0x0000002d   Zero   RW         2031    .bss.r1controlmsg   robot_msg.o
    0x200010d6   0x0800fb88   0x00000002   PAD
    0x200010d8        -       0x00000004   Zero   RW         2256    .bss.rfBaudrate     myradio.o
    0x200010dc        -       0x00000004   Zero   RW         2254    .bss.rfFrequence    myradio.o
    0x200010e0        -       0x00000001   Zero   RW         2255    .bss.rfTxPower      myradio.o
    0x200010e1   0x0800fb88   0x00000003   PAD
    0x200010e4        -       0x00000001   Zero   RW         2253    .bss.rf_handle      myradio.o
    0x200010e5   0x0800fb88   0x00000003   PAD
    0x200010e8        -       0x00000010   Zero   RW         1962    .bss.right1_LPF     filter.o
    0x200010f8        -       0x00000010   Zero   RW         1963    .bss.right2_LPF     filter.o
    0x20001108        -       0x00000004   Zero   RW         2252    .bss.rxCb           myradio.o
    0x2000110c        -       0x00000014   Zero   RW         1904    .bss.temp           app_state.o
    0x20001120        -       0x00000001   Zero   RW         2176    .bss.tjcTemp        uart_protocol.o
    0x20001121   0x0800fb88   0x00000003   PAD
    0x20001124        -       0x00000004   Zero   RW         2143    .bss.total          touchscreen.o
    0x20001128        -       0x000032c8   Zero   RW         1845    .bss.ucHeap         heap_4.o
    0x200043f0        -       0x00000001   Zero   RW         1880    .bss.ucMaxSysCallPriority  port.o
    0x200043f1   0x0800fb88   0x00000003   PAD
    0x200043f4        -       0x00000004   Zero   RW         1881    .bss.ulMaxPRIGROUPValue  port.o
    0x200043f8        -       0x00000004   Zero   RW          999    .bss.uwTick         stm32f4xx_hal.o
    0x200043fc        -       0x00000004   Zero   RW         1577    .bss.uxCurrentNumberOfTasks  tasks.o
    0x20004400        -       0x00000004   Zero   RW         1576    .bss.uxDeletedTasksWaitingCleanUp  tasks.o
    0x20004404        -       0x00000004   Zero   RW         1579    .bss.uxSchedulerSuspended  tasks.o
    0x20004408        -       0x00000004   Zero   RW         1574    .bss.uxTaskNumber   tasks.o
    0x2000440c        -       0x00000004   Zero   RW         1585    .bss.uxTopReadyPriority  tasks.o
    0x20004410        -       0x00000200   Zero   RW         1815    .bss.vApplicationGetIdleTaskMemory.Idle_Stack  cmsis_os2.o
    0x20004610        -       0x0000005c   Zero   RW         1814    .bss.vApplicationGetIdleTaskMemory.Idle_TCB  cmsis_os2.o
    0x2000466c        -       0x00000400   Zero   RW         1817    .bss.vApplicationGetTimerTaskMemory.Timer_Stack  cmsis_os2.o
    0x20004a6c        -       0x0000005c   Zero   RW         1816    .bss.vApplicationGetTimerTaskMemory.Timer_TCB  cmsis_os2.o
    0x20004ac8        -       0x00000014   Zero   RW         1647    .bss.xActiveTimerList1  timers.o
    0x20004adc        -       0x00000014   Zero   RW         1648    .bss.xActiveTimerList2  timers.o
    0x20004af0        -       0x00000001   Zero   RW         1839    .bss.xBlockAllocatedBit  heap_4.o
    0x20004af1   0x0800fb88   0x00000003   PAD
    0x20004af4        -       0x00000014   Zero   RW         1592    .bss.xDelayedTaskList1  tasks.o
    0x20004b08        -       0x00000014   Zero   RW         1593    .bss.xDelayedTaskList2  tasks.o
    0x20004b1c        -       0x00000004   Zero   RW         1840    .bss.xFreeBytesRemaining  heap_4.o
    0x20004b20        -       0x00000004   Zero   RW         1587    .bss.xIdleTaskHandle  tasks.o
    0x20004b24        -       0x00000004   Zero   RW         1842    .bss.xMinimumEverFreeBytesRemaining  heap_4.o
    0x20004b28        -       0x00000004   Zero   RW         1588    .bss.xNextTaskUnblockTime  tasks.o
    0x20004b2c        -       0x00000004   Zero   RW         1591    .bss.xNumOfOverflows  tasks.o
    0x20004b30        -       0x00000004   Zero   RW         1843    .bss.xNumberOfSuccessfulAllocations  heap_4.o
    0x20004b34        -       0x00000004   Zero   RW         1844    .bss.xNumberOfSuccessfulFrees  heap_4.o
    0x20004b38        -       0x00000004   Zero   RW         1590    .bss.xPendedTicks   tasks.o
    0x20004b3c        -       0x00000014   Zero   RW         1586    .bss.xPendingReadyList  tasks.o
    0x20004b50        -       0x00000040   Zero   RW         1408    .bss.xQueueRegistry  queue.o
    0x20004b90        -       0x00000004   Zero   RW         1578    .bss.xSchedulerRunning  tasks.o
    0x20004b94        -       0x00000008   Zero   RW         1841    .bss.xStart         heap_4.o
    0x20004b9c        -       0x00000014   Zero   RW         1583    .bss.xSuspendedTaskList  tasks.o
    0x20004bb0        -       0x00000014   Zero   RW         1575    .bss.xTasksWaitingTermination  tasks.o
    0x20004bc4        -       0x00000004   Zero   RW         1580    .bss.xTickCount     tasks.o
    0x20004bc8        -       0x00000004   Zero   RW         1642    .bss.xTimerQueue    timers.o
    0x20004bcc        -       0x00000004   Zero   RW         1643    .bss.xTimerTaskHandle  timers.o
    0x20004bd0        -       0x00000004   Zero   RW         1589    .bss.xYieldPending  tasks.o
    0x20004bd4   0x0800fb88   0x00000004   PAD
    0x20004bd8        -       0x00001200   Zero   RW            2    HEAP                startup_stm32f405xx.o
    0x20005dd8        -       0x00001000   Zero   RW            1    STACK               startup_stm32f405xx.o


    Execution Region RW_IRAM2 (Exec base: 0x2001c000, Load base: 0x0800fb88, Size: 0x00000000, Max: 0x00004000, ABSOLUTE)

    **** No section assigned to this execution region ****


==============================================================================

Image component sizes


      Code (inc. data)   RO Data    RW Data    ZI Data      Debug   Object Name

       458          0          0          0        168       5302   adc.o
       440        140          0          0          0       1517   app_init.o
        52          0          0          0         26       1164   app_state.o
       862          0          0          0       1724      42010   cmsis_os2.o
       156          0          0          0          0       3476   dma.o
       250          0          0          0         12       3934   fifo_queue.o
       154         16          0          0         64       3850   filter.o
       960          0        289          1        632       7087   freertos.o
       382          0          0          0          0       4164   gpio.o
       630          0          0          0      13029       5166   heap_4.o
      2884        356         29         32        182       9125   input.o
       150          0          0          0          0       2231   list.o
       254          0          0          0          0       6197   main.o
      1180          0         24          1         44       8046   myradio.o
       366          0          0          0          4       8491   myradio_gpio.o
       896         16          0          4          5       4090   port.o
      2034          0          0          0         64      25269   queue.o
      2460         96        480         10        351      16783   radio.o
       172          0          0          0         78       3622   robot_msg.o
       744         52          0          0          0       3365   screen_ui.o
       340          0          0          0        176       5544   spi.o
        64         26        392          0       8704        836   startup_stm32f405xx.o
       132          0          0          5          4       7260   stm32f4xx_hal.o
      1158          0          0          0          0      11594   stm32f4xx_hal_adc.o
       152          0          0          0          0      10681   stm32f4xx_hal_cortex.o
      1034          4          8          0          0       9678   stm32f4xx_hal_dma.o
       446          0          0          0          0       5110   stm32f4xx_hal_gpio.o
        66          0          0          0          0       3497   stm32f4xx_hal_msp.o
      1454          0          0          0          0       7334   stm32f4xx_hal_rcc.o
      1932          0          0          0          0      23363   stm32f4xx_hal_spi.o
      1938          4          0          0          0      57772   stm32f4xx_hal_tim.o
       192          0          0          0          0      22060   stm32f4xx_hal_tim_ex.o
       172          0          0          0         72       7179   stm32f4xx_hal_timebase_tim.o
      2054          0          0          0          0      26098   stm32f4xx_hal_uart.o
       126          0          0          0          0       6366   stm32f4xx_it.o
       470          0          0          0          0       5812   sx126x-board.o
      1992         32          0          0          8      21373   sx126x.o
        18          0         24          4          0       2662   system_stm32f4xx.o
      3210          8          0          0       1280      39213   tasks.o
      6680          4      13300          0          0      23774   tft_driver.o
       396          0          0          0        168       6711   tim.o
      1172         26          0          0        300      17198   timers.o
      1894         88         62         27        118      10717   touchscreen.o
       198          0          0          0        142       6249   uart_protocol.o
       602          0          0          0        528       7459   usart.o

    ----------------------------------------------------------------------
     43732        872      14646         88      27936     510429   Object Totals
         0          0         32          0          0          0   (incl. Generated)
       356          4          6          4         53          0   (incl. Padding)

    ----------------------------------------------------------------------

      Code (inc. data)   RO Data    RW Data    ZI Data      Debug   Library Member Name

         8          0          0          0          0         68   __main.o
         0          0          0          0          0          0   __rtentry.o
        12          0          0          0          0          0   __rtentry2.o
         6          0          0          0          0          0   __rtentry4.o
        94          8          0          0          0          0   __scatter.o
        26          0          0          0          0          0   __scatter_copy.o
        28          0          0          0          0          0   __scatter_zi.o
         6          0          0          0          0          0   _printf_d.o
       120         16          0          0          0         92   _printf_dec.o
       178          0          0          0          0         88   _printf_intcommon.o
         0          0          0          0          0          0   _printf_percent.o
         4          0          0          0          0          0   _printf_percent_end.o
        16          0          0          0          0         68   aeabi_memset4.o
        10          0          0          0          0         68   defsig_exit.o
        50          0          0          0          0         88   defsig_general.o
        80         58          0          0          0         76   defsig_rtmem_inner.o
        14          0          0          0          0         80   defsig_rtmem_outer.o
        18          0          0          0          0         80   exit.o
        94          0          0          0          0         80   h1_alloc.o
        52          0          0          0          0         68   h1_extend.o
        78          0          0          0          0         80   h1_free.o
        12          0          0          0          0         84   h1_init.o
         6          0          0          0          0        152   heapauxi.o
         4          0          0          0          0        136   hguard.o
         0          0          0          0          0          0   indicate_semi.o
       138          0          0          0          0        168   init_alloc.o
         2          0          0          0          0          0   libinit.o
        14          0          0          0          0          0   libinit2.o
         2          0          0          0          0          0   libshutdown.o
         2          0          0          0          0          0   libshutdown2.o
         8          4          0          0         96         68   libspace.o
       240          0          0          0          0        100   lludivv7m.o
         0          0          0          0          0          0   maybetermalloc1.o
        88          0          0          0          0         76   memcmp.o
         8          4          0          0          0         68   rt_heap_descriptor_intlibspace.o
        68          0          0          0          0         68   rt_memclr.o
        78          0          0          0          0         80   rt_memclr_w.o
       138          0          0          0          0         68   rt_memcpy_v6.o
       100          0          0          0          0         80   rt_memcpy_w.o
         2          0          0          0          0          0   rtexit.o
        10          0          0          0          0          0   rtexit2.o
        24          0          0          0          0         68   strcat.o
        62          0          0          0          0         76   strlen.o
        12          4          0          0          0         68   sys_exit.o
        74          0          0          0          0         80   sys_stackheap_outer.o
        14          0          0          0          0         76   sys_wrch.o
         2          0          0          0          0         68   use_no_semi.o
        98          4          0          0          0        140   d2f.o
       834         16          0          0          0        516   daddsub_clz.o
        84          0          0          0          0        244   dcmp.o
        24          0          0          0          0        116   dcmpi.o
       696        140          0          0          0        264   ddiv.o
       120          4          0          0          0        140   deqf.o
        90          4          0          0          0        140   dfixu.o
        84          0          0          0          0        232   dflt_clz.o
       120          4          0          0          0        140   dgeqf.o
       120          4          0          0          0        140   dleqf.o
       340         12          0          0          0        152   dmul.o
       156          4          0          0          0        140   dnaninf.o
        12          0          0          0          0        116   dretinf.o
       108          0          0          0          0        128   drleqf.o
       180          4          0          0          0        128   drnd.o
        86          4          0          0          0        132   f2d.o
       140          4          0          0          0        132   fnaninf.o
        26          0          0          0          0        116   fpinit.o
        10          0          0          0          0        116   fretinf.o
         0          0          0          0          0          0   usenofp.o
       280         28          0          0          0        156   ceil.o
       280         28          0          0          0        156   floor.o
        16          0          0          0          0        124   rint.o

    ----------------------------------------------------------------------
      5922        354          0          0         96       6188   Library Totals
        16          0          0          0          0          0   (incl. Padding)

    ----------------------------------------------------------------------

      Code (inc. data)   RO Data    RW Data    ZI Data      Debug   Library Name

      2002         94          0          0         96       2520   c_w.l
      3328        204          0          0          0       3232   fz_wm.l
       576         56          0          0          0        436   m_wm.l

    ----------------------------------------------------------------------
      5922        354          0          0         96       6188   Library Totals

    ----------------------------------------------------------------------

==============================================================================


      Code (inc. data)   RO Data    RW Data    ZI Data      Debug   

     49654       1226      14646         88      28032     512121   Grand Totals
     49654       1226      14646         88      28032     512121   ELF Image Totals
     49654       1226      14646         88          0          0   ROM Totals

==============================================================================

    Total RO  Size (Code + RO Data)                64300 (  62.79kB)
    Total RW  Size (RW Data + ZI Data)             28120 (  27.46kB)
    Total ROM Size (Code + RO Data + RW Data)      64388 (  62.88kB)

==============================================================================

