Component: ARM Compiler 5.06 update 6 (build 750) Tool: armlink [4d35ed]

==============================================================================

Section Cross References

    startup_stm32f072xb.o(STACK) refers (Special) to heapauxi.o(.text) for __use_two_region_memory
    startup_stm32f072xb.o(HEAP) refers (Special) to heapauxi.o(.text) for __use_two_region_memory
    startup_stm32f072xb.o(RESET) refers (Special) to heapauxi.o(.text) for __use_two_region_memory
    startup_stm32f072xb.o(RESET) refers to startup_stm32f072xb.o(STACK) for __initial_sp
    startup_stm32f072xb.o(RESET) refers to startup_stm32f072xb.o(.text) for Reset_Handler
    startup_stm32f072xb.o(RESET) refers to stm32f0xx_it.o(i.NMI_Handler) for NMI_Handler
    startup_stm32f072xb.o(RESET) refers to stm32f0xx_it.o(i.HardFault_Handler) for HardFault_Handler
    startup_stm32f072xb.o(RESET) refers to stm32f0xx_it.o(i.SVC_Handler) for SVC_Handler
    startup_stm32f072xb.o(RESET) refers to stm32f0xx_it.o(i.PendSV_Handler) for PendSV_Handler
    startup_stm32f072xb.o(RESET) refers to stm32f0xx_it.o(i.SysTick_Handler) for SysTick_Handler
    startup_stm32f072xb.o(RESET) refers to stm32f0xx_it.o(i.EXTI2_3_IRQHandler) for EXTI2_3_IRQHandler
    startup_stm32f072xb.o(RESET) refers to stm32f0xx_it.o(i.DMA1_Channel2_3_IRQHandler) for DMA1_Channel2_3_IRQHandler
    startup_stm32f072xb.o(RESET) refers to stm32f0xx_it.o(i.DMA1_Channel4_5_6_7_IRQHandler) for DMA1_Channel4_5_6_7_IRQHandler
    startup_stm32f072xb.o(RESET) refers to stm32f0xx_it.o(i.SPI1_IRQHandler) for SPI1_IRQHandler
    startup_stm32f072xb.o(RESET) refers to stm32f0xx_it.o(i.USART2_IRQHandler) for USART2_IRQHandler
    startup_stm32f072xb.o(RESET) refers to stm32f0xx_it.o(i.USART3_4_IRQHandler) for USART3_4_IRQHandler
    startup_stm32f072xb.o(.text) refers (Special) to heapauxi.o(.text) for __use_two_region_memory
    startup_stm32f072xb.o(.text) refers to system_stm32f0xx.o(i.SystemInit) for SystemInit
    startup_stm32f072xb.o(.text) refers to __main.o(!!!main) for __main
    startup_stm32f072xb.o(.text) refers to startup_stm32f072xb.o(HEAP) for Heap_Mem
    startup_stm32f072xb.o(.text) refers to startup_stm32f072xb.o(STACK) for Stack_Mem
    main.o(i.SystemClock_Config) refers to rt_memclr.o(.text) for __aeabi_memclr4
    main.o(i.SystemClock_Config) refers to stm32f0xx_hal_rcc.o(i.HAL_RCC_OscConfig) for HAL_RCC_OscConfig
    main.o(i.SystemClock_Config) refers to main.o(i.Error_Handler) for Error_Handler
    main.o(i.SystemClock_Config) refers to stm32f0xx_hal_rcc.o(i.HAL_RCC_ClockConfig) for HAL_RCC_ClockConfig
    main.o(i.SystemClock_Config) refers to stm32f0xx_hal_rcc_ex.o(i.HAL_RCCEx_PeriphCLKConfig) for HAL_RCCEx_PeriphCLKConfig
    main.o(i.main) refers to stm32f0xx_hal.o(i.HAL_Init) for HAL_Init
    main.o(i.main) refers to main.o(i.SystemClock_Config) for SystemClock_Config
    main.o(i.main) refers to gpio.o(i.MX_GPIO_Init) for MX_GPIO_Init
    main.o(i.main) refers to dma.o(i.MX_DMA_Init) for MX_DMA_Init
    main.o(i.main) refers to spi.o(i.MX_SPI1_Init) for MX_SPI1_Init
    main.o(i.main) refers to usart.o(i.MX_USART2_UART_Init) for MX_USART2_UART_Init
    main.o(i.main) refers to usart.o(i.MX_USART4_UART_Init) for MX_USART4_UART_Init
    main.o(i.main) refers to myradio.o(i.myRadio_setChipType) for myRadio_setChipType
    main.o(i.main) refers to myradio.o(i.myRadio_init) for myRadio_init
    main.o(i.main) refers to myradio.o(i.myRadio_setFrequency) for myRadio_setFrequency
    main.o(i.main) refers to myradio.o(i.myRadio_setTxPower) for myRadio_setTxPower
    main.o(i.main) refers to myradio.o(i.myRadio_setBaudrate) for myRadio_setBaudrate
    main.o(i.main) refers to app_bridge.o(i.Bridge_Init) for Bridge_Init
    main.o(i.main) refers to myradio.o(i.myRadio_receiver) for myRadio_receiver
    main.o(i.main) refers to myradio.o(i.myRadio_process) for myRadio_process
    main.o(i.main) refers to app_bridge.o(i.Bridge_Process) for Bridge_Process
    main.o(i.main) refers to app_bridge.o(i.Bridge_RadioCallback) for Bridge_RadioCallback
    gpio.o(i.MX_GPIO_Init) refers to rt_memclr.o(.text) for __aeabi_memclr4
    gpio.o(i.MX_GPIO_Init) refers to stm32f0xx_hal_gpio.o(i.HAL_GPIO_WritePin) for HAL_GPIO_WritePin
    gpio.o(i.MX_GPIO_Init) refers to stm32f0xx_hal_gpio.o(i.HAL_GPIO_Init) for HAL_GPIO_Init
    gpio.o(i.MX_GPIO_Init) refers to stm32f0xx_hal_cortex.o(i.HAL_NVIC_SetPriority) for HAL_NVIC_SetPriority
    gpio.o(i.MX_GPIO_Init) refers to stm32f0xx_hal_cortex.o(i.HAL_NVIC_EnableIRQ) for HAL_NVIC_EnableIRQ
    dma.o(i.MX_DMA_Init) refers to stm32f0xx_hal_cortex.o(i.HAL_NVIC_SetPriority) for HAL_NVIC_SetPriority
    dma.o(i.MX_DMA_Init) refers to stm32f0xx_hal_cortex.o(i.HAL_NVIC_EnableIRQ) for HAL_NVIC_EnableIRQ
    spi.o(i.HAL_SPI_MspDeInit) refers to stm32f0xx_hal_gpio.o(i.HAL_GPIO_DeInit) for HAL_GPIO_DeInit
    spi.o(i.HAL_SPI_MspDeInit) refers to stm32f0xx_hal_dma.o(i.HAL_DMA_DeInit) for HAL_DMA_DeInit
[...]
    i.main                                   0x080061b8   Section        0  main.o(i.main)
    i.myRadioSpi_rBuffer                     0x08006210   Section        0  myradio_gpio.o(i.myRadioSpi_rBuffer)
    i.myRadioSpi_rwByte                      0x08006234   Section        0  myradio_gpio.o(i.myRadioSpi_rwByte)
    i.myRadioSpi_wBuffer                     0x08006258   Section        0  myradio_gpio.o(i.myRadioSpi_wBuffer)
    i.myRadio_gpioCallback                   0x0800627c   Section        0  myradio.o(i.myRadio_gpioCallback)
    i.myRadio_gpio_init                      0x08006288   Section        0  myradio_gpio.o(i.myRadio_gpio_init)
    i.myRadio_init                           0x080062a8   Section        0  myradio.o(i.myRadio_init)
    i.myRadio_process                        0x080063f4   Section        0  myradio.o(i.myRadio_process)
    i.myRadio_receiver                       0x08006428   Section        0  myradio.o(i.myRadio_receiver)
    i.myRadio_setBaudrate                    0x08006460   Section        0  myradio.o(i.myRadio_setBaudrate)
    i.myRadio_setChipType                    0x08006514   Section        0  myradio.o(i.myRadio_setChipType)
    i.myRadio_setFrequency                   0x08006520   Section        0  myradio.o(i.myRadio_setFrequency)
    i.myRadio_setTxPower                     0x0800654c   Section        0  myradio.o(i.myRadio_setTxPower)
    i.myRadio_transmit                       0x08006574   Section        0  myradio.o(i.myRadio_transmit)
    i.pow                                    0x080065b8   Section        0  pow.o(i.pow)
    i.rint                                   0x08006fb4   Section        0  rint.o(i.rint)
    i.sqrt                                   0x08006fbc   Section        0  sqrt.o(i.sqrt)
    x$fpl$drleqf                             0x08007004   Section      104  drlef.o(x$fpl$drleqf)
    .constdata                               0x0800706c   Section       24  myradio.o(.constdata)
    x$fpl$usenofp                            0x0800706c   Section        0  usenofp.o(x$fpl$usenofp)
    .constdata                               0x08007084   Section      288  radio.o(.constdata)
    .constdata                               0x080071a4   Section       32  stm32f0xx_hal_rcc.o(.constdata)
    aPLLMULFactorTable                       0x080071a4   Data          16  stm32f0xx_hal_rcc.o(.constdata)
    aPredivFactorTable                       0x080071b4   Data          16  stm32f0xx_hal_rcc.o(.constdata)
    .constdata                               0x080071c4   Section       24  system_stm32f0xx.o(.constdata)
    .constdata                               0x080071dc   Section      128  ddiv.o(.constdata)
    ddiv_reciptbl                            0x080071dc   Data         128  ddiv.o(.constdata)
    .constdata                               0x08007260   Section      136  pow.o(.constdata)
    bp                                       0x08007260   Data          16  pow.o(.constdata)
    dp_h                                     0x08007270   Data          16  pow.o(.constdata)
    dp_l                                     0x08007280   Data          16  pow.o(.constdata)
    L                                        0x08007290   Data          48  pow.o(.constdata)
    P                                        0x080072c0   Data          40  pow.o(.constdata)
    .constdata                               0x080072e8   Section        8  qnan.o(.constdata)
    .data                                    0x20000000   Section       20  app_bridge.o(.data)
    uart_rx_ready                            0x20000000   Data           1  app_bridge.o(.data)
    uart_rx_size                             0x20000002   Data           2  app_bridge.o(.data)
    bridge_state                             0x20000004   Data           1  app_bridge.o(.data)
    led1_active                              0x20000005   Data           1  app_bridge.o(.data)
    led1_on_tick                             0x20000008   Data           4  app_bridge.o(.data)
    led2_active                              0x2000000c   Data           1  app_bridge.o(.data)
    led2_on_tick                             0x20000010   Data           4  app_bridge.o(.data)
    .data                                    0x20000014   Section       32  myradio.o(.data)
    rfTxPower                                0x20000014   Data           1  myradio.o(.data)
    rfFrequence                              0x20000018   Data           4  myradio.o(.data)
    rfBaudrate                               0x2000001c   Data           4  myradio.o(.data)
    rxCb                                     0x20000020   Data           4  myradio.o(.data)
    rf_handle                                0x20000024   Data           4  myradio.o(.data)
    chipType                                 0x20000028   Data           1  myradio.o(.data)
    rf_rxTimeout                             0x2000002c   Data           4  myradio.o(.data)
    .data                                    0x20000034   Section        4  myradio_gpio.o(.data)
    .data                                    0x20000038   Section      228  radio.o(.data)
    RadioLoRaSymbTime                        0x20000040   Data         192  radio.o(.data)
    RadioPublicNetwork                       0x20000116   Data           2  radio.o(.data)
    RadioEvents                              0x20000118   Data           4  radio.o(.data)
    .data                                    0x2000011c   Section       10  sx126x.o(.data)
    OperatingMode                            0x2000011c   Data           1  sx126x.o(.data)
    PacketType                               0x2000011d   Data           1  sx126x.o(.data)
    ImageCalibrated                          0x20000124   Data           1  sx126x.o(.data)
    isTxcoModule                             0x20000125   Data           1  sx126x.o(.data)
    .data                                    0x20000128   Section        9  stm32f0xx_hal.o(.data)
    .data                                    0x20000134   Section        4  system_stm32f0xx.o(.data)
    .bss                                     0x20000138   Section      236  spi.o(.bss)
    .bss                                     0x20000224   Section      408  usart.o(.bss)
    .bss                                     0x200003bc   Section      787  app_bridge.o(.bss)
    uart_rx_buf                              0x200003bc   Data         256  app_bridge.o(.bss)
    lora_tx_pkt                              0x200004bc   Data         272  app_bridge.o(.bss)
    bt_tx_buf                                0x200005cc   Data         259  app_bridge.o(.bss)
    .bss                                     0x200006d0   Section       28  myradio.o(.bss)
    RadioEvents                              0x200006d0   Data          28  myradio.o(.bss)
    .bss                                     0x200006ec   Section      336  radio.o(.bss)
    .bss                                     0x2000083c   Section       96  libspace.o(.bss)
    HEAP                                     0x200008a0   Section      512  startup_stm32f072xb.o(HEAP)
    Heap_Mem                                 0x200008a0   Data         512  startup_stm32f072xb.o(HEAP)
    STACK                                    0x20000aa0   Section     1024  startup_stm32f072xb.o(STACK)
    Stack_Mem                                0x20000aa0   Data        1024  startup_stm32f072xb.o(STACK)
    __initial_sp                             0x20000ea0   Data           0  startup_stm32f072xb.o(STACK)

    Global Symbols

    Symbol Name                              Value     Ov Type        Size  Object(Section)

    BuildAttributes$$THM_ISAv3M$S$PE$A:L22$X:L11$S22$IEEE1$IW$USESV6$~STKCKD$USESV7$~SHL$OTIME$ROPI$IEEEX$EBA8$UX$STANDARDLIB$REQ8$PRES8$EABIv2 0x00000000   Number         0  anon$$obj.o ABSOLUTE
    __ARM_use_no_argv                        0x00000000   Number         0  main.o ABSOLUTE
    __ARM_exceptions_init                     - Undefined Weak Reference
    __alloca_initialize                       - Undefined Weak Reference
    __arm_preinit_                            - Undefined Weak Reference
    __cpp_initialize__aeabi_                  - Undefined Weak Reference
    __cxa_finalize                            - Undefined Weak Reference
    __rt_locale                               - Undefined Weak Reference
    __sigvec_lookup                           - Undefined Weak Reference
    __user_heap_extent                        - Undefined Weak Reference
    _atexit_init                              - Undefined Weak Reference
    _call_atexit_fns                          - Undefined Weak Reference
    _clock_init                               - Undefined Weak Reference
    _fp_trap_init                             - Undefined Weak Reference
    _fp_trap_shutdown                         - Undefined Weak Reference
    _get_lc_collate                           - Undefined Weak Reference
    _get_lc_ctype                             - Undefined Weak Reference
    _get_lc_monetary                          - Undefined Weak Reference
    _get_lc_numeric                           - Undefined Weak Reference
    _get_lc_time                              - Undefined Weak Reference
    _getenv_init                              - Undefined Weak Reference
    _handle_redirection                       - Undefined Weak Reference
    _mutex_acquire                            - Undefined Weak Reference
    _mutex_free                               - Undefined Weak Reference
    _mutex_release                            - Undefined Weak Reference
    _printf_post_padding                      - Undefined Weak Reference
    _printf_pre_padding                       - Undefined Weak Reference
    _printf_truncate_signed                   - Undefined Weak Reference
    _printf_truncate_unsigned                 - Undefined Weak Reference
    _rand_init                                - Undefined Weak Reference
    _signal_finish                            - Undefined Weak Reference
    _signal_init                              - Undefined Weak Reference
    __Vectors_Size                           0x000000c0   Number         0  startup_stm32f072xb.o ABSOLUTE
    __Vectors                                0x08000000   Data           4  startup_stm32f072xb.o(RESET)
    __Vectors_End                            0x080000c0   Data           0  startup_stm32f072xb.o(RESET)
    __main                                   0x080000c1   Thumb Code     8  __main.o(!!!main)
    __scatterload                            0x080000c9   Thumb Code     0  __scatter.o(!!!scatter)
    __scatterload_rt2                        0x080000c9   Thumb Code    52  __scatter.o(!!!scatter)
    __scatterload_rt2_thumb_only             0x080000c9   Thumb Code     0  __scatter.o(!!!scatter)
    __scatterload_null                       0x080000d9   Thumb Code     0  __scatter.o(!!!scatter)
    __scatterload_zeroinit                   0x08000105   Thumb Code    28  __scatter_zi.o(!!handler_zi)
    __rt_lib_init                            0x08000121   Thumb Code     0  libinit.o(.ARM.Collect$$libinit$$00000000)
    __rt_lib_init_alloca_1                   0x08000123   Thumb Code     0  libinit2.o(.ARM.Collect$$libinit$$0000002E)
    __rt_lib_init_argv_1                     0x08000123   Thumb Code     0  libinit2.o(.ARM.Collect$$libinit$$0000002C)
    __rt_lib_init_atexit_1                   0x08000123   Thumb Code     0  libinit2.o(.ARM.Collect$$libinit$$0000001B)
    __rt_lib_init_clock_1                    0x08000123   Thumb Code     0  libinit2.o(.ARM.Collect$$libinit$$00000021)
    __rt_lib_init_cpp_1                      0x08000123   Thumb Code     0  libinit2.o(.ARM.Collect$$libinit$$00000032)
    __rt_lib_init_exceptions_1               0x08000123   Thumb Code     0  libinit2.o(.ARM.Collect$$libinit$$00000030)
    __rt_lib_init_fp_1                       0x08000123   Thumb Code     0  libinit2.o(.ARM.Collect$$libinit$$00000002)
    __rt_lib_init_fp_trap_1                  0x08000123   Thumb Code     0  libinit2.o(.ARM.Collect$$libinit$$0000001F)
    __rt_lib_init_getenv_1                   0x08000123   Thumb Code     0  libinit2.o(.ARM.Collect$$libinit$$00000023)
    __rt_lib_init_heap_1                     0x08000123   Thumb Code     0  libinit2.o(.ARM.Collect$$libinit$$0000000A)
    __rt_lib_init_lc_collate_1               0x08000123   Thumb Code     0  libinit2.o(.ARM.Collect$$libinit$$00000011)
    __rt_lib_init_lc_ctype_1                 0x08000123   Thumb Code     0  libinit2.o(.ARM.Collect$$libinit$$00000013)
    __rt_lib_init_lc_monetary_1              0x08000123   Thumb Code     0  libinit2.o(.ARM.Collect$$libinit$$00000015)
    __rt_lib_init_lc_numeric_1               0x08000123   Thumb Code     0  libinit2.o(.ARM.Collect$$libinit$$00000017)
    __rt_lib_init_lc_time_1                  0x08000123   Thumb Code     0  libinit2.o(.ARM.Collect$$libinit$$00000019)
    __rt_lib_init_preinit_1                  0x08000123   Thumb Code     0  libinit2.o(.ARM.Collect$$libinit$$00000004)
    __rt_lib_init_rand_1                     0x08000123   Thumb Code     0  libinit2.o(.ARM.Collect$$libinit$$0000000E)
    __rt_lib_init_return                     0x08000123   Thumb Code     0  libinit2.o(.ARM.Collect$$libinit$$00000033)
    __rt_lib_init_signal_1                   0x08000123   Thumb Code     0  libinit2.o(.ARM.Collect$$libinit$$0000001D)
    __rt_lib_init_stdio_1                    0x08000123   Thumb Code     0  libinit2.o(.ARM.Collect$$libinit$$00000025)
    __rt_lib_init_user_alloc_1               0x08000123   Thumb Code     0  libinit2.o(.ARM.Collect$$libinit$$0000000C)
    __rt_lib_shutdown                        0x08000125   Thumb Code     0  libshutdown.o(.ARM.Collect$$libshutdown$$00000000)
    __rt_lib_shutdown_cpp_1                  0x08000127   Thumb Code     0  libshutdown2.o(.ARM.Collect$$libshutdown$$00000002)
    __rt_lib_shutdown_fp_trap_1              0x08000127   Thumb Code     0  libshutdown2.o(.ARM.Collect$$libshutdown$$00000007)
    __rt_lib_shutdown_heap_1                 0x08000127   Thumb Code     0  libshutdown2.o(.ARM.Collect$$libshutdown$$0000000F)
    __rt_lib_shutdown_return                 0x08000127   Thumb Code     0  libshutdown2.o(.ARM.Collect$$libshutdown$$00000010)
    __rt_lib_shutdown_signal_1               0x08000127   Thumb Code     0  libshutdown2.o(.ARM.Collect$$libshutdown$$0000000A)
    __rt_lib_shutdown_stdio_1                0x08000127   Thumb Code     0  libshutdown2.o(.ARM.Collect$$libshutdown$$00000004)
    __rt_lib_shutdown_user_alloc_1           0x08000127   Thumb Code     0  libshutdown2.o(.ARM.Collect$$libshutdown$$0000000C)
    __rt_entry                               0x08000129   Thumb Code     0  __rtentry.o(.ARM.Collect$$rtentry$$00000000)
    __rt_entry_presh_1                       0x08000129   Thumb Code     0  __rtentry2.o(.ARM.Collect$$rtentry$$00000002)
    __rt_entry_sh                            0x08000129   Thumb Code     0  __rtentry4.o(.ARM.Collect$$rtentry$$00000004)
    __rt_entry_li                            0x0800012f   Thumb Code     0  __rtentry2.o(.ARM.Collect$$rtentry$$0000000A)
    __rt_entry_postsh_1                      0x0800012f   Thumb Code     0  __rtentry2.o(.ARM.Collect$$rtentry$$00000009)
    __rt_entry_main                          0x08000133   Thumb Code     0  __rtentry2.o(.ARM.Collect$$rtentry$$0000000D)
    __rt_entry_postli_1                      0x08000133   Thumb Code     0  __rtentry2.o(.ARM.Collect$$rtentry$$0000000C)
    __rt_exit                                0x0800013b   Thumb Code     0  rtexit.o(.ARM.Collect$$rtexit$$00000000)
    __rt_exit_ls                             0x0800013d   Thumb Code     0  rtexit2.o(.ARM.Collect$$rtexit$$00000003)
    __rt_exit_prels_1                        0x0800013d   Thumb Code     0  rtexit2.o(.ARM.Collect$$rtexit$$00000002)
    __rt_exit_exit                           0x08000141   Thumb Code     0  rtexit2.o(.ARM.Collect$$rtexit$$00000004)
    __aeabi_memcpy4                          0x08000149   Thumb Code    56  rt_memcpy.o(.emb_text)
    __aeabi_memcpy8                          0x08000149   Thumb Code     0  rt_memcpy.o(.emb_text)
    Reset_Handler                            0x08000181   Thumb Code     8  startup_stm32f072xb.o(.text)
    ADC1_COMP_IRQHandler                     0x08000193   Thumb Code     0  startup_stm32f072xb.o(.text)
    CEC_CAN_IRQHandler                       0x08000193   Thumb Code     0  startup_stm32f072xb.o(.text)
    DMA1_Channel1_IRQHandler                 0x08000193   Thumb Code     0  startup_stm32f072xb.o(.text)
    EXTI0_1_IRQHandler                       0x08000193   Thumb Code     0  startup_stm32f072xb.o(.text)
    EXTI4_15_IRQHandler                      0x08000193   Thumb Code     0  startup_stm32f072xb.o(.text)
    FLASH_IRQHandler                         0x08000193   Thumb Code     0  startup_stm32f072xb.o(.text)
    I2C1_IRQHandler                          0x08000193   Thumb Code     0  startup_stm32f072xb.o(.text)
    I2C2_IRQHandler                          0x08000193   Thumb Code     0  startup_stm32f072xb.o(.text)
    PVD_VDDIO2_IRQHandler                    0x08000193   Thumb Code     0  startup_stm32f072xb.o(.text)
    RCC_CRS_IRQHandler                       0x08000193   Thumb Code     0  startup_stm32f072xb.o(.text)
    RTC_IRQHandler                           0x08000193   Thumb Code     0  startup_stm32f072xb.o(.text)
    SPI2_IRQHandler                          0x08000193   Thumb Code     0  startup_stm32f072xb.o(.text)
    TIM14_IRQHandler                         0x08000193   Thumb Code     0  startup_stm32f072xb.o(.text)
    TIM15_IRQHandler                         0x08000193   Thumb Code     0  startup_stm32f072xb.o(.text)
    TIM16_IRQHandler                         0x08000193   Thumb Code     0  startup_stm32f072xb.o(.text)
    TIM17_IRQHandler                         0x08000193   Thumb Code     0  startup_stm32f072xb.o(.text)
    TIM1_BRK_UP_TRG_COM_IRQHandler           0x08000193   Thumb Code     0  startup_stm32f072xb.o(.text)
    TIM1_CC_IRQHandler                       0x08000193   Thumb Code     0  startup_stm32f072xb.o(.text)
    TIM2_IRQHandler                          0x08000193   Thumb Code     0  startup_stm32f072xb.o(.text)
    TIM3_IRQHandler                          0x08000193   Thumb Code     0  startup_stm32f072xb.o(.text)
    TIM6_DAC_IRQHandler                      0x08000193   Thumb Code     0  startup_stm32f072xb.o(.text)
    TIM7_IRQHandler                          0x08000193   Thumb Code     0  startup_stm32f072xb.o(.text)
    TSC_IRQHandler                           0x08000193   Thumb Code     0  startup_stm32f072xb.o(.text)
    USART1_IRQHandler                        0x08000193   Thumb Code     0  startup_stm32f072xb.o(.text)
    USB_IRQHandler                           0x08000193   Thumb Code     0  startup_stm32f072xb.o(.text)
    WWDG_IRQHandler                          0x08000193   Thumb Code     0  startup_stm32f072xb.o(.text)
    __user_initial_stackheap                 0x08000195   Thumb Code     0  startup_stm32f072xb.o(.text)
    __aeabi_uldivmod                         0x080001b9   Thumb Code   258  lludiv.o(.text)
    _ll_udiv                                 0x080001b9   Thumb Code     0  lludiv.o(.text)
    __aeabi_memcpy                           0x080002bb   Thumb Code   130  rt_memcpy.o(.text)
    __rt_memcpy                              0x080002bb   Thumb Code     0  rt_memcpy.o(.text)
    _memset_w                                0x0800033d   Thumb Code    26  rt_memclr.o(.text)
    _memset                                  0x08000357   Thumb Code    30  rt_memclr.o(.text)
    __aeabi_memclr                           0x08000375   Thumb Code     4  rt_memclr.o(.text)
    __rt_memclr                              0x08000375   Thumb Code     0  rt_memclr.o(.text)
    __aeabi_memclr4                          0x08000379   Thumb Code     0  rt_memclr.o(.text)
    __aeabi_memclr8                          0x08000379   Thumb Code     0  rt_memclr.o(.text)
    __rt_memclr_w                            0x08000379   Thumb Code     4  rt_memclr.o(.text)
    __aeabi_uidiv                            0x0800037d   Thumb Code     0  aeabi_sdiv.o(.text)
    __aeabi_uidivmod                         0x0800037d   Thumb Code    20  aeabi_sdiv.o(.text)
    __aeabi_idiv                             0x08000391   Thumb Code     0  aeabi_sdiv.o(.text)
    __aeabi_idivmod                          0x08000391   Thumb Code   326  aeabi_sdiv.o(.text)
    __use_two_region_memory                  0x080004d7   Thumb Code     2  heapauxi.o(.text)
    __rt_heap_escrow                         0x080004d9   Thumb Code     2  heapauxi.o(.text)
    __rt_heap_expand                         0x080004db   Thumb Code     2  heapauxi.o(.text)
    __aeabi_dadd                             0x080007d5   Thumb Code     0  daddsub.o(.text)
    _dadd                                    0x080007d5   Thumb Code    26  daddsub.o(.text)
    __aeabi_dsub                             0x080007ef   Thumb Code     0  daddsub.o(.text)
    _dsub                                    0x080007ef   Thumb Code    22  daddsub.o(.text)
    __aeabi_drsub                            0x08000805   Thumb Code     0  daddsub.o(.text)
    _drsb                                    0x08000805   Thumb Code    28  daddsub.o(.text)
    __aeabi_ddiv                             0x08000835   Thumb Code     0  ddiv.o(.text)
    _ddiv                                    0x08000835   Thumb Code  1072  ddiv.o(.text)
    _drdiv                                   0x08000c65   Thumb Code    20  ddiv.o(.text)
    __aeabi_d2uiz                            0x08000c7d   Thumb Code     0  dfixui.o(.text)
    _dfixu                                   0x08000c7d   Thumb Code    68  dfixui.o(.text)
    __aeabi_i2d_normalise                    0x08000cc5   Thumb Code    66  dflti.o(.text)
    __aeabi_i2d                              0x08000d07   Thumb Code    16  dflti.o(.text)
    _dflt                                    0x08000d07   Thumb Code     0  dflti.o(.text)
    __aeabi_ui2d                             0x08000d17   Thumb Code     6  dflti.o(.text)
    _dfltu                                   0x08000d17   Thumb Code     0  dflti.o(.text)
    __aeabi_dmul                             0x08000d1d   Thumb Code     0  dmul.o(.text)
    _dmul                                    0x08000d1d   Thumb Code   558  dmul.o(.text)
    __read_errno                             0x08000f65   Thumb Code    10  _rserrno.o(.text)
    __set_errno                              0x08000f6f   Thumb Code    12  _rserrno.o(.text)
    __fpl_dcmp_InfNaN                        0x08000f7d   Thumb Code   140  dcmpin.o(.text)
    _drnd                                    0x0800100d   Thumb Code   232  drnd.o(.text)
    __ARM_scalbn                             0x080010fd   Thumb Code    84  dscalbn.o(.text)
    __aeabi_errno_addr                       0x0800115d   Thumb Code     8  rt_errno_addr_intlibspace.o(.text)
    __errno$intlibspace                      0x0800115d   Thumb Code     0  rt_errno_addr_intlibspace.o(.text)
    __rt_errno_addr$intlibspace              0x0800115d   Thumb Code     0  rt_errno_addr_intlibspace.o(.text)
    __fpl_cmpreturn                          0x08001165   Thumb Code    46  cmpret.o(.text)
    __fpl_dcheck_NaN2                        0x08001195   Thumb Code    14  dnan2.o(.text)
    _dsqrt                                   0x080011a9   Thumb Code   248  dsqrt.o(.text)
    __user_libspace                          0x080012a9   Thumb Code     8  libspace.o(.text)
    __user_perproc_libspace                  0x080012a9   Thumb Code     0  libspace.o(.text)
    __user_perthread_libspace                0x080012a9   Thumb Code     0  libspace.o(.text)
    __user_setup_stackheap                   0x080012b1   Thumb Code    62  sys_stackheap_outer.o(.text)
    exit                                     0x080012ef   Thumb Code    16  exit.o(.text)
    __fpl_return_NaN                         0x080012ff   Thumb Code    94  retnan.o(.text)
    __I$use$semihosting                      0x0800135d   Thumb Code     0  use_no_semi.o(.text)
    __use_no_semihosting_swi                 0x0800135d   Thumb Code     2  use_no_semi.o(.text)
    __semihosting_library_function           0x0800135f   Thumb Code     0  indicate_semi.o(.text)
    _sys_exit                                0x08001361   Thumb Code     8  sys_exit.o(.text)
    __decompress                             0x0800136d   Thumb Code     0  __dczerorl2.o(.text)
    __decompress1                            0x0800136d   Thumb Code    86  __dczerorl2.o(.text)
    BOARD_SPI_NSS_H                          0x080013c3   Thumb Code    16  myradio_gpio.o(i.BOARD_SPI_NSS_H)
    BOARD_SPI_NSS_L                          0x080013d3   Thumb Code    16  myradio_gpio.o(i.BOARD_SPI_NSS_L)
    Bridge_Init                              0x08001485   Thumb Code    48  app_bridge.o(i.Bridge_Init)
    Bridge_Process                           0x080014d5   Thumb Code   164  app_bridge.o(i.Bridge_Process)
    Bridge_RadioCallback                     0x080015a5   Thumb Code   156  app_bridge.o(i.Bridge_RadioCallback)
    DMA1_Channel2_3_IRQHandler               0x0800165d   Thumb Code    16  stm32f0xx_it.o(i.DMA1_Channel2_3_IRQHandler)
    DMA1_Channel4_5_6_7_IRQHandler           0x08001675   Thumb Code    16  stm32f0xx_it.o(i.DMA1_Channel4_5_6_7_IRQHandler)
    EXTI2_3_IRQHandler                       0x080016d7   Thumb Code    10  stm32f0xx_it.o(i.EXTI2_3_IRQHandler)
    Error_Handler                            0x080016e1   Thumb Code     6  main.o(i.Error_Handler)
    HAL_DMA_Abort                            0x080016e7   Thumb Code    82  stm32f0xx_hal_dma.o(i.HAL_DMA_Abort)
    HAL_DMA_Abort_IT                         0x08001739   Thumb Code    88  stm32f0xx_hal_dma.o(i.HAL_DMA_Abort_IT)
    HAL_DMA_IRQHandler                       0x08001791   Thumb Code   240  stm32f0xx_hal_dma.o(i.HAL_DMA_IRQHandler)
    HAL_DMA_Init                             0x08001881   Thumb Code    86  stm32f0xx_hal_dma.o(i.HAL_DMA_Init)
    HAL_DMA_Start_IT                         0x080018dd   Thumb Code   154  stm32f0xx_hal_dma.o(i.HAL_DMA_Start_IT)
    HAL_Delay                                0x08001979   Thumb Code    38  stm32f0xx_hal.o(i.HAL_Delay)
    HAL_Delay_nMS                            0x080019a5   Thumb Code    12  sx126x-board.o(i.HAL_Delay_nMS)
    HAL_GPIO_EXTI_Callback                   0x080019b1   Thumb Code    26  myradio_gpio.o(i.HAL_GPIO_EXTI_Callback)
    HAL_GPIO_EXTI_IRQHandler                 0x080019d1   Thumb Code    26  stm32f0xx_hal_gpio.o(i.HAL_GPIO_EXTI_IRQHandler)
    HAL_GPIO_Init                            0x080019f1   Thumb Code   480  stm32f0xx_hal_gpio.o(i.HAL_GPIO_Init)
    HAL_GPIO_ReadPin                         0x08001bed   Thumb Code    18  stm32f0xx_hal_gpio.o(i.HAL_GPIO_ReadPin)
    HAL_GPIO_WritePin                        0x08001bff   Thumb Code    12  stm32f0xx_hal_gpio.o(i.HAL_GPIO_WritePin)
    HAL_GetTick                              0x08001c0d   Thumb Code     6  stm32f0xx_hal.o(i.HAL_GetTick)
    HAL_IncTick                              0x08001c19   Thumb Code    16  stm32f0xx_hal.o(i.HAL_IncTick)
    HAL_Init                                 0x08001c31   Thumb Code    28  stm32f0xx_hal.o(i.HAL_Init)
    HAL_InitTick                             0x08001c51   Thumb Code    70  stm32f0xx_hal.o(i.HAL_InitTick)
    HAL_MspInit                              0x08001ca5   Thumb Code    60  stm32f0xx_hal_msp.o(i.HAL_MspInit)
    HAL_NVIC_EnableIRQ                       0x08001ce5   Thumb Code    22  stm32f0xx_hal_cortex.o(i.HAL_NVIC_EnableIRQ)
    HAL_NVIC_SetPriority                     0x08001d01   Thumb Code    18  stm32f0xx_hal_cortex.o(i.HAL_NVIC_SetPriority)
    HAL_RCCEx_PeriphCLKConfig                0x08001d15   Thumb Code   406  stm32f0xx_hal_rcc_ex.o(i.HAL_RCCEx_PeriphCLKConfig)
    HAL_RCC_ClockConfig                      0x08001eb9   Thumb Code   366  stm32f0xx_hal_rcc.o(i.HAL_RCC_ClockConfig)
    HAL_RCC_GetHCLKFreq                      0x0800203d   Thumb Code     6  stm32f0xx_hal_rcc.o(i.HAL_RCC_GetHCLKFreq)
    HAL_RCC_GetPCLK1Freq                     0x08002049   Thumb Code    26  stm32f0xx_hal_rcc.o(i.HAL_RCC_GetPCLK1Freq)
    HAL_RCC_GetSysClockFreq                  0x0800206d   Thumb Code   186  stm32f0xx_hal_rcc.o(i.HAL_RCC_GetSysClockFreq)
    HAL_RCC_OscConfig                        0x08002141   Thumb Code  1592  stm32f0xx_hal_rcc.o(i.HAL_RCC_OscConfig)
    HAL_SPI_ErrorCallback                    0x0800277d   Thumb Code     2  stm32f0xx_hal_spi.o(i.HAL_SPI_ErrorCallback)
    HAL_SPI_IRQHandler                       0x08002781   Thumb Code   408  stm32f0xx_hal_spi.o(i.HAL_SPI_IRQHandler)
    HAL_SPI_Init                             0x0800291d   Thumb Code   268  stm32f0xx_hal_spi.o(i.HAL_SPI_Init)
    HAL_SPI_MspInit                          0x08002a29   Thumb Code   244  spi.o(i.HAL_SPI_MspInit)
    HAL_SPI_Receive                          0x08002b31   Thumb Code   472  stm32f0xx_hal_spi.o(i.HAL_SPI_Receive)
    HAL_SPI_Transmit                         0x08002d09   Thumb Code   474  stm32f0xx_hal_spi.o(i.HAL_SPI_Transmit)
    HAL_SPI_TransmitReceive                  0x08002ee3   Thumb Code   642  stm32f0xx_hal_spi.o(i.HAL_SPI_TransmitReceive)
    HAL_SYSTICK_Config                       0x08003165   Thumb Code    46  stm32f0xx_hal_cortex.o(i.HAL_SYSTICK_Config)
    HAL_UARTEx_ReceiveToIdle_DMA             0x0800319d   Thumb Code   136  stm32f0xx_hal_uart_ex.o(i.HAL_UARTEx_ReceiveToIdle_DMA)
    HAL_UARTEx_RxEventCallback               0x08003225   Thumb Code    24  app_bridge.o(i.HAL_UARTEx_RxEventCallback)
    HAL_UARTEx_WakeupCallback                0x08003249   Thumb Code     2  stm32f0xx_hal_uart_ex.o(i.HAL_UARTEx_WakeupCallback)
    HAL_UART_ErrorCallback                   0x0800324b   Thumb Code     2  stm32f0xx_hal_uart.o(i.HAL_UART_ErrorCallback)
    HAL_UART_IRQHandler                      0x0800324d   Thumb Code   964  stm32f0xx_hal_uart.o(i.HAL_UART_IRQHandler)
    HAL_UART_Init                            0x0800361d   Thumb Code   126  stm32f0xx_hal_uart.o(i.HAL_UART_Init)
    HAL_UART_MspInit                         0x0800369d   Thumb Code   364  usart.o(i.HAL_UART_MspInit)
    HAL_UART_RxCpltCallback                  0x08003821   Thumb Code     2  stm32f0xx_hal_uart.o(i.HAL_UART_RxCpltCallback)
    HAL_UART_RxHalfCpltCallback              0x08003823   Thumb Code     2  stm32f0xx_hal_uart.o(i.HAL_UART_RxHalfCpltCallback)
    HAL_UART_Transmit_DMA                    0x08003825   Thumb Code   186  stm32f0xx_hal_uart.o(i.HAL_UART_Transmit_DMA)
    HAL_UART_TxCpltCallback                  0x080038ed   Thumb Code    38  app_bridge.o(i.HAL_UART_TxCpltCallback)
    HAL_UART_TxHalfCpltCallback              0x08003925   Thumb Code     2  stm32f0xx_hal_uart.o(i.HAL_UART_TxHalfCpltCallback)
    HardFault_Handler                        0x08003927   Thumb Code     4  stm32f0xx_it.o(i.HardFault_Handler)
    MX_DMA_Init                              0x0800392d   Thumb Code    64  dma.o(i.MX_DMA_Init)
    MX_GPIO_Init                             0x08003971   Thumb Code   260  gpio.o(i.MX_GPIO_Init)
    MX_SPI1_Init                             0x08003a81   Thumb Code    76  spi.o(i.MX_SPI1_Init)
    MX_USART2_UART_Init                      0x08003ad5   Thumb Code    58  usart.o(i.MX_USART2_UART_Init)
    MX_USART4_UART_Init                      0x08003b19   Thumb Code    58  usart.o(i.MX_USART4_UART_Init)
    NMI_Handler                              0x08003b5d   Thumb Code     4  stm32f0xx_it.o(i.NMI_Handler)
    OnRxDone                                 0x08003b61   Thumb Code   100  myradio.o(i.OnRxDone)
    OnRxError                                0x08003bcd   Thumb Code    50  myradio.o(i.OnRxError)
    OnRxTimeout                              0x08003c09   Thumb Code    50  myradio.o(i.OnRxTimeout)
    OnTxDone                                 0x08003c45   Thumb Code    58  myradio.o(i.OnTxDone)
    OnTxTimeout                              0x08003c89   Thumb Code    50  myradio.o(i.OnTxTimeout)
    PendSV_Handler                           0x08003cc5   Thumb Code     2  stm32f0xx_it.o(i.PendSV_Handler)
    READ_RF_SX126x_BUSY                      0x08003cc9   Thumb Code    20  myradio_gpio.o(i.READ_RF_SX126x_BUSY)
    RF_SX126x_EXT_PA_RE_H                    0x08003ce1   Thumb Code    14  myradio_gpio.o(i.RF_SX126x_EXT_PA_RE_H)
    RF_SX126x_EXT_PA_RE_L                    0x08003cf5   Thumb Code    16  myradio_gpio.o(i.RF_SX126x_EXT_PA_RE_L)
    RF_SX126x_EXT_PA_TE_H                    0x08003d09   Thumb Code    14  myradio_gpio.o(i.RF_SX126x_EXT_PA_TE_H)
    RF_SX126x_EXT_PA_TE_L                    0x08003d1d   Thumb Code    16  myradio_gpio.o(i.RF_SX126x_EXT_PA_TE_L)
    RF_SX126x_RST_H                          0x08003d31   Thumb Code    14  myradio_gpio.o(i.RF_SX126x_RST_H)
    RF_SX126x_RST_L                          0x08003d45   Thumb Code    14  myradio_gpio.o(i.RF_SX126x_RST_L)
    RadioCheckRfFrequency                    0x08003d59   Thumb Code     6  radio.o(i.RadioCheckRfFrequency)
    RadioGetStatus                           0x08003d9d   Thumb Code    36  radio.o(i.RadioGetStatus)
    RadioGetWakeupTime                       0x08003dc1   Thumb Code     4  radio.o(i.RadioGetWakeupTime)
    RadioInit                                0x08003dc5   Thumb Code    64  radio.o(i.RadioInit)
    RadioIrqProcess                          0x08003e15   Thumb Code   334  radio.o(i.RadioIrqProcess)
    RadioIsChannelFree                       0x08003f79   Thumb Code    46  radio.o(i.RadioIsChannelFree)
    RadioOnDioIrq                            0x08003fa9   Thumb Code     8  radio.o(i.RadioOnDioIrq)
    RadioRandom                              0x08003fb5   Thumb Code    54  radio.o(i.RadioRandom)
    RadioRead                                0x08003feb   Thumb Code    12  radio.o(i.RadioRead)
    RadioReadBuffer                          0x08003ff7   Thumb Code    20  radio.o(i.RadioReadBuffer)
    RadioRssi                                0x0800400b   Thumb Code    10  radio.o(i.RadioRssi)
    RadioRx                                  0x08004015   Thumb Code    40  radio.o(i.RadioRx)
    RadioRxBoosted                           0x08004049   Thumb Code    40  radio.o(i.RadioRxBoosted)
    RadioSend                                0x0800407d   Thumb Code    54  radio.o(i.RadioSend)
    RadioSetChannel                          0x080040bd   Thumb Code    12  radio.o(i.RadioSetChannel)
    RadioSetMaxPayloadLength                 0x080040c9   Thumb Code    46  radio.o(i.RadioSetMaxPayloadLength)
    RadioSetModem                            0x08004101   Thumb Code    66  radio.o(i.RadioSetModem)
    RadioSetPublicNetwork                    0x08004149   Thumb Code    60  radio.o(i.RadioSetPublicNetwork)
    RadioSetRxConfig                         0x0800418d   Thumb Code   506  radio.o(i.RadioSetRxConfig)
    RadioSetRxDutyCycle                      0x080043b5   Thumb Code    16  radio.o(i.RadioSetRxDutyCycle)
    RadioSetTxConfig                         0x080043c5   Thumb Code   390  radio.o(i.RadioSetTxConfig)
    RadioSetTxContinuousWave                 0x08004565   Thumb Code    26  radio.o(i.RadioSetTxContinuousWave)
    RadioSleep                               0x0800457f   Thumb Code    32  radio.o(i.RadioSleep)
    RadioStandby                             0x0800459f   Thumb Code    10  radio.o(i.RadioStandby)
    RadioStartCad                            0x080045a9   Thumb Code     8  radio.o(i.RadioStartCad)
    RadioTimeOnAir                           0x080045b1   Thumb Code   512  radio.o(i.RadioTimeOnAir)
    RadioWrite                               0x080047d1   Thumb Code    16  radio.o(i.RadioWrite)
    RadioWriteBuffer                         0x080047e1   Thumb Code    20  radio.o(i.RadioWriteBuffer)
    SPI1_IRQHandler                          0x080047f5   Thumb Code    10  stm32f0xx_it.o(i.SPI1_IRQHandler)
    SVC_Handler                              0x08004aed   Thumb Code     2  stm32f0xx_it.o(i.SVC_Handler)
    SX126xAntSwOff                           0x08004aef   Thumb Code     2  sx126x-board.o(i.SX126xAntSwOff)
    SX126xAntSwOn                            0x08004af1   Thumb Code     2  sx126x-board.o(i.SX126xAntSwOn)
    SX126xCalibrate                          0x08004af3   Thumb Code    14  sx126x.o(i.SX126xCalibrate)
    SX126xCalibrateImage                     0x08004b01   Thumb Code   116  sx126x.o(i.SX126xCalibrateImage)
    SX126xCheckDeviceReady                   0x08004b89   Thumb Code    32  sx126x.o(i.SX126xCheckDeviceReady)
    SX126xClearIrqStatus                     0x08004ba9   Thumb Code    26  sx126x.o(i.SX126xClearIrqStatus)
    SX126xEnableTxco                         0x08004bc5   Thumb Code     6  sx126x.o(i.SX126xEnableTxco)
    SX126xGetIrqStatus                       0x08004bd1   Thumb Code    24  sx126x.o(i.SX126xGetIrqStatus)
    SX126xGetOperatingMode                   0x08004be9   Thumb Code     6  sx126x.o(i.SX126xGetOperatingMode)
    SX126xGetPaSelect                        0x08004bf5   Thumb Code     6  sx126x-board.o(i.SX126xGetPaSelect)
    SX126xGetPacketStatus                    0x08004bfd   Thumb Code   154  sx126x.o(i.SX126xGetPacketStatus)
    SX126xGetPacketType                      0x08004c9d   Thumb Code     6  sx126x.o(i.SX126xGetPacketType)
    SX126xGetPayload                         0x08004ca9   Thumb Code    46  sx126x.o(i.SX126xGetPayload)
    SX126xGetRssiInst                        0x08004cd7   Thumb Code    28  sx126x.o(i.SX126xGetRssiInst)
    SX126xGetRxBufferStatus                  0x08004cf5   Thumb Code    62  sx126x.o(i.SX126xGetRxBufferStatus)
    SX126xInit                               0x08004d39   Thumb Code    64  sx126x.o(i.SX126xInit)
    SX126xReadBuffer                         0x08004d85   Thumb Code    52  sx126x-board.o(i.SX126xReadBuffer)
    SX126xReadCommand                        0x08004db9   Thumb Code    54  sx126x-board.o(i.SX126xReadCommand)
    SX126xReadRegister                       0x08004def   Thumb Code    20  sx126x-board.o(i.SX126xReadRegister)
    SX126xReadRegisters                      0x08004e03   Thumb Code    72  sx126x-board.o(i.SX126xReadRegisters)
    SX126xReset                              0x08004e4b   Thumb Code    30  sx126x-board.o(i.SX126xReset)
    SX126xSendPayload                        0x08004e69   Thumb Code    24  sx126x.o(i.SX126xSendPayload)
    SX126xSetBufferBaseAddress               0x08004e81   Thumb Code    24  sx126x.o(i.SX126xSetBufferBaseAddress)
    SX126xSetCad                             0x08004e99   Thumb Code    20  sx126x.o(i.SX126xSetCad)
    SX126xSetCrcPolynomial                   0x08004eb1   Thumb Code    40  sx126x.o(i.SX126xSetCrcPolynomial)
    SX126xSetCrcSeed                         0x08004edd   Thumb Code    40  sx126x.o(i.SX126xSetCrcSeed)
    SX126xSetDio2AsRfSwitchCtrl              0x08004f09   Thumb Code    14  sx126x.o(i.SX126xSetDio2AsRfSwitchCtrl)
    SX126xSetDio3AsTcxoCtrl                  0x08004f17   Thumb Code    44  sx126x.o(i.SX126xSetDio3AsTcxoCtrl)
    SX126xSetDioIrqParams                    0x08004f43   Thumb Code    62  sx126x.o(i.SX126xSetDioIrqParams)
    SX126xSetLoRaSymbNumTimeout              0x08004f81   Thumb Code    14  sx126x.o(i.SX126xSetLoRaSymbNumTimeout)
    SX126xSetModulationParams                0x08004f91   Thumb Code   252  sx126x.o(i.SX126xSetModulationParams)
    SX126xSetPaConfig                        0x0800509d   Thumb Code    32  sx126x.o(i.SX126xSetPaConfig)
    SX126xSetPacketParams                    0x080050bd   Thumb Code   190  sx126x.o(i.SX126xSetPacketParams)
    SX126xSetPacketType                      0x08005191   Thumb Code    22  sx126x.o(i.SX126xSetPacketType)
    SX126xSetPayload                         0x080051ad   Thumb Code    18  sx126x.o(i.SX126xSetPayload)
    SX126xSetRegulatorMode                   0x080051bf   Thumb Code    14  sx126x.o(i.SX126xSetRegulatorMode)
    SX126xSetRfFrequency                     0x080051cd   Thumb Code   124  sx126x.o(i.SX126xSetRfFrequency)
    SX126xSetRfTxPower                       0x08005255   Thumb Code    14  sx126x-board.o(i.SX126xSetRfTxPower)
    SX126xSetRx                              0x08005265   Thumb Code    40  sx126x.o(i.SX126xSetRx)
    SX126xSetRxBoosted                       0x08005291   Thumb Code    48  sx126x.o(i.SX126xSetRxBoosted)
    SX126xSetRxDutyCycle                     0x080052c9   Thumb Code    60  sx126x.o(i.SX126xSetRxDutyCycle)
    SX126xSetSleep                           0x08005309   Thumb Code    24  sx126x.o(i.SX126xSetSleep)
    SX126xSetStandby                         0x08005325   Thumb Code    36  sx126x.o(i.SX126xSetStandby)
    SX126xSetStopRxTimerOnPreambleDetect     0x0800534d   Thumb Code    14  sx126x.o(i.SX126xSetStopRxTimerOnPreambleDetect)
    SX126xSetSyncWord                        0x0800535b   Thumb Code    20  sx126x.o(i.SX126xSetSyncWord)
    SX126xSetTx                              0x08005371   Thumb Code    40  sx126x.o(i.SX126xSetTx)
    SX126xSetTxContinuousWave                0x0800539d   Thumb Code    14  sx126x.o(i.SX126xSetTxContinuousWave)
    SX126xSetTxParams                        0x080053ad   Thumb Code   130  sx126x.o(i.SX126xSetTxParams)
    SX126xSetWhiteningSeed                   0x08005435   Thumb Code    60  sx126x.o(i.SX126xSetWhiteningSeed)
    SX126xWaitOnBusy                         0x08005475   Thumb Code    14  sx126x-board.o(i.SX126xWaitOnBusy)
    SX126xWakeup                             0x08005483   Thumb Code    28  sx126x-board.o(i.SX126xWakeup)
    SX126xWriteBuffer                        0x0800549f   Thumb Code    46  sx126x-board.o(i.SX126xWriteBuffer)
    SX126xWriteCommand                       0x080054cd   Thumb Code    52  sx126x-board.o(i.SX126xWriteCommand)
    SX126xWriteRegister                      0x08005501   Thumb Code    16  sx126x-board.o(i.SX126xWriteRegister)
    SX126xWriteRegisters                     0x08005511   Thumb Code    66  sx126x-board.o(i.SX126xWriteRegisters)
    SysTick_Handler                          0x08005553   Thumb Code     8  stm32f0xx_it.o(i.SysTick_Handler)
    SystemClock_Config                       0x0800555b   Thumb Code   124  main.o(i.SystemClock_Config)
    SystemInit                               0x080055d7   Thumb Code     2  system_stm32f0xx.o(i.SystemInit)
    UART_AdvFeatureConfig                    0x080055d9   Thumb Code   240  stm32f0xx_hal_uart.o(i.UART_AdvFeatureConfig)
    UART_CheckIdleState                      0x080056c9   Thumb Code   252  stm32f0xx_hal_uart.o(i.UART_CheckIdleState)
    UART_SetConfig                           0x08005a75   Thumb Code   464  stm32f0xx_hal_uart.o(i.UART_SetConfig)
    UART_Start_Receive_DMA                   0x08005c65   Thumb Code   206  stm32f0xx_hal_uart.o(i.UART_Start_Receive_DMA)
    UART_WaitOnFlagUntilTimeout              0x08005d41   Thumb Code   180  stm32f0xx_hal_uart.o(i.UART_WaitOnFlagUntilTimeout)
    USART2_IRQHandler                        0x08005df5   Thumb Code    10  stm32f0xx_it.o(i.USART2_IRQHandler)
    USART3_4_IRQHandler                      0x08005e05   Thumb Code    10  stm32f0xx_it.o(i.USART3_4_IRQHandler)
    __ARM_common_ll_muluu                    0x08005e15   Thumb Code    48  stm32f0xx_hal_rcc.o(i.__ARM_common_ll_muluu)
    __ARM_common_switch8                     0x08005e45   Thumb Code    28  app_bridge.o(i.__ARM_common_switch8)
    __ARM_fpclassify                         0x08005e61   Thumb Code    40  fpclassify.o(i.__ARM_fpclassify)
    __kernel_poly                            0x08005f11   Thumb Code   172  poly.o(i.__kernel_poly)
    __mathlib_dbl_divzero                    0x08005fbd   Thumb Code    16  dunder.o(i.__mathlib_dbl_divzero)
    __mathlib_dbl_infnan2                    0x08005fd1   Thumb Code     8  dunder.o(i.__mathlib_dbl_infnan2)
    __mathlib_dbl_invalid                    0x08005fd9   Thumb Code    16  dunder.o(i.__mathlib_dbl_invalid)
    __mathlib_dbl_overflow                   0x08005fe9   Thumb Code    16  dunder.o(i.__mathlib_dbl_overflow)
    __mathlib_dbl_underflow                  0x08005ffd   Thumb Code    14  dunder.o(i.__mathlib_dbl_underflow)
    ceil                                     0x0800601d   Thumb Code   180  ceil.o(i.ceil)
    floor                                    0x080060e5   Thumb Code   180  floor.o(i.floor)
    getLoRaSta                               0x080061ad   Thumb Code     6  myradio.o(i.getLoRaSta)
    main                                     0x080061b9   Thumb Code    80  main.o(i.main)
    myRadioSpi_rBuffer                       0x08006211   Thumb Code    30  myradio_gpio.o(i.myRadioSpi_rBuffer)
    myRadioSpi_rwByte                        0x08006235   Thumb Code    30  myradio_gpio.o(i.myRadioSpi_rwByte)
    myRadioSpi_wBuffer                       0x08006259   Thumb Code    30  myradio_gpio.o(i.myRadioSpi_wBuffer)
    myRadio_gpioCallback                     0x0800627d   Thumb Code    10  myradio.o(i.myRadio_gpioCallback)
    myRadio_gpio_init                        0x08006289   Thumb Code    26  myradio_gpio.o(i.myRadio_gpio_init)
    myRadio_init                             0x080062a9   Thumb Code   272  myradio.o(i.myRadio_init)
    myRadio_process                          0x080063f5   Thumb Code    40  myradio.o(i.myRadio_process)
    myRadio_receiver                         0x08006429   Thumb Code    40  myradio.o(i.myRadio_receiver)
    myRadio_setBaudrate                      0x08006461   Thumb Code   160  myradio.o(i.myRadio_setBaudrate)
    myRadio_setChipType                      0x08006515   Thumb Code     6  myradio.o(i.myRadio_setChipType)
    myRadio_setFrequency                     0x08006521   Thumb Code    30  myradio.o(i.myRadio_setFrequency)
    myRadio_setTxPower                       0x0800654d   Thumb Code    32  myradio.o(i.myRadio_setTxPower)
    myRadio_transmit                         0x08006575   Thumb Code    56  myradio.o(i.myRadio_transmit)
    pow                                      0x080065b9   Thumb Code  2548  pow.o(i.pow)
    rint                                     0x08006fb5   Thumb Code     8  rint.o(i.rint)
    sqrt                                     0x08006fbd   Thumb Code    66  sqrt.o(i.sqrt)
    __aeabi_cdrcmple                         0x08007005   Thumb Code     0  drlef.o(x$fpl$drleqf)
    _drcmple                                 0x08007005   Thumb Code   100  drlef.o(x$fpl$drleqf)
    __I$use$fp                               0x0800706c   Number         0  usenofp.o(x$fpl$usenofp)
    loraBaudrateFrame                        0x0800706c   Data          24  myradio.o(.constdata)
    Radio                                    0x08007084   Data         108  radio.o(.constdata)
    FskBandwidths                            0x080070f0   Data         176  radio.o(.constdata)
    Bandwidths                               0x080071a0   Data           4  radio.o(.constdata)
    AHBPrescTable                            0x080071c4   Data          16  system_stm32f0xx.o(.constdata)
    APBPrescTable                            0x080071d4   Data           8  system_stm32f0xx.o(.constdata)
    __mathlib_zero                           0x080072e8   Data           8  qnan.o(.constdata)
    Region$$Table$$Base                      0x080072f0   Number         0  anon$$obj.o(Region$$Table)
    Region$$Table$$Limit                     0x08007310   Number         0  anon$$obj.o(Region$$Table)
    crc_value                                0x20000030   Data           2  myradio.o(.data)
    LoRaOn                                   0x20000032   Data           1  myradio.o(.data)
    State                                    0x20000033   Data           1  myradio.o(.data)
    gpioCallback                             0x20000034   Data           4  myradio_gpio.o(.data)
    regulatorMode                            0x20000038   Data           1  radio.o(.data)
    MaxPayloadLength                         0x20000100   Data           1  radio.o(.data)
    TxTimeout                                0x20000104   Data           4  radio.o(.data)
    RxTimeout                                0x20000108   Data           4  radio.o(.data)
    RxContinuous                             0x2000010c   Data           1  radio.o(.data)
    IrqFired                                 0x2000010d   Data           1  radio.o(.data)
    syncWord                                 0x2000010e   Data           8  radio.o(.data)
    FrequencyError                           0x20000120   Data           4  sx126x.o(.data)
    uwTick                                   0x20000128   Data           4  stm32f0xx_hal.o(.data)
    uwTickPrio                               0x2000012c   Data           4  stm32f0xx_hal.o(.data)
    uwTickFreq                               0x20000130   Data           1  stm32f0xx_hal.o(.data)
    SystemCoreClock                          0x20000134   Data           4  system_stm32f0xx.o(.data)
    hspi1                                    0x20000138   Data         100  spi.o(.bss)
    hdma_spi1_rx                             0x2000019c   Data          68  spi.o(.bss)
    hdma_spi1_tx                             0x200001e0   Data          68  spi.o(.bss)
    huart2                                   0x20000224   Data         136  usart.o(.bss)
    huart4                                   0x200002ac   Data         136  usart.o(.bss)
    hdma_usart2_rx                           0x20000334   Data          68  usart.o(.bss)
    hdma_usart2_tx                           0x20000378   Data          68  usart.o(.bss)
    RadioPktStatus                           0x200006ec   Data          20  radio.o(.bss)
    RadioRxPayload                           0x20000700   Data         255  radio.o(.bss)
    SX126x                                   0x20000800   Data          60  radio.o(.bss)
    __libspace_start                         0x2000083c   Data          96  libspace.o(.bss)
    __temporary_stack_top$libspace           0x2000089c   Data           0  libspace.o(.bss)



==============================================================================

Memory Map of the image

  Image Entry point : 0x080000c1

  Load Region LR_IROM1 (Base: 0x08000000, Size: 0x00007448, Max: 0x00010000, ABSOLUTE, COMPRESSED[0x0000734c])

    Execution Region ER_IROM1 (Exec base: 0x08000000, Load base: 0x08000000, Size: 0x00007310, Max: 0x00010000, ABSOLUTE)

    Exec Addr    Load Addr    Size         Type   Attr      Idx    E Section Name        Object

    0x08000000   0x08000000   0x000000c0   Data   RO            3    RESET               startup_stm32f072xb.o
    0x080000c0   0x080000c0   0x00000008   Code   RO         3935  * !!!main             c_p.l(__main.o)
    0x080000c8   0x080000c8   0x0000003c   Code   RO         4379    !!!scatter          c_p.l(__scatter.o)
    0x08000104   0x08000104   0x0000001c   Code   RO         4381    !!handler_zi        c_p.l(__scatter_zi.o)
    0x08000120   0x08000120   0x00000002   Code   RO         4173    .ARM.Collect$$libinit$$00000000  c_p.l(libinit.o)
    0x08000122   0x08000122   0x00000000   Code   RO         4175    .ARM.Collect$$libinit$$00000002  c_p.l(libinit2.o)
    0x08000122   0x08000122   0x00000000   Code   RO         4177    .ARM.Collect$$libinit$$00000004  c_p.l(libinit2.o)
    0x08000122   0x08000122   0x00000000   Code   RO         4180    .ARM.Collect$$libinit$$0000000A  c_p.l(libinit2.o)
    0x08000122   0x08000122   0x00000000   Code   RO         4182    .ARM.Collect$$libinit$$0000000C  c_p.l(libinit2.o)
    0x08000122   0x08000122   0x00000000   Code   RO         4184    .ARM.Collect$$libinit$$0000000E  c_p.l(libinit2.o)
    0x08000122   0x08000122   0x00000000   Code   RO         4187    .ARM.Collect$$libinit$$00000011  c_p.l(libinit2.o)
    0x08000122   0x08000122   0x00000000   Code   RO         4189    .ARM.Collect$$libinit$$00000013  c_p.l(libinit2.o)
    0x08000122   0x08000122   0x00000000   Code   RO         4191    .ARM.Collect$$libinit$$00000015  c_p.l(libinit2.o)
    0x08000122   0x08000122   0x00000000   Code   RO         4193    .ARM.Collect$$libinit$$00000017  c_p.l(libinit2.o)
    0x08000122   0x08000122   0x00000000   Code   RO         4195    .ARM.Collect$$libinit$$00000019  c_p.l(libinit2.o)
    0x08000122   0x08000122   0x00000000   Code   RO         4197    .ARM.Collect$$libinit$$0000001B  c_p.l(libinit2.o)
    0x08000122   0x08000122   0x00000000   Code   RO         4199    .ARM.Collect$$libinit$$0000001D  c_p.l(libinit2.o)
    0x08000122   0x08000122   0x00000000   Code   RO         4201    .ARM.Collect$$libinit$$0000001F  c_p.l(libinit2.o)
    0x08000122   0x08000122   0x00000000   Code   RO         4203    .ARM.Collect$$libinit$$00000021  c_p.l(libinit2.o)
    0x08000122   0x08000122   0x00000000   Code   RO         4205    .ARM.Collect$$libinit$$00000023  c_p.l(libinit2.o)
    0x08000122   0x08000122   0x00000000   Code   RO         4207    .ARM.Collect$$libinit$$00000025  c_p.l(libinit2.o)
    0x08000122   0x08000122   0x00000000   Code   RO         4211    .ARM.Collect$$libinit$$0000002C  c_p.l(libinit2.o)
    0x08000122   0x08000122   0x00000000   Code   RO         4213    .ARM.Collect$$libinit$$0000002E  c_p.l(libinit2.o)
    0x08000122   0x08000122   0x00000000   Code   RO         4215    .ARM.Collect$$libinit$$00000030  c_p.l(libinit2.o)
    0x08000122   0x08000122   0x00000000   Code   RO         4217    .ARM.Collect$$libinit$$00000032  c_p.l(libinit2.o)
    0x08000122   0x08000122   0x00000002   Code   RO         4218    .ARM.Collect$$libinit$$00000033  c_p.l(libinit2.o)
    0x08000124   0x08000124   0x00000002   Code   RO         4358    .ARM.Collect$$libshutdown$$00000000  c_p.l(libshutdown.o)
    0x08000126   0x08000126   0x00000000   Code   RO         4220    .ARM.Collect$$libshutdown$$00000002  c_p.l(libshutdown2.o)
    0x08000126   0x08000126   0x00000000   Code   RO         4222    .ARM.Collect$$libshutdown$$00000004  c_p.l(libshutdown2.o)
    0x08000126   0x08000126   0x00000000   Code   RO         4225    .ARM.Collect$$libshutdown$$00000007  c_p.l(libshutdown2.o)
    0x08000126   0x08000126   0x00000000   Code   RO         4228    .ARM.Collect$$libshutdown$$0000000A  c_p.l(libshutdown2.o)
    0x08000126   0x08000126   0x00000000   Code   RO         4230    .ARM.Collect$$libshutdown$$0000000C  c_p.l(libshutdown2.o)
    0x08000126   0x08000126   0x00000000   Code   RO         4233    .ARM.Collect$$libshutdown$$0000000F  c_p.l(libshutdown2.o)
    0x08000126   0x08000126   0x00000002   Code   RO         4234    .ARM.Collect$$libshutdown$$00000010  c_p.l(libshutdown2.o)
    0x08000128   0x08000128   0x00000000   Code   RO         3970    .ARM.Collect$$rtentry$$00000000  c_p.l(__rtentry.o)
    0x08000128   0x08000128   0x00000000   Code   RO         4029    .ARM.Collect$$rtentry$$00000002  c_p.l(__rtentry2.o)
    0x08000128   0x08000128   0x00000006   Code   RO         4041    .ARM.Collect$$rtentry$$00000004  c_p.l(__rtentry4.o)
    0x0800012e   0x0800012e   0x00000000   Code   RO         4031    .ARM.Collect$$rtentry$$00000009  c_p.l(__rtentry2.o)
    0x0800012e   0x0800012e   0x00000004   Code   RO         4032    .ARM.Collect$$rtentry$$0000000A  c_p.l(__rtentry2.o)
    0x08000132   0x08000132   0x00000000   Code   RO         4034    .ARM.Collect$$rtentry$$0000000C  c_p.l(__rtentry2.o)
    0x08000132   0x08000132   0x00000008   Code   RO         4035    .ARM.Collect$$rtentry$$0000000D  c_p.l(__rtentry2.o)
    0x0800013a   0x0800013a   0x00000002   Code   RO         4243    .ARM.Collect$$rtexit$$00000000  c_p.l(rtexit.o)
    0x0800013c   0x0800013c   0x00000000   Code   RO         4301    .ARM.Collect$$rtexit$$00000002  c_p.l(rtexit2.o)
    0x0800013c   0x0800013c   0x00000004   Code   RO         4302    .ARM.Collect$$rtexit$$00000003  c_p.l(rtexit2.o)
    0x08000140   0x08000140   0x00000006   Code   RO         4303    .ARM.Collect$$rtexit$$00000004  c_p.l(rtexit2.o)
    0x08000146   0x08000146   0x00000002   PAD
    0x08000148   0x08000148   0x00000038   Code   RO         3923    .emb_text           c_p.l(rt_memcpy.o)
    0x08000180   0x08000180   0x00000038   Code   RO            4    .text               startup_stm32f072xb.o
    0x080001b8   0x080001b8   0x00000102   Code   RO         3891    .text               c_p.l(lludiv.o)
    0x080002ba   0x080002ba   0x00000082   Code   RO         3924    .text               c_p.l(rt_memcpy.o)
    0x0800033c   0x0800033c   0x00000040   Code   RO         3927    .text               c_p.l(rt_memclr.o)
    0x0800037c   0x0800037c   0x0000015a   Code   RO         3929    .text               c_p.l(aeabi_sdiv.o)
    0x080004d6   0x080004d6   0x00000006   Code   RO         3933    .text               c_p.l(heapauxi.o)
    0x080004dc   0x080004dc   0x00000358   Code   RO         3937    .text               fz_ps.l(daddsub.o)
    0x08000834   0x08000834   0x00000448   Code   RO         3939    .text               fz_ps.l(ddiv.o)
    0x08000c7c   0x08000c7c   0x00000048   Code   RO         3942    .text               fz_ps.l(dfixui.o)
    0x08000cc4   0x08000cc4   0x00000058   Code   RO         3944    .text               fz_ps.l(dflti.o)
    0x08000d1c   0x08000d1c   0x00000248   Code   RO         3946    .text               fz_ps.l(dmul.o)
    0x08000f64   0x08000f64   0x00000016   Code   RO         3979    .text               c_p.l(_rserrno.o)
    0x08000f7a   0x08000f7a   0x00000002   PAD
    0x08000f7c   0x08000f7c   0x00000090   Code   RO         3994    .text               fz_ps.l(dcmpin.o)
    0x0800100c   0x0800100c   0x000000f0   Code   RO         3996    .text               fz_ps.l(drnd.o)
    0x080010fc   0x080010fc   0x00000060   Code   RO         3998    .text               fz_ps.l(dscalbn.o)
    0x0800115c   0x0800115c   0x00000008   Code   RO         4048    .text               c_p.l(rt_errno_addr_intlibspace.o)
    0x08001164   0x08001164   0x0000002e   Code   RO         4066    .text               fz_ps.l(cmpret.o)
    0x08001192   0x08001192   0x00000002   PAD
    0x08001194   0x08001194   0x00000014   Code   RO         4070    .text               fz_ps.l(dnan2.o)
    0x080011a8   0x080011a8   0x00000100   Code   RO         4072    .text               fz_ps.l(dsqrt.o)
    0x080012a8   0x080012a8   0x00000008   Code   RO         4079    .text               c_p.l(libspace.o)
    0x080012b0   0x080012b0   0x0000003e   Code   RO         4084    .text               c_p.l(sys_stackheap_outer.o)
    0x080012ee   0x080012ee   0x00000010   Code   RO         4158    .text               c_p.l(exit.o)
    0x080012fe   0x080012fe   0x0000005e   Code   RO         4237    .text               fz_ps.l(retnan.o)
    0x0800135c   0x0800135c   0x00000002   Code   RO         4239    .text               c_p.l(use_no_semi.o)
    0x0800135e   0x0800135e   0x00000000   Code   RO         4241    .text               c_p.l(indicate_semi.o)
    0x0800135e   0x0800135e   0x00000002   PAD
    0x08001360   0x08001360   0x0000000c   Code   RO         4298    .text               c_p.l(sys_exit.o)
    0x0800136c   0x0800136c   0x00000056   Code   RO         4377    .text               c_p.l(__dczerorl2.o)
    0x080013c2   0x080013c2   0x00000010   Code   RO          666    i.BOARD_SPI_NSS_H   myradio_gpio.o
    0x080013d2   0x080013d2   0x00000010   Code   RO          667    i.BOARD_SPI_NSS_L   myradio_gpio.o
    0x080013e2   0x080013e2   0x0000001c   Code   RO          403    i.BT_ComputeChecksum  app_bridge.o
    0x080013fe   0x080013fe   0x00000034   Code   RO          404    i.BT_Pack           app_bridge.o
    0x08001432   0x08001432   0x00000052   Code   RO          405    i.BT_Unpack         app_bridge.o
    0x08001484   0x08001484   0x00000050   Code   RO          406    i.Bridge_Init       app_bridge.o
    0x080014d4   0x080014d4   0x000000d0   Code   RO          407    i.Bridge_Process    app_bridge.o
    0x080015a4   0x080015a4   0x000000b8   Code   RO          408    i.Bridge_RadioCallback  app_bridge.o
    0x0800165c   0x0800165c   0x00000018   Code   RO          299    i.DMA1_Channel2_3_IRQHandler  stm32f0xx_it.o
    0x08001674   0x08001674   0x00000018   Code   RO          300    i.DMA1_Channel4_5_6_7_IRQHandler  stm32f0xx_it.o
    0x0800168c   0x0800168c   0x00000020   Code   RO         2748    i.DMA_CalcBaseAndBitshift  stm32f0xx_hal_dma.o
    0x080016ac   0x080016ac   0x0000002a   Code   RO         2749    i.DMA_SetConfig     stm32f0xx_hal_dma.o
    0x080016d6   0x080016d6   0x0000000a   Code   RO          301    i.EXTI2_3_IRQHandler  stm32f0xx_it.o
    0x080016e0   0x080016e0   0x00000006   Code   RO           12    i.Error_Handler     main.o
    0x080016e6   0x080016e6   0x00000052   Code   RO         2750    i.HAL_DMA_Abort     stm32f0xx_hal_dma.o
    0x08001738   0x08001738   0x00000058   Code   RO         2751    i.HAL_DMA_Abort_IT  stm32f0xx_hal_dma.o
    0x08001790   0x08001790   0x000000f0   Code   RO         2755    i.HAL_DMA_IRQHandler  stm32f0xx_hal_dma.o
    0x08001880   0x08001880   0x0000005c   Code   RO         2756    i.HAL_DMA_Init      stm32f0xx_hal_dma.o
    0x080018dc   0x080018dc   0x0000009a   Code   RO         2760    i.HAL_DMA_Start_IT  stm32f0xx_hal_dma.o
    0x08001976   0x08001976   0x00000002   PAD
    0x08001978   0x08001978   0x0000002c   Code   RO         2015    i.HAL_Delay         stm32f0xx_hal.o
    0x080019a4   0x080019a4   0x0000000c   Code   RO         1345    i.HAL_Delay_nMS     sx126x-board.o
    0x080019b0   0x080019b0   0x00000020   Code   RO          668    i.HAL_GPIO_EXTI_Callback  myradio_gpio.o
    0x080019d0   0x080019d0   0x00000020   Code   RO         2688    i.HAL_GPIO_EXTI_IRQHandler  stm32f0xx_hal_gpio.o
    0x080019f0   0x080019f0   0x000001fc   Code   RO         2689    i.HAL_GPIO_Init     stm32f0xx_hal_gpio.o
    0x08001bec   0x08001bec   0x00000012   Code   RO         2691    i.HAL_GPIO_ReadPin  stm32f0xx_hal_gpio.o
    0x08001bfe   0x08001bfe   0x0000000c   Code   RO         2693    i.HAL_GPIO_WritePin  stm32f0xx_hal_gpio.o
    0x08001c0a   0x08001c0a   0x00000002   PAD
    0x08001c0c   0x08001c0c   0x0000000c   Code   RO         2019    i.HAL_GetTick       stm32f0xx_hal.o
    0x08001c18   0x08001c18   0x00000018   Code   RO         2025    i.HAL_IncTick       stm32f0xx_hal.o
    0x08001c30   0x08001c30   0x00000020   Code   RO         2026    i.HAL_Init          stm32f0xx_hal.o
    0x08001c50   0x08001c50   0x00000054   Code   RO         2027    i.HAL_InitTick      stm32f0xx_hal.o
    0x08001ca4   0x08001ca4   0x00000040   Code   RO          383    i.HAL_MspInit       stm32f0xx_hal_msp.o
    0x08001ce4   0x08001ce4   0x0000001c   Code   RO         2846    i.HAL_NVIC_EnableIRQ  stm32f0xx_hal_cortex.o
    0x08001d00   0x08001d00   0x00000012   Code   RO         2850    i.HAL_NVIC_SetPriority  stm32f0xx_hal_cortex.o
    0x08001d12   0x08001d12   0x00000002   PAD
    0x08001d14   0x08001d14   0x000001a4   Code   RO         1935    i.HAL_RCCEx_PeriphCLKConfig  stm32f0xx_hal_rcc_ex.o
    0x08001eb8   0x08001eb8   0x00000184   Code   RO         1830    i.HAL_RCC_ClockConfig  stm32f0xx_hal_rcc.o
    0x0800203c   0x0800203c   0x0000000c   Code   RO         1835    i.HAL_RCC_GetHCLKFreq  stm32f0xx_hal_rcc.o
    0x08002048   0x08002048   0x00000024   Code   RO         1837    i.HAL_RCC_GetPCLK1Freq  stm32f0xx_hal_rcc.o
    0x0800206c   0x0800206c   0x000000d4   Code   RO         1838    i.HAL_RCC_GetSysClockFreq  stm32f0xx_hal_rcc.o
    0x08002140   0x08002140   0x0000063c   Code   RO         1841    i.HAL_RCC_OscConfig  stm32f0xx_hal_rcc.o
    0x0800277c   0x0800277c   0x00000002   Code   RO         1493    i.HAL_SPI_ErrorCallback  stm32f0xx_hal_spi.o
    0x0800277e   0x0800277e   0x00000002   PAD
    0x08002780   0x08002780   0x0000019c   Code   RO         1496    i.HAL_SPI_IRQHandler  stm32f0xx_hal_spi.o
    0x0800291c   0x0800291c   0x0000010c   Code   RO         1497    i.HAL_SPI_Init      stm32f0xx_hal_spi.o
    0x08002a28   0x08002a28   0x00000108   Code   RO          218    i.HAL_SPI_MspInit   spi.o
    0x08002b30   0x08002b30   0x000001d8   Code   RO         1500    i.HAL_SPI_Receive   stm32f0xx_hal_spi.o
    0x08002d08   0x08002d08   0x000001da   Code   RO         1505    i.HAL_SPI_Transmit  stm32f0xx_hal_spi.o
    0x08002ee2   0x08002ee2   0x00000282   Code   RO         1506    i.HAL_SPI_TransmitReceive  stm32f0xx_hal_spi.o
    0x08003164   0x08003164   0x00000038   Code   RO         2854    i.HAL_SYSTICK_Config  stm32f0xx_hal_cortex.o
    0x0800319c   0x0800319c   0x00000088   Code   RO         3773    i.HAL_UARTEx_ReceiveToIdle_DMA  stm32f0xx_hal_uart_ex.o
    0x08003224   0x08003224   0x00000024   Code   RO          409    i.HAL_UARTEx_RxEventCallback  app_bridge.o
    0x08003248   0x08003248   0x00000002   Code   RO         3776    i.HAL_UARTEx_WakeupCallback  stm32f0xx_hal_uart_ex.o
    0x0800324a   0x0800324a   0x00000002   Code   RO         3386    i.HAL_UART_ErrorCallback  stm32f0xx_hal_uart.o
    0x0800324c   0x0800324c   0x000003d0   Code   RO         3389    i.HAL_UART_IRQHandler  stm32f0xx_hal_uart.o
    0x0800361c   0x0800361c   0x0000007e   Code   RO         3390    i.HAL_UART_Init     stm32f0xx_hal_uart.o
    0x0800369a   0x0800369a   0x00000002   PAD
    0x0800369c   0x0800369c   0x00000184   Code   RO          256    i.HAL_UART_MspInit  usart.o
    0x08003820   0x08003820   0x00000002   Code   RO         3397    i.HAL_UART_RxCpltCallback  stm32f0xx_hal_uart.o
    0x08003822   0x08003822   0x00000002   Code   RO         3398    i.HAL_UART_RxHalfCpltCallback  stm32f0xx_hal_uart.o
    0x08003824   0x08003824   0x000000c8   Code   RO         3400    i.HAL_UART_Transmit_DMA  stm32f0xx_hal_uart.o
    0x080038ec   0x080038ec   0x00000038   Code   RO          410    i.HAL_UART_TxCpltCallback  app_bridge.o
    0x08003924   0x08003924   0x00000002   Code   RO         3403    i.HAL_UART_TxHalfCpltCallback  stm32f0xx_hal_uart.o
    0x08003926   0x08003926   0x00000004   Code   RO          302    i.HardFault_Handler  stm32f0xx_it.o
    0x0800392a   0x0800392a   0x00000002   PAD
    0x0800392c   0x0800392c   0x00000044   Code   RO          197    i.MX_DMA_Init       dma.o
    0x08003970   0x08003970   0x00000110   Code   RO          177    i.MX_GPIO_Init      gpio.o
    0x08003a80   0x08003a80   0x00000054   Code   RO          219    i.MX_SPI1_Init      spi.o
    0x08003ad4   0x08003ad4   0x00000044   Code   RO          257    i.MX_USART2_UART_Init  usart.o
    0x08003b18   0x08003b18   0x00000044   Code   RO          258    i.MX_USART4_UART_Init  usart.o
    0x08003b5c   0x08003b5c   0x00000004   Code   RO          303    i.NMI_Handler       stm32f0xx_it.o
    0x08003b60   0x08003b60   0x0000006c   Code   RO          467    i.OnRxDone          myradio.o
    0x08003bcc   0x08003bcc   0x0000003c   Code   RO          468    i.OnRxError         myradio.o
    0x08003c08   0x08003c08   0x0000003c   Code   RO          469    i.OnRxTimeout       myradio.o
    0x08003c44   0x08003c44   0x00000044   Code   RO          470    i.OnTxDone          myradio.o
    0x08003c88   0x08003c88   0x0000003c   Code   RO          471    i.OnTxTimeout       myradio.o
    0x08003cc4   0x08003cc4   0x00000002   Code   RO          304    i.PendSV_Handler    stm32f0xx_it.o
    0x08003cc6   0x08003cc6   0x00000002   PAD
    0x08003cc8   0x08003cc8   0x00000018   Code   RO          669    i.READ_RF_SX126x_BUSY  myradio_gpio.o
    0x08003ce0   0x08003ce0   0x00000014   Code   RO          672    i.RF_SX126x_EXT_PA_RE_H  myradio_gpio.o
    0x08003cf4   0x08003cf4   0x00000014   Code   RO          673    i.RF_SX126x_EXT_PA_RE_L  myradio_gpio.o
    0x08003d08   0x08003d08   0x00000014   Code   RO          674    i.RF_SX126x_EXT_PA_TE_H  myradio_gpio.o
    0x08003d1c   0x08003d1c   0x00000014   Code   RO          675    i.RF_SX126x_EXT_PA_TE_L  myradio_gpio.o
    0x08003d30   0x08003d30   0x00000014   Code   RO          680    i.RF_SX126x_RST_H   myradio_gpio.o
    0x08003d44   0x08003d44   0x00000014   Code   RO          681    i.RF_SX126x_RST_L   myradio_gpio.o
    0x08003d58   0x08003d58   0x00000006   Code   RO          803    i.RadioCheckRfFrequency  radio.o
    0x08003d5e   0x08003d5e   0x00000002   PAD
    0x08003d60   0x08003d60   0x0000003c   Code   RO          804    i.RadioGetFskBandwidthRegValue  radio.o
    0x08003d9c   0x08003d9c   0x00000024   Code   RO          805    i.RadioGetStatus    radio.o
    0x08003dc0   0x08003dc0   0x00000004   Code   RO          806    i.RadioGetWakeupTime  radio.o
    0x08003dc4   0x08003dc4   0x00000050   Code   RO          807    i.RadioInit         radio.o
    0x08003e14   0x08003e14   0x00000164   Code   RO          808    i.RadioIrqProcess   radio.o
    0x08003f78   0x08003f78   0x0000002e   Code   RO          809    i.RadioIsChannelFree  radio.o
    0x08003fa6   0x08003fa6   0x00000002   PAD
    0x08003fa8   0x08003fa8   0x0000000c   Code   RO          810    i.RadioOnDioIrq     radio.o
    0x08003fb4   0x08003fb4   0x00000036   Code   RO          813    i.RadioRandom       radio.o
    0x08003fea   0x08003fea   0x0000000c   Code   RO          814    i.RadioRead         radio.o
    0x08003ff6   0x08003ff6   0x00000014   Code   RO          815    i.RadioReadBuffer   radio.o
    0x0800400a   0x0800400a   0x0000000a   Code   RO          817    i.RadioRssi         radio.o
    0x08004014   0x08004014   0x00000034   Code   RO          818    i.RadioRx           radio.o
    0x08004048   0x08004048   0x00000034   Code   RO          819    i.RadioRxBoosted    radio.o
    0x0800407c   0x0800407c   0x00000040   Code   RO          820    i.RadioSend         radio.o
    0x080040bc   0x080040bc   0x0000000c   Code   RO          821    i.RadioSetChannel   radio.o
    0x080040c8   0x080040c8   0x00000038   Code   RO          822    i.RadioSetMaxPayloadLength  radio.o
    0x08004100   0x08004100   0x00000048   Code   RO          823    i.RadioSetModem     radio.o
    0x08004148   0x08004148   0x00000044   Code   RO          824    i.RadioSetPublicNetwork  radio.o
    0x0800418c   0x0800418c   0x00000228   Code   RO          825    i.RadioSetRxConfig  radio.o
    0x080043b4   0x080043b4   0x00000010   Code   RO          826    i.RadioSetRxDutyCycle  radio.o
    0x080043c4   0x080043c4   0x000001a0   Code   RO          827    i.RadioSetTxConfig  radio.o
    0x08004564   0x08004564   0x0000001a   Code   RO          828    i.RadioSetTxContinuousWave  radio.o
    0x0800457e   0x0800457e   0x00000020   Code   RO          830    i.RadioSleep        radio.o
    0x0800459e   0x0800459e   0x0000000a   Code   RO          831    i.RadioStandby      radio.o
    0x080045a8   0x080045a8   0x00000008   Code   RO          832    i.RadioStartCad     radio.o
    0x080045b0   0x080045b0   0x00000220   Code   RO          833    i.RadioTimeOnAir    radio.o
    0x080047d0   0x080047d0   0x00000010   Code   RO          835    i.RadioWrite        radio.o
    0x080047e0   0x080047e0   0x00000014   Code   RO          836    i.RadioWriteBuffer  radio.o
    0x080047f4   0x080047f4   0x00000010   Code   RO          305    i.SPI1_IRQHandler   stm32f0xx_it.o
    0x08004804   0x08004804   0x00000018   Code   RO         1524    i.SPI_DMAAbortOnError  stm32f0xx_hal_spi.o
    0x0800481c   0x0800481c   0x0000008e   Code   RO         1534    i.SPI_EndRxTransaction  stm32f0xx_hal_spi.o
    0x080048aa   0x080048aa   0x0000006a   Code   RO         1535    i.SPI_EndRxTxTransaction  stm32f0xx_hal_spi.o
    0x08004914   0x08004914   0x000000fc   Code   RO         1540    i.SPI_WaitFifoStateUntilTimeout  stm32f0xx_hal_spi.o
    0x08004a10   0x08004a10   0x000000dc   Code   RO         1541    i.SPI_WaitFlagStateUntilTimeout  stm32f0xx_hal_spi.o
    0x08004aec   0x08004aec   0x00000002   Code   RO          306    i.SVC_Handler       stm32f0xx_it.o
    0x08004aee   0x08004aee   0x00000002   Code   RO         1346    i.SX126xAntSwOff    sx126x-board.o
    0x08004af0   0x08004af0   0x00000002   Code   RO         1347    i.SX126xAntSwOn     sx126x-board.o
    0x08004af2   0x08004af2   0x0000000e   Code   RO         1046    i.SX126xCalibrate   sx126x.o
    0x08004b00   0x08004b00   0x00000088   Code   RO         1047    i.SX126xCalibrateImage  sx126x.o
    0x08004b88   0x08004b88   0x00000020   Code   RO         1048    i.SX126xCheckDeviceReady  sx126x.o
    0x08004ba8   0x08004ba8   0x0000001a   Code   RO         1050    i.SX126xClearIrqStatus  sx126x.o
    0x08004bc2   0x08004bc2   0x00000002   PAD
    0x08004bc4   0x08004bc4   0x0000000c   Code   RO         1051    i.SX126xEnableTxco  sx126x.o
    0x08004bd0   0x08004bd0   0x00000018   Code   RO         1053    i.SX126xGetIrqStatus  sx126x.o
    0x08004be8   0x08004be8   0x0000000c   Code   RO         1054    i.SX126xGetOperatingMode  sx126x.o
    0x08004bf4   0x08004bf4   0x00000006   Code   RO         1349    i.SX126xGetPaSelect  sx126x-board.o
    0x08004bfa   0x08004bfa   0x00000002   PAD
    0x08004bfc   0x08004bfc   0x000000a0   Code   RO         1055    i.SX126xGetPacketStatus  sx126x.o
    0x08004c9c   0x08004c9c   0x0000000c   Code   RO         1056    i.SX126xGetPacketType  sx126x.o
    0x08004ca8   0x08004ca8   0x0000002e   Code   RO         1057    i.SX126xGetPayload  sx126x.o
    0x08004cd6   0x08004cd6   0x0000001c   Code   RO         1059    i.SX126xGetRssiInst  sx126x.o
    0x08004cf2   0x08004cf2   0x00000002   PAD
    0x08004cf4   0x08004cf4   0x00000044   Code   RO         1060    i.SX126xGetRxBufferStatus  sx126x.o
    0x08004d38   0x08004d38   0x0000004c   Code   RO         1062    i.SX126xInit        sx126x.o
    0x08004d84   0x08004d84   0x00000034   Code   RO         1350    i.SX126xReadBuffer  sx126x-board.o
    0x08004db8   0x08004db8   0x00000036   Code   RO         1351    i.SX126xReadCommand  sx126x-board.o
    0x08004dee   0x08004dee   0x00000014   Code   RO         1352    i.SX126xReadRegister  sx126x-board.o
    0x08004e02   0x08004e02   0x00000048   Code   RO         1353    i.SX126xReadRegisters  sx126x-board.o
    0x08004e4a   0x08004e4a   0x0000001e   Code   RO         1354    i.SX126xReset       sx126x-board.o
    0x08004e68   0x08004e68   0x00000018   Code   RO         1063    i.SX126xSendPayload  sx126x.o
    0x08004e80   0x08004e80   0x00000018   Code   RO         1064    i.SX126xSetBufferBaseAddress  sx126x.o
    0x08004e98   0x08004e98   0x00000018   Code   RO         1065    i.SX126xSetCad      sx126x.o
    0x08004eb0   0x08004eb0   0x0000002c   Code   RO         1067    i.SX126xSetCrcPolynomial  sx126x.o
    0x08004edc   0x08004edc   0x0000002c   Code   RO         1068    i.SX126xSetCrcSeed  sx126x.o
    0x08004f08   0x08004f08   0x0000000e   Code   RO         1069    i.SX126xSetDio2AsRfSwitchCtrl  sx126x.o
    0x08004f16   0x08004f16   0x0000002c   Code   RO         1070    i.SX126xSetDio3AsTcxoCtrl  sx126x.o
    0x08004f42   0x08004f42   0x0000003e   Code   RO         1071    i.SX126xSetDioIrqParams  sx126x.o
    0x08004f80   0x08004f80   0x0000000e   Code   RO         1073    i.SX126xSetLoRaSymbNumTimeout  sx126x.o
    0x08004f8e   0x08004f8e   0x00000002   PAD
    0x08004f90   0x08004f90   0x0000010c   Code   RO         1074    i.SX126xSetModulationParams  sx126x.o
    0x0800509c   0x0800509c   0x00000020   Code   RO         1075    i.SX126xSetPaConfig  sx126x.o
    0x080050bc   0x080050bc   0x000000d4   Code   RO         1076    i.SX126xSetPacketParams  sx126x.o
    0x08005190   0x08005190   0x0000001c   Code   RO         1077    i.SX126xSetPacketType  sx126x.o
    0x080051ac   0x080051ac   0x00000012   Code   RO         1078    i.SX126xSetPayload  sx126x.o
    0x080051be   0x080051be   0x0000000e   Code   RO         1079    i.SX126xSetRegulatorMode  sx126x.o
    0x080051cc   0x080051cc   0x00000088   Code   RO         1080    i.SX126xSetRfFrequency  sx126x.o
    0x08005254   0x08005254   0x0000000e   Code   RO         1355    i.SX126xSetRfTxPower  sx126x-board.o
    0x08005262   0x08005262   0x00000002   PAD
    0x08005264   0x08005264   0x0000002c   Code   RO         1081    i.SX126xSetRx       sx126x.o
    0x08005290   0x08005290   0x00000038   Code   RO         1082    i.SX126xSetRxBoosted  sx126x.o
    0x080052c8   0x080052c8   0x00000040   Code   RO         1083    i.SX126xSetRxDutyCycle  sx126x.o
    0x08005308   0x08005308   0x0000001c   Code   RO         1085    i.SX126xSetSleep    sx126x.o
    0x08005324   0x08005324   0x00000028   Code   RO         1086    i.SX126xSetStandby  sx126x.o
    0x0800534c   0x0800534c   0x0000000e   Code   RO         1087    i.SX126xSetStopRxTimerOnPreambleDetect  sx126x.o
    0x0800535a   0x0800535a   0x00000014   Code   RO         1088    i.SX126xSetSyncWord  sx126x.o
    0x0800536e   0x0800536e   0x00000002   PAD
    0x08005370   0x08005370   0x0000002c   Code   RO         1089    i.SX126xSetTx       sx126x.o
    0x0800539c   0x0800539c   0x0000000e   Code   RO         1090    i.SX126xSetTxContinuousWave  sx126x.o
    0x080053aa   0x080053aa   0x00000002   PAD
    0x080053ac   0x080053ac   0x00000088   Code   RO         1092    i.SX126xSetTxParams  sx126x.o
    0x08005434   0x08005434   0x00000040   Code   RO         1093    i.SX126xSetWhiteningSeed  sx126x.o
    0x08005474   0x08005474   0x0000000e   Code   RO         1356    i.SX126xWaitOnBusy  sx126x-board.o
    0x08005482   0x08005482   0x0000001c   Code   RO         1357    i.SX126xWakeup      sx126x-board.o
    0x0800549e   0x0800549e   0x0000002e   Code   RO         1358    i.SX126xWriteBuffer  sx126x-board.o
    0x080054cc   0x080054cc   0x00000034   Code   RO         1359    i.SX126xWriteCommand  sx126x-board.o
    0x08005500   0x08005500   0x00000010   Code   RO         1360    i.SX126xWriteRegister  sx126x-board.o
    0x08005510   0x08005510   0x00000042   Code   RO         1361    i.SX126xWriteRegisters  sx126x-board.o
    0x08005552   0x08005552   0x00000008   Code   RO          307    i.SysTick_Handler   stm32f0xx_it.o
    0x0800555a   0x0800555a   0x0000007c   Code   RO           13    i.SystemClock_Config  main.o
    0x080055d6   0x080055d6   0x00000002   Code   RO         3857    i.SystemInit        system_stm32f0xx.o
    0x080055d8   0x080055d8   0x000000f0   Code   RO         3404    i.UART_AdvFeatureConfig  stm32f0xx_hal_uart.o
    0x080056c8   0x080056c8   0x00000100   Code   RO         3405    i.UART_CheckIdleState  stm32f0xx_hal_uart.o
    0x080057c8   0x080057c8   0x00000018   Code   RO         3406    i.UART_DMAAbortOnError  stm32f0xx_hal_uart.o
    0x080057e0   0x080057e0   0x00000058   Code   RO         3407    i.UART_DMAError     stm32f0xx_hal_uart.o
    0x08005838   0x08005838   0x000000c6   Code   RO         3408    i.UART_DMAReceiveCplt  stm32f0xx_hal_uart.o
    0x080058fe   0x080058fe   0x00000026   Code   RO         3410    i.UART_DMARxHalfCplt  stm32f0xx_hal_uart.o
    0x08005924   0x08005924   0x0000005e   Code   RO         3412    i.UART_DMATransmitCplt  stm32f0xx_hal_uart.o
    0x08005982   0x08005982   0x0000000e   Code   RO         3414    i.UART_DMATxHalfCplt  stm32f0xx_hal_uart.o
    0x08005990   0x08005990   0x00000080   Code   RO         3416    i.UART_EndRxTransfer  stm32f0xx_hal_uart.o
    0x08005a10   0x08005a10   0x00000036   Code   RO         3417    i.UART_EndTransmit_IT  stm32f0xx_hal_uart.o
    0x08005a46   0x08005a46   0x0000002c   Code   RO         3418    i.UART_EndTxTransfer  stm32f0xx_hal_uart.o
    0x08005a72   0x08005a72   0x00000002   PAD
    0x08005a74   0x08005a74   0x000001f0   Code   RO         3421    i.UART_SetConfig    stm32f0xx_hal_uart.o
    0x08005c64   0x08005c64   0x000000dc   Code   RO         3422    i.UART_Start_Receive_DMA  stm32f0xx_hal_uart.o
    0x08005d40   0x08005d40   0x000000b4   Code   RO         3426    i.UART_WaitOnFlagUntilTimeout  stm32f0xx_hal_uart.o
    0x08005df4   0x08005df4   0x00000010   Code   RO          308    i.USART2_IRQHandler  stm32f0xx_it.o
    0x08005e04   0x08005e04   0x00000010   Code   RO          309    i.USART3_4_IRQHandler  stm32f0xx_it.o
    0x08005e14   0x08005e14   0x00000030   Code   RO         1917    i.__ARM_common_ll_muluu  stm32f0xx_hal_rcc.o
    0x08005e44   0x08005e44   0x0000001c   Code   RO          460    i.__ARM_common_switch8  app_bridge.o
    0x08005e60   0x08005e60   0x0000002c   Code   RO         4015    i.__ARM_fpclassify  m_ps.l(fpclassify.o)
    0x08005e8c   0x08005e8c   0x00000078   Code   RO         2856    i.__NVIC_SetPriority  stm32f0xx_hal_cortex.o
    0x08005f04   0x08005f04   0x00000006   Code   RO         3427    i.__get_PRIMASK     stm32f0xx_hal_uart.o
    0x08005f0a   0x08005f0a   0x00000006   Code   RO         3778    i.__get_PRIMASK     stm32f0xx_hal_uart_ex.o
    0x08005f10   0x08005f10   0x000000ac   Code   RO         4017    i.__kernel_poly     m_ps.l(poly.o)
    0x08005fbc   0x08005fbc   0x00000014   Code   RO         4001    i.__mathlib_dbl_divzero  m_ps.l(dunder.o)
    0x08005fd0   0x08005fd0   0x00000008   Code   RO         4003    i.__mathlib_dbl_infnan2  m_ps.l(dunder.o)
    0x08005fd8   0x08005fd8   0x00000010   Code   RO         4004    i.__mathlib_dbl_invalid  m_ps.l(dunder.o)
    0x08005fe8   0x08005fe8   0x00000014   Code   RO         4005    i.__mathlib_dbl_overflow  m_ps.l(dunder.o)
    0x08005ffc   0x08005ffc   0x00000014   Code   RO         4007    i.__mathlib_dbl_underflow  m_ps.l(dunder.o)
    0x08006010   0x08006010   0x00000006   Code   RO         3428    i.__set_PRIMASK     stm32f0xx_hal_uart.o
    0x08006016   0x08006016   0x00000006   Code   RO         3779    i.__set_PRIMASK     stm32f0xx_hal_uart_ex.o
    0x0800601c   0x0800601c   0x000000c8   Code   RO         3951    i.ceil              m_ps.l(ceil.o)
    0x080060e4   0x080060e4   0x000000c8   Code   RO         3955    i.floor             m_ps.l(floor.o)
    0x080061ac   0x080061ac   0x0000000c   Code   RO          472    i.getLoRaSta        myradio.o
    0x080061b8   0x080061b8   0x00000058   Code   RO           14    i.main              main.o
    0x08006210   0x08006210   0x00000024   Code   RO          682    i.myRadioSpi_rBuffer  myradio_gpio.o
    0x08006234   0x08006234   0x00000024   Code   RO          683    i.myRadioSpi_rwByte  myradio_gpio.o
    0x08006258   0x08006258   0x00000024   Code   RO          684    i.myRadioSpi_wBuffer  myradio_gpio.o
    0x0800627c   0x0800627c   0x0000000a   Code   RO          480    i.myRadio_gpioCallback  myradio.o
    0x08006286   0x08006286   0x00000002   PAD
    0x08006288   0x08006288   0x00000020   Code   RO          685    i.myRadio_gpio_init  myradio_gpio.o
    0x080062a8   0x080062a8   0x0000014c   Code   RO          481    i.myRadio_init      myradio.o
    0x080063f4   0x080063f4   0x00000034   Code   RO          482    i.myRadio_process   myradio.o
    0x08006428   0x08006428   0x00000038   Code   RO          483    i.myRadio_receiver  myradio.o
    0x08006460   0x08006460   0x000000b4   Code   RO          484    i.myRadio_setBaudrate  myradio.o
    0x08006514   0x08006514   0x0000000c   Code   RO          485    i.myRadio_setChipType  myradio.o
    0x08006520   0x08006520   0x0000002c   Code   RO          487    i.myRadio_setFrequency  myradio.o
    0x0800654c   0x0800654c   0x00000028   Code   RO          489    i.myRadio_setTxPower  myradio.o
    0x08006574   0x08006574   0x00000044   Code   RO          490    i.myRadio_transmit  myradio.o
    0x080065b8   0x080065b8   0x000009fc   Code   RO         3959    i.pow               m_ps.l(pow.o)
    0x08006fb4   0x08006fb4   0x00000008   Code   RO         3968    i.rint              m_ps.l(rint.o)
    0x08006fbc   0x08006fbc   0x00000048   Code   RO         4021    i.sqrt              m_ps.l(sqrt.o)
    0x08007004   0x08007004   0x00000068   Code   RO         3948    x$fpl$drleqf        fz_ps.l(drlef.o)
    0x0800706c   0x0800706c   0x00000000   Code   RO         4000    x$fpl$usenofp       fz_ps.l(usenofp.o)
    0x0800706c   0x0800706c   0x00000018   Data   RO          493    .constdata          myradio.o
    0x08007084   0x08007084   0x00000120   Data   RO          839    .constdata          radio.o
    0x080071a4   0x080071a4   0x00000020   Data   RO         1842    .constdata          stm32f0xx_hal_rcc.o
    0x080071c4   0x080071c4   0x00000018   Data   RO         3858    .constdata          system_stm32f0xx.o
    0x080071dc   0x080071dc   0x00000080   Data   RO         3940    .constdata          fz_ps.l(ddiv.o)
    0x0800725c   0x0800725c   0x00000004   PAD
    0x08007260   0x08007260   0x00000088   Data   RO         3960    .constdata          m_ps.l(pow.o)
    0x080072e8   0x080072e8   0x00000008   Data   RO         4019    .constdata          m_ps.l(qnan.o)
    0x080072f0   0x080072f0   0x00000020   Data   RO         4375    Region$$Table       anon$$obj.o


    Execution Region RW_IRAM1 (Exec base: 0x20000000, Load base: 0x08007310, Size: 0x00000ea0, Max: 0x00004000, ABSOLUTE, COMPRESSED[0x0000003c])

    Exec Addr    Load Addr    Size         Type   Attr      Idx    E Section Name        Object

    0x20000000   COMPRESSED   0x00000014   Data   RW          412    .data               app_bridge.o
    0x20000014   COMPRESSED   0x00000020   Data   RW          494    .data               myradio.o
    0x20000034   COMPRESSED   0x00000004   Data   RW          686    .data               myradio_gpio.o
    0x20000038   COMPRESSED   0x000000e4   Data   RW          840    .data               radio.o
    0x2000011c   COMPRESSED   0x0000000a   Data   RW         1094    .data               sx126x.o
    0x20000126   COMPRESSED   0x00000002   PAD
    0x20000128   COMPRESSED   0x00000009   Data   RW         2033    .data               stm32f0xx_hal.o
    0x20000131   COMPRESSED   0x00000003   PAD
    0x20000134   COMPRESSED   0x00000004   Data   RW         3859    .data               system_stm32f0xx.o
    0x20000138        -       0x000000ec   Zero   RW          220    .bss                spi.o
    0x20000224        -       0x00000198   Zero   RW          259    .bss                usart.o
    0x200003bc        -       0x00000313   Zero   RW          411    .bss                app_bridge.o
    0x200006cf   COMPRESSED   0x00000001   PAD
    0x200006d0        -       0x0000001c   Zero   RW          492    .bss                myradio.o
    0x200006ec        -       0x00000150   Zero   RW          838    .bss                radio.o
    0x2000083c        -       0x00000060   Zero   RW         4080    .bss                c_p.l(libspace.o)
    0x2000089c   COMPRESSED   0x00000004   PAD
    0x200008a0        -       0x00000200   Zero   RW            2    HEAP                startup_stm32f072xb.o
    0x20000aa0        -       0x00000400   Zero   RW            1    STACK               startup_stm32f072xb.o


==============================================================================

Image component sizes


      Code (inc. data)   RO Data    RW Data    ZI Data      Debug   Object Name

       754        142          0         20        787       5557   app_bridge.o
        68          4          0          0          0        706   dma.o
       272         12          0          0          0        935   gpio.o
       218          8          0          0          0     482244   main.o
      1162        202         24         32         28      14440   myradio.o
       348         66          0          4          0       7060   myradio_gpio.o
      2712        208        288        228        336      20013   radio.o
       348         28          0          0        236       1739   spi.o
        56         26        192          0       1536        620   startup_stm32f072xb.o
       196         38          0          9          0       8361   stm32f0xx_hal.o
       222         26          0          0          0      10277   stm32f0xx_hal_cortex.o
       730         10          0          0          0       5050   stm32f0xx_hal_dma.o
       570         34          0          0          0       3134   stm32f0xx_hal_gpio.o
        64          4          0          0          0        790   stm32f0xx_hal_msp.o
      2292         80         32          0          0       5133   stm32f0xx_hal_rcc.o
       420         14          0          0          0       1496   stm32f0xx_hal_rcc_ex.o
      3014         16          0          0          0      10847   stm32f0xx_hal_spi.o
      3396         76          0          0          0      19863   stm32f0xx_hal_uart.o
       150          0          0          0          0       2679   stm32f0xx_hal_uart_ex.o
       126         34          0          0          0       4730   stm32f0xx_it.o
       486          0          0          0          0       8650   sx126x-board.o
      2172        168          0         10          0      21946   sx126x.o
         2          0         24          4          0       1055   system_stm32f0xx.o
       524         44          0          0        408       2377   usart.o

    ----------------------------------------------------------------------
     20338       1240        592        312       3332     639702   Object Totals
         0          0         32          0          0          0   (incl. Generated)
        36          0          0          5          1          0   (incl. Padding)

    ----------------------------------------------------------------------

      Code (inc. data)   RO Data    RW Data    ZI Data      Debug   Library Member Name

        86          0          0          0          0          0   __dczerorl2.o
         8          0          0          0          0         68   __main.o
         0          0          0          0          0          0   __rtentry.o
        12          0          0          0          0          0   __rtentry2.o
         6          0          0          0          0          0   __rtentry4.o
        60          8          0          0          0          0   __scatter.o
        28          0          0          0          0          0   __scatter_zi.o
        22          0          0          0          0         92   _rserrno.o
       346          0          0          0          0         92   aeabi_sdiv.o
        16          0          0          0          0         68   exit.o
         6          0          0          0          0        136   heapauxi.o
         0          0          0          0          0          0   indicate_semi.o
         2          0          0          0          0          0   libinit.o
         2          0          0          0          0          0   libinit2.o
         2          0          0          0          0          0   libshutdown.o
         2          0          0          0          0          0   libshutdown2.o
         8          4          0          0         96         68   libspace.o
       258          0          0          0          0         88   lludiv.o
         8          4          0          0          0         68   rt_errno_addr_intlibspace.o
        64          0          0          0          0        108   rt_memclr.o
       186          0          0          0          0        144   rt_memcpy.o
         2          0          0          0          0          0   rtexit.o
        10          0          0          0          0          0   rtexit2.o
        12          4          0          0          0         60   sys_exit.o
        62          0          0          0          0         80   sys_stackheap_outer.o
         2          0          0          0          0         68   use_no_semi.o
        46          0          0          0          0         60   cmpret.o
       856         20          0          0          0        208   daddsub.o
       144          4          0          0          0         76   dcmpin.o
      1096         26        128          0          0        112   ddiv.o
        72          4          0          0          0         68   dfixui.o
        88          0          0          0          0         92   dflti.o
       584         26          0          0          0         84   dmul.o
        20          6          0          0          0         68   dnan2.o
       104          4          0          0          0        104   drlef.o
       240          8          0          0          0         76   drnd.o
        96         12          0          0          0         72   dscalbn.o
       256          8          0          0          0         76   dsqrt.o
        94          0          0          0          0         68   retnan.o
         0          0          0          0          0          0   usenofp.o
       200         20          0          0          0         76   ceil.o
        84         14          0          0          0        340   dunder.o
       200         20          0          0          0         76   floor.o
        44          4          0          0          0         60   fpclassify.o
       172          0          0          0          0         76   poly.o
      2556        196        136          0          0        240   pow.o
         0          0          8          0          0          0   qnan.o
         8          0          0          0          0         68   rint.o
        72          6          0          0          0         76   sqrt.o

    ----------------------------------------------------------------------
      8250        398        276          0        100       3316   Library Totals
         8          0          4          0          4          0   (incl. Padding)

    ----------------------------------------------------------------------

      Code (inc. data)   RO Data    RW Data    ZI Data      Debug   Library Name

      1210         20          0          0         96       1140   c_p.l
      3696        118        128          0          0       1164   fz_ps.l
      3336        260        144          0          0       1012   m_ps.l

    ----------------------------------------------------------------------
      8250        398        276          0        100       3316   Library Totals

    ----------------------------------------------------------------------

==============================================================================


      Code (inc. data)   RO Data    RW Data    ZI Data      Debug   

     28588       1638        868        312       3432     632426   Grand Totals
     28588       1638        868         60       3432     632426   ELF Image Totals (compressed)
     28588       1638        868         60          0          0   ROM Totals

==============================================================================

    Total RO  Size (Code + RO Data)                29456 (  28.77kB)
    Total RW  Size (RW Data + ZI Data)              3744 (   3.66kB)
    Total ROM Size (Code + RO Data + RW Data)      29516 (  28.82kB)

==============================================================================

